Component: ARM Compiler 5.06 update 7 (build 960) Tool: armlink [4d3601]

==============================================================================

Section Cross References

    startup_stm32f407xx.o(STACK) refers (Special) to heapauxi.o(.text) for __use_two_region_memory
    startup_stm32f407xx.o(HEAP) refers (Special) to heapauxi.o(.text) for __use_two_region_memory
    startup_stm32f407xx.o(RESET) refers (Special) to heapauxi.o(.text) for __use_two_region_memory
    startup_stm32f407xx.o(RESET) refers to startup_stm32f407xx.o(STACK) for __initial_sp
    startup_stm32f407xx.o(RESET) refers to startup_stm32f407xx.o(.text) for Reset_Handler
    startup_stm32f407xx.o(RESET) refers to stm32f4xx_it.o(i.NMI_Handler) for NMI_Handler
    startup_stm32f407xx.o(RESET) refers to stm32f4xx_it.o(i.HardFault_Handler) for HardFault_Handler
    startup_stm32f407xx.o(RESET) refers to stm32f4xx_it.o(i.MemManage_Handler) for MemManage_Handler
    startup_stm32f407xx.o(RESET) refers to stm32f4xx_it.o(i.BusFault_Handler) for BusFault_Handler
    startup_stm32f407xx.o(RESET) refers to stm32f4xx_it.o(i.UsageFault_Handler) for UsageFault_Handler
    startup_stm32f407xx.o(RESET) refers to port.o(.emb_text) for SVC_Handler
    startup_stm32f407xx.o(RESET) refers to stm32f4xx_it.o(i.DebugMon_Handler) for DebugMon_Handler
    startup_stm32f407xx.o(RESET) refers to stm32f4xx_it.o(i.SysTick_Handler) for SysTick_Handler
    startup_stm32f407xx.o(RESET) refers to stm32f4xx_it.o(i.CAN1_RX0_IRQHandler) for CAN1_RX0_IRQHandler
    startup_stm32f407xx.o(RESET) refers to stm32f4xx_it.o(i.CAN2_RX0_IRQHandler) for CAN2_RX0_IRQHandler
    startup_stm32f407xx.o(.text) refers (Special) to heapauxi.o(.text) for __use_two_region_memory
    startup_stm32f407xx.o(.text) refers to system_stm32f4xx.o(i.SystemInit) for SystemInit
    startup_stm32f407xx.o(.text) refers to __main.o(!!!main) for __main
    startup_stm32f407xx.o(.text) refers to startup_stm32f407xx.o(HEAP) for Heap_Mem
    startup_stm32f407xx.o(.text) refers to startup_stm32f407xx.o(STACK) for Stack_Mem
    main.o(i.SystemClock_Config) refers to rt_memclr_w.o(.text) for __aeabi_memclr4
    main.o(i.SystemClock_Config) refers to stm32f4xx_hal_rcc.o(i.HAL_RCC_OscConfig) for HAL_RCC_OscConfig
    main.o(i.SystemClock_Config) refers to main.o(i.Error_Handler) for Error_Handler
    main.o(i.SystemClock_Config) refers to stm32f4xx_hal_rcc.o(i.HAL_RCC_ClockConfig) for HAL_RCC_ClockConfig
    main.o(i.main) refers to stm32f4xx_hal.o(i.HAL_Init) for HAL_Init
    main.o(i.main) refers to main.o(i.SystemClock_Config) for SystemClock_Config
    main.o(i.main) refers to gpio.o(i.MX_GPIO_Init) for MX_GPIO_Init
    main.o(i.main) refers to can.o(i.MX_CAN1_Init) for MX_CAN1_Init
    main.o(i.main) refers to usart.o(i.MX_USART1_UART_Init) for MX_USART1_UART_Init
    main.o(i.main) refers to i2c.o(i.MX_I2C3_Init) for MX_I2C3_Init
    main.o(i.main) refers to spi.o(i.MX_SPI1_Init) for MX_SPI1_Init
    main.o(i.main) refers to tim.o(i.MX_TIM5_Init) for MX_TIM5_Init
    main.o(i.main) refers to tim.o(i.MX_TIM10_Init) for MX_TIM10_Init
    main.o(i.main) refers to can.o(i.MX_CAN2_Init) for MX_CAN2_Init
    main.o(i.main) refers to bsp_can.o(i.can_filter_init) for can_filter_init
    main.o(i.main) refers to freertos.o(i.MX_FREERTOS_Init) for MX_FREERTOS_Init
    main.o(i.main) refers to cmsis_os.o(i.osKernelStart) for osKernelStart
    gpio.o(i.MX_GPIO_Init) refers to rt_memclr_w.o(.text) for __aeabi_memclr4
    gpio.o(i.MX_GPIO_Init) refers to stm32f4xx_hal_gpio.o(i.HAL_GPIO_WritePin) for HAL_GPIO_WritePin
    gpio.o(i.MX_GPIO_Init) refers to stm32f4xx_hal_gpio.o(i.HAL_GPIO_Init) for HAL_GPIO_Init
    freertos.o(i.MX_FREERTOS_Init) refers to rt_memcpy_w.o(.text) for __aeabi_memcpy4
    freertos.o(i.MX_FREERTOS_Init) refers to cmsis_os.o(i.osThreadCreate) for osThreadCreate
    freertos.o(i.MX_FREERTOS_Init) refers to freertos.o(.constdata) for .constdata
    freertos.o(i.MX_FREERTOS_Init) refers to freertos.o(.data) for ImuTaskHandle
    freertos.o(i.vApplicationGetIdleTaskMemory) refers to freertos.o(.bss) for xIdleTaskTCBBuffer
    freertos.o(.constdata) refers to freertos.o(.conststring) for .conststring
    freertos.o(.constdata) refers to ins_task.o(i.INS_task) for INS_task
    freertos.o(.constdata) refers to chassis_task.o(i.chassis_task) for chassis_task
    can.o(i.HAL_CAN_MspDeInit) refers to stm32f4xx_hal_gpio.o(i.HAL_GPIO_DeInit) for HAL_GPIO_DeInit
    can.o(i.HAL_CAN_MspDeInit) refers to stm32f4xx_hal_cortex.o(i.HAL_NVIC_DisableIRQ) for HAL_NVIC_DisableIRQ
    can.o(i.HAL_CAN_MspDeInit) refers to can.o(.data) for HAL_RCC_CAN1_CLK_ENABLED
    can.o(i.HAL_CAN_MspInit) refers to rt_memclr_w.o(.text) for __aeabi_memclr4
    can.o(i.HAL_CAN_MspInit) refers to stm32f4xx_hal_gpio.o(i.HAL_GPIO_Init) for HAL_GPIO_Init
    can.o(i.HAL_CAN_MspInit) refers to stm32f4xx_hal_cortex.o(i.HAL_NVIC_SetPriority) for HAL_NVIC_SetPriority
[...]
    .data                                    0x2000000c   Section        4  system_stm32f4xx.o(.data)
    .data                                    0x20000010   Section        8  bsp_delay.o(.data)
    fac_us                                   0x20000010   Data           1  bsp_delay.o(.data)
    fac_ms                                   0x20000014   Data           4  bsp_delay.o(.data)
    .data                                    0x20000018   Section       17  can_receive.o(.data)
    gimbal_can_send_data                     0x20000018   Data           8  can_receive.o(.data)
    chassis_can_send_data                    0x20000020   Data           8  can_receive.o(.data)
    i                                        0x20000028   Data           1  can_receive.o(.data)
    .data                                    0x2000002c   Section       12  ins_task.o(.data)
    first_temperate                          0x2000002c   Data           1  ins_task.o(.data)
    temp_constant_time                       0x20000037   Data           1  ins_task.o(.data)
    .data                                    0x20000038   Section       12  stm32f4xx_hal.o(.data)
    .data                                    0x20000044   Section       60  tasks.o(.data)
    uxDeletedTasksWaitingCleanUp             0x20000048   Data           4  tasks.o(.data)
    uxCurrentNumberOfTasks                   0x2000004c   Data           4  tasks.o(.data)
    xTickCount                               0x20000050   Data           4  tasks.o(.data)
    uxTopReadyPriority                       0x20000054   Data           4  tasks.o(.data)
    xSchedulerRunning                        0x20000058   Data           4  tasks.o(.data)
    xPendedTicks                             0x2000005c   Data           4  tasks.o(.data)
    xYieldPending                            0x20000060   Data           4  tasks.o(.data)
    xNumOfOverflows                          0x20000064   Data           4  tasks.o(.data)
    uxTaskNumber                             0x20000068   Data           4  tasks.o(.data)
    xNextTaskUnblockTime                     0x2000006c   Data           4  tasks.o(.data)
    xIdleTaskHandle                          0x20000070   Data           4  tasks.o(.data)
    uxSchedulerSuspended                     0x20000074   Data           4  tasks.o(.data)
    pxDelayedTaskList                        0x20000078   Data           4  tasks.o(.data)
    pxOverflowDelayedTaskList                0x2000007c   Data           4  tasks.o(.data)
    .data                                    0x20000080   Section       32  heap_4.o(.data)
    pxEnd                                    0x20000080   Data           4  heap_4.o(.data)
    xFreeBytesRemaining                      0x20000084   Data           4  heap_4.o(.data)
    xMinimumEverFreeBytesRemaining           0x20000088   Data           4  heap_4.o(.data)
    xNumberOfSuccessfulAllocations           0x2000008c   Data           4  heap_4.o(.data)
    xNumberOfSuccessfulFrees                 0x20000090   Data           4  heap_4.o(.data)
    xBlockAllocatedBit                       0x20000094   Data           4  heap_4.o(.data)
    xStart                                   0x20000098   Data           8  heap_4.o(.data)
    .data                                    0x200000a0   Section       12  port.o(.data)
    ucMaxSysCallPriority                     0x200000a0   Data           1  port.o(.data)
    uxCriticalNesting                        0x200000a4   Data           4  port.o(.data)
    ulMaxPRIGROUPValue                       0x200000a8   Data           4  port.o(.data)
    .data                                    0x200000ac   Section       47  bmi088driver.o(.data)
    write_BMI088_accel_reg_data_error        0x200000b7   Data          18  bmi088driver.o(.data)
    write_BMI088_gyro_reg_data_error         0x200000c9   Data          18  bmi088driver.o(.data)
    .bss                                     0x200000dc   Section      596  freertos.o(.bss)
    xIdleTaskTCBBuffer                       0x200000dc   Data          84  freertos.o(.bss)
    xIdleStack                               0x20000130   Data         512  freertos.o(.bss)
    .bss                                     0x20000330   Section       80  can.o(.bss)
    .bss                                     0x20000380   Section       84  i2c.o(.bss)
    .bss                                     0x200003d4   Section       88  spi.o(.bss)
    .bss                                     0x2000042c   Section      144  tim.o(.bss)
    .bss                                     0x200004bc   Section       68  usart.o(.bss)
    .bss                                     0x20000500   Section      218  can_receive.o(.bss)
    motor_measures                           0x20000500   Data          70  can_receive.o(.bss)
    motor_chassis                            0x20000546   Data          70  can_receive.o(.bss)
    gimbal_tx_message                        0x2000058c   Data          24  can_receive.o(.bss)
    chassis_tx_message                       0x200005a4   Data          24  can_receive.o(.bss)
    .bss                                     0x200005dc   Section      440  ins_task.o(.bss)
    imu_temp_pid                             0x20000610   Data          72  ins_task.o(.bss)
    INS_gyro                                 0x20000680   Data          12  ins_task.o(.bss)
    INS_accel                                0x2000068c   Data          12  ins_task.o(.bss)
    INS_mag                                  0x20000698   Data          12  ins_task.o(.bss)
    .bss                                     0x20000794   Section      240  tasks.o(.bss)
    pxReadyTasksLists                        0x20000794   Data         140  tasks.o(.bss)
    xDelayedTaskList1                        0x20000820   Data          20  tasks.o(.bss)
    xDelayedTaskList2                        0x20000834   Data          20  tasks.o(.bss)
    xPendingReadyList                        0x20000848   Data          20  tasks.o(.bss)
    xTasksWaitingTermination                 0x2000085c   Data          20  tasks.o(.bss)
    xSuspendedTaskList                       0x20000870   Data          20  tasks.o(.bss)
    .bss                                     0x20000884   Section    15360  heap_4.o(.bss)
    ucHeap                                   0x20000884   Data       15360  heap_4.o(.bss)
    .bss                                     0x20004484   Section       96  libspace.o(.bss)
    HEAP                                     0x200044e8   Section      512  startup_stm32f407xx.o(HEAP)
    Heap_Mem                                 0x200044e8   Data         512  startup_stm32f407xx.o(HEAP)
    STACK                                    0x200046e8   Section     1024  startup_stm32f407xx.o(STACK)
    Stack_Mem                                0x200046e8   Data        1024  startup_stm32f407xx.o(STACK)
    __initial_sp                             0x20004ae8   Data           0  startup_stm32f407xx.o(STACK)

    Global Symbols

    Symbol Name                              Value     Ov Type        Size  Object(Section)

    BuildAttributes$$THM_ISAv4$E$P$D$K$B$S$7EM$VFPi3$EXTD16$VFPS$VFMA$PE$A:L22UL41UL21$X:L11$S22US41US21$IEEE1$IW$USESV6$~STKCKD$USESV7$~SHL$OTIME$ROPI$IEEEX$EBA8$UX$STANDARDLIB$REQ8$PRES8$EABIv2 0x00000000   Number         0  anon$$obj.o ABSOLUTE
    __ARM_use_no_argv                        0x00000000   Number         0  main.o ABSOLUTE
    __ARM_exceptions_init                     - Undefined Weak Reference
    __alloca_initialize                       - Undefined Weak Reference
    __arm_fini_                               - Undefined Weak Reference
    __arm_preinit_                            - Undefined Weak Reference
    __cpp_initialize__aeabi_                  - Undefined Weak Reference
    __cxa_finalize                            - Undefined Weak Reference
    __rt_locale                               - Undefined Weak Reference
    __sigvec_lookup                           - Undefined Weak Reference
    _atexit_init                              - Undefined Weak Reference
    _call_atexit_fns                          - Undefined Weak Reference
    _clock_init                               - Undefined Weak Reference
    _fp_trap_init                             - Undefined Weak Reference
    _fp_trap_shutdown                         - Undefined Weak Reference
    _get_lc_collate                           - Undefined Weak Reference
    _get_lc_ctype                             - Undefined Weak Reference
    _get_lc_monetary                          - Undefined Weak Reference
    _get_lc_numeric                           - Undefined Weak Reference
    _get_lc_time                              - Undefined Weak Reference
    _getenv_init                              - Undefined Weak Reference
    _handle_redirection                       - Undefined Weak Reference
    _init_alloc                               - Undefined Weak Reference
    _init_user_alloc                          - Undefined Weak Reference
    _initio                                   - Undefined Weak Reference
    _printf_post_padding                      - Undefined Weak Reference
    _printf_pre_padding                       - Undefined Weak Reference
    _printf_truncate_signed                   - Undefined Weak Reference
    _printf_truncate_unsigned                 - Undefined Weak Reference
    _rand_init                                - Undefined Weak Reference
    _signal_finish                            - Undefined Weak Reference
    _signal_init                              - Undefined Weak Reference
    _terminate_alloc                          - Undefined Weak Reference
    _terminate_user_alloc                     - Undefined Weak Reference
    _terminateio                              - Undefined Weak Reference
    __Vectors_Size                           0x00000188   Number         0  startup_stm32f407xx.o ABSOLUTE
    __Vectors                                0x08000000   Data           4  startup_stm32f407xx.o(RESET)
    __Vectors_End                            0x08000188   Data           0  startup_stm32f407xx.o(RESET)
    __main                                   0x08000189   Thumb Code     8  __main.o(!!!main)
    __scatterload                            0x08000191   Thumb Code     0  __scatter.o(!!!scatter)
    __scatterload_rt2                        0x08000191   Thumb Code    44  __scatter.o(!!!scatter)
    __scatterload_rt2_thumb_only             0x08000191   Thumb Code     0  __scatter.o(!!!scatter)
    __scatterload_null                       0x0800019f   Thumb Code     0  __scatter.o(!!!scatter)
    __scatterload_copy                       0x080001c5   Thumb Code    26  __scatter_copy.o(!!handler_copy)
    __scatterload_zeroinit                   0x080001e1   Thumb Code    28  __scatter_zi.o(!!handler_zi)
    _printf_d                                0x080001fd   Thumb Code     0  _printf_d.o(.ARM.Collect$$_printf_percent$$00000009)
    _printf_percent                          0x080001fd   Thumb Code     0  _printf_percent.o(.ARM.Collect$$_printf_percent$$00000000)
    _printf_percent_end                      0x08000203   Thumb Code     0  _printf_percent_end.o(.ARM.Collect$$_printf_percent$$00000017)
    __rt_lib_init                            0x08000207   Thumb Code     0  libinit.o(.ARM.Collect$$libinit$$00000000)
    __rt_lib_init_fp_1                       0x08000209   Thumb Code     0  libinit2.o(.ARM.Collect$$libinit$$00000001)
    __rt_lib_init_alloca_1                   0x0800020d   Thumb Code     0  libinit2.o(.ARM.Collect$$libinit$$0000002E)
    __rt_lib_init_argv_1                     0x0800020d   Thumb Code     0  libinit2.o(.ARM.Collect$$libinit$$0000002C)
    __rt_lib_init_atexit_1                   0x0800020d   Thumb Code     0  libinit2.o(.ARM.Collect$$libinit$$0000001B)
    __rt_lib_init_clock_1                    0x0800020d   Thumb Code     0  libinit2.o(.ARM.Collect$$libinit$$00000021)
    __rt_lib_init_cpp_1                      0x0800020d   Thumb Code     0  libinit2.o(.ARM.Collect$$libinit$$00000032)
    __rt_lib_init_exceptions_1               0x0800020d   Thumb Code     0  libinit2.o(.ARM.Collect$$libinit$$00000030)
    __rt_lib_init_fp_trap_1                  0x0800020d   Thumb Code     0  libinit2.o(.ARM.Collect$$libinit$$0000001F)
    __rt_lib_init_getenv_1                   0x0800020d   Thumb Code     0  libinit2.o(.ARM.Collect$$libinit$$00000023)
    __rt_lib_init_heap_1                     0x0800020d   Thumb Code     0  libinit2.o(.ARM.Collect$$libinit$$0000000A)
    __rt_lib_init_lc_collate_1               0x0800020d   Thumb Code     0  libinit2.o(.ARM.Collect$$libinit$$00000011)
    __rt_lib_init_lc_ctype_1                 0x0800020d   Thumb Code     0  libinit2.o(.ARM.Collect$$libinit$$00000013)
    __rt_lib_init_lc_monetary_1              0x0800020d   Thumb Code     0  libinit2.o(.ARM.Collect$$libinit$$00000015)
    __rt_lib_init_lc_numeric_1               0x0800020d   Thumb Code     0  libinit2.o(.ARM.Collect$$libinit$$00000017)
    __rt_lib_init_lc_time_1                  0x0800020d   Thumb Code     0  libinit2.o(.ARM.Collect$$libinit$$00000019)
    __rt_lib_init_preinit_1                  0x0800020d   Thumb Code     0  libinit2.o(.ARM.Collect$$libinit$$00000004)
    __rt_lib_init_rand_1                     0x0800020d   Thumb Code     0  libinit2.o(.ARM.Collect$$libinit$$0000000E)
    __rt_lib_init_return                     0x0800020d   Thumb Code     0  libinit2.o(.ARM.Collect$$libinit$$00000033)
    __rt_lib_init_signal_1                   0x0800020d   Thumb Code     0  libinit2.o(.ARM.Collect$$libinit$$0000001D)
    __rt_lib_init_stdio_1                    0x0800020d   Thumb Code     0  libinit2.o(.ARM.Collect$$libinit$$00000025)
    __rt_lib_init_user_alloc_1               0x0800020d   Thumb Code     0  libinit2.o(.ARM.Collect$$libinit$$0000000C)
    __rt_lib_shutdown                        0x0800020f   Thumb Code     0  libshutdown.o(.ARM.Collect$$libshutdown$$00000000)
    __rt_lib_shutdown_cpp_1                  0x08000211   Thumb Code     0  libshutdown2.o(.ARM.Collect$$libshutdown$$00000004)
    __rt_lib_shutdown_fini_1                 0x08000211   Thumb Code     0  libshutdown2.o(.ARM.Collect$$libshutdown$$00000002)
    __rt_lib_shutdown_fp_trap_1              0x08000211   Thumb Code     0  libshutdown2.o(.ARM.Collect$$libshutdown$$00000009)
    __rt_lib_shutdown_heap_1                 0x08000211   Thumb Code     0  libshutdown2.o(.ARM.Collect$$libshutdown$$00000011)
    __rt_lib_shutdown_return                 0x08000211   Thumb Code     0  libshutdown2.o(.ARM.Collect$$libshutdown$$00000012)
    __rt_lib_shutdown_signal_1               0x08000211   Thumb Code     0  libshutdown2.o(.ARM.Collect$$libshutdown$$0000000C)
    __rt_lib_shutdown_stdio_1                0x08000211   Thumb Code     0  libshutdown2.o(.ARM.Collect$$libshutdown$$00000006)
    __rt_lib_shutdown_user_alloc_1           0x08000211   Thumb Code     0  libshutdown2.o(.ARM.Collect$$libshutdown$$0000000E)
    __rt_entry                               0x08000213   Thumb Code     0  __rtentry.o(.ARM.Collect$$rtentry$$00000000)
    __rt_entry_presh_1                       0x08000213   Thumb Code     0  __rtentry2.o(.ARM.Collect$$rtentry$$00000002)
    __rt_entry_sh                            0x08000213   Thumb Code     0  __rtentry4.o(.ARM.Collect$$rtentry$$00000004)
    __rt_entry_li                            0x08000219   Thumb Code     0  __rtentry2.o(.ARM.Collect$$rtentry$$0000000A)
    __rt_entry_postsh_1                      0x08000219   Thumb Code     0  __rtentry2.o(.ARM.Collect$$rtentry$$00000009)
    __rt_entry_main                          0x0800021d   Thumb Code     0  __rtentry2.o(.ARM.Collect$$rtentry$$0000000D)
    __rt_entry_postli_1                      0x0800021d   Thumb Code     0  __rtentry2.o(.ARM.Collect$$rtentry$$0000000C)
    __rt_exit                                0x08000225   Thumb Code     0  rtexit.o(.ARM.Collect$$rtexit$$00000000)
    __rt_exit_ls                             0x08000227   Thumb Code     0  rtexit2.o(.ARM.Collect$$rtexit$$00000003)
    __rt_exit_prels_1                        0x08000227   Thumb Code     0  rtexit2.o(.ARM.Collect$$rtexit$$00000002)
    __rt_exit_exit                           0x0800022b   Thumb Code     0  rtexit2.o(.ARM.Collect$$rtexit$$00000004)
    SVC_Handler                              0x08000231   Thumb Code    28  port.o(.emb_text)
    __asm___6_port_c_39a90d8d__prvStartFirstTask 0x08000251   Thumb Code    36  port.o(.emb_text)
    __asm___6_port_c_39a90d8d__prvEnableVFP  0x08000279   Thumb Code    16  port.o(.emb_text)
    PendSV_Handler                           0x0800028d   Thumb Code    88  port.o(.emb_text)
    vPortGetIPSR                             0x080002e9   Thumb Code     6  port.o(.emb_text)
    Reset_Handler                            0x080002f1   Thumb Code     8  startup_stm32f407xx.o(.text)
    ADC_IRQHandler                           0x0800030b   Thumb Code     0  startup_stm32f407xx.o(.text)
    CAN1_RX1_IRQHandler                      0x0800030b   Thumb Code     0  startup_stm32f407xx.o(.text)
    CAN1_SCE_IRQHandler                      0x0800030b   Thumb Code     0  startup_stm32f407xx.o(.text)
    CAN1_TX_IRQHandler                       0x0800030b   Thumb Code     0  startup_stm32f407xx.o(.text)
    CAN2_RX1_IRQHandler                      0x0800030b   Thumb Code     0  startup_stm32f407xx.o(.text)
    CAN2_SCE_IRQHandler                      0x0800030b   Thumb Code     0  startup_stm32f407xx.o(.text)
    CAN2_TX_IRQHandler                       0x0800030b   Thumb Code     0  startup_stm32f407xx.o(.text)
    DCMI_IRQHandler                          0x0800030b   Thumb Code     0  startup_stm32f407xx.o(.text)
    DMA1_Stream0_IRQHandler                  0x0800030b   Thumb Code     0  startup_stm32f407xx.o(.text)
    DMA1_Stream1_IRQHandler                  0x0800030b   Thumb Code     0  startup_stm32f407xx.o(.text)
    DMA1_Stream2_IRQHandler                  0x0800030b   Thumb Code     0  startup_stm32f407xx.o(.text)
    DMA1_Stream3_IRQHandler                  0x0800030b   Thumb Code     0  startup_stm32f407xx.o(.text)
    DMA1_Stream4_IRQHandler                  0x0800030b   Thumb Code     0  startup_stm32f407xx.o(.text)
    DMA1_Stream5_IRQHandler                  0x0800030b   Thumb Code     0  startup_stm32f407xx.o(.text)
    DMA1_Stream6_IRQHandler                  0x0800030b   Thumb Code     0  startup_stm32f407xx.o(.text)
    DMA1_Stream7_IRQHandler                  0x0800030b   Thumb Code     0  startup_stm32f407xx.o(.text)
    DMA2_Stream0_IRQHandler                  0x0800030b   Thumb Code     0  startup_stm32f407xx.o(.text)
    DMA2_Stream1_IRQHandler                  0x0800030b   Thumb Code     0  startup_stm32f407xx.o(.text)
    DMA2_Stream2_IRQHandler                  0x0800030b   Thumb Code     0  startup_stm32f407xx.o(.text)
    DMA2_Stream3_IRQHandler                  0x0800030b   Thumb Code     0  startup_stm32f407xx.o(.text)
    DMA2_Stream4_IRQHandler                  0x0800030b   Thumb Code     0  startup_stm32f407xx.o(.text)
    DMA2_Stream5_IRQHandler                  0x0800030b   Thumb Code     0  startup_stm32f407xx.o(.text)
    DMA2_Stream6_IRQHandler                  0x0800030b   Thumb Code     0  startup_stm32f407xx.o(.text)
    DMA2_Stream7_IRQHandler                  0x0800030b   Thumb Code     0  startup_stm32f407xx.o(.text)
    ETH_IRQHandler                           0x0800030b   Thumb Code     0  startup_stm32f407xx.o(.text)
    ETH_WKUP_IRQHandler                      0x0800030b   Thumb Code     0  startup_stm32f407xx.o(.text)
    EXTI0_IRQHandler                         0x0800030b   Thumb Code     0  startup_stm32f407xx.o(.text)
    EXTI15_10_IRQHandler                     0x0800030b   Thumb Code     0  startup_stm32f407xx.o(.text)
    EXTI1_IRQHandler                         0x0800030b   Thumb Code     0  startup_stm32f407xx.o(.text)
    EXTI2_IRQHandler                         0x0800030b   Thumb Code     0  startup_stm32f407xx.o(.text)
    EXTI3_IRQHandler                         0x0800030b   Thumb Code     0  startup_stm32f407xx.o(.text)
    EXTI4_IRQHandler                         0x0800030b   Thumb Code     0  startup_stm32f407xx.o(.text)
    EXTI9_5_IRQHandler                       0x0800030b   Thumb Code     0  startup_stm32f407xx.o(.text)
    FLASH_IRQHandler                         0x0800030b   Thumb Code     0  startup_stm32f407xx.o(.text)
    FMC_IRQHandler                           0x0800030b   Thumb Code     0  startup_stm32f407xx.o(.text)
    FPU_IRQHandler                           0x0800030b   Thumb Code     0  startup_stm32f407xx.o(.text)
    HASH_RNG_IRQHandler                      0x0800030b   Thumb Code     0  startup_stm32f407xx.o(.text)
    I2C1_ER_IRQHandler                       0x0800030b   Thumb Code     0  startup_stm32f407xx.o(.text)
    I2C1_EV_IRQHandler                       0x0800030b   Thumb Code     0  startup_stm32f407xx.o(.text)
    I2C2_ER_IRQHandler                       0x0800030b   Thumb Code     0  startup_stm32f407xx.o(.text)
    I2C2_EV_IRQHandler                       0x0800030b   Thumb Code     0  startup_stm32f407xx.o(.text)
    I2C3_ER_IRQHandler                       0x0800030b   Thumb Code     0  startup_stm32f407xx.o(.text)
    I2C3_EV_IRQHandler                       0x0800030b   Thumb Code     0  startup_stm32f407xx.o(.text)
    OTG_FS_IRQHandler                        0x0800030b   Thumb Code     0  startup_stm32f407xx.o(.text)
    OTG_FS_WKUP_IRQHandler                   0x0800030b   Thumb Code     0  startup_stm32f407xx.o(.text)
    OTG_HS_EP1_IN_IRQHandler                 0x0800030b   Thumb Code     0  startup_stm32f407xx.o(.text)
    OTG_HS_EP1_OUT_IRQHandler                0x0800030b   Thumb Code     0  startup_stm32f407xx.o(.text)
    OTG_HS_IRQHandler                        0x0800030b   Thumb Code     0  startup_stm32f407xx.o(.text)
    OTG_HS_WKUP_IRQHandler                   0x0800030b   Thumb Code     0  startup_stm32f407xx.o(.text)
    PVD_IRQHandler                           0x0800030b   Thumb Code     0  startup_stm32f407xx.o(.text)
    RCC_IRQHandler                           0x0800030b   Thumb Code     0  startup_stm32f407xx.o(.text)
    RTC_Alarm_IRQHandler                     0x0800030b   Thumb Code     0  startup_stm32f407xx.o(.text)
    RTC_WKUP_IRQHandler                      0x0800030b   Thumb Code     0  startup_stm32f407xx.o(.text)
    SDIO_IRQHandler                          0x0800030b   Thumb Code     0  startup_stm32f407xx.o(.text)
    SPI1_IRQHandler                          0x0800030b   Thumb Code     0  startup_stm32f407xx.o(.text)
    SPI2_IRQHandler                          0x0800030b   Thumb Code     0  startup_stm32f407xx.o(.text)
    SPI3_IRQHandler                          0x0800030b   Thumb Code     0  startup_stm32f407xx.o(.text)
    TAMP_STAMP_IRQHandler                    0x0800030b   Thumb Code     0  startup_stm32f407xx.o(.text)
    TIM1_BRK_TIM9_IRQHandler                 0x0800030b   Thumb Code     0  startup_stm32f407xx.o(.text)
    TIM1_CC_IRQHandler                       0x0800030b   Thumb Code     0  startup_stm32f407xx.o(.text)
    TIM1_TRG_COM_TIM11_IRQHandler            0x0800030b   Thumb Code     0  startup_stm32f407xx.o(.text)
    TIM1_UP_TIM10_IRQHandler                 0x0800030b   Thumb Code     0  startup_stm32f407xx.o(.text)
    TIM2_IRQHandler                          0x0800030b   Thumb Code     0  startup_stm32f407xx.o(.text)
    TIM3_IRQHandler                          0x0800030b   Thumb Code     0  startup_stm32f407xx.o(.text)
    TIM4_IRQHandler                          0x0800030b   Thumb Code     0  startup_stm32f407xx.o(.text)
    TIM5_IRQHandler                          0x0800030b   Thumb Code     0  startup_stm32f407xx.o(.text)
    TIM6_DAC_IRQHandler                      0x0800030b   Thumb Code     0  startup_stm32f407xx.o(.text)
    TIM7_IRQHandler                          0x0800030b   Thumb Code     0  startup_stm32f407xx.o(.text)
    TIM8_BRK_TIM12_IRQHandler                0x0800030b   Thumb Code     0  startup_stm32f407xx.o(.text)
    TIM8_CC_IRQHandler                       0x0800030b   Thumb Code     0  startup_stm32f407xx.o(.text)
    TIM8_TRG_COM_TIM14_IRQHandler            0x0800030b   Thumb Code     0  startup_stm32f407xx.o(.text)
    TIM8_UP_TIM13_IRQHandler                 0x0800030b   Thumb Code     0  startup_stm32f407xx.o(.text)
    UART4_IRQHandler                         0x0800030b   Thumb Code     0  startup_stm32f407xx.o(.text)
    UART5_IRQHandler                         0x0800030b   Thumb Code     0  startup_stm32f407xx.o(.text)
    USART1_IRQHandler                        0x0800030b   Thumb Code     0  startup_stm32f407xx.o(.text)
    USART2_IRQHandler                        0x0800030b   Thumb Code     0  startup_stm32f407xx.o(.text)
    USART3_IRQHandler                        0x0800030b   Thumb Code     0  startup_stm32f407xx.o(.text)
    USART6_IRQHandler                        0x0800030b   Thumb Code     0  startup_stm32f407xx.o(.text)
    WWDG_IRQHandler                          0x0800030b   Thumb Code     0  startup_stm32f407xx.o(.text)
    __user_initial_stackheap                 0x0800030d   Thumb Code     0  startup_stm32f407xx.o(.text)
    __aeabi_uldivmod                         0x08000331   Thumb Code     0  lludivv7m.o(.text)
    _ll_udiv                                 0x08000331   Thumb Code   238  lludivv7m.o(.text)
    __2sprintf                               0x08000421   Thumb Code    34  noretval__2sprintf.o(.text)
    __printf                                 0x08000449   Thumb Code   104  __printf.o(.text)
    _printf_int_dec                          0x080004b1   Thumb Code   104  _printf_dec.o(.text)
    __aeabi_memcpy4                          0x08000529   Thumb Code     0  rt_memcpy_w.o(.text)
    __aeabi_memcpy8                          0x08000529   Thumb Code     0  rt_memcpy_w.o(.text)
    __rt_memcpy_w                            0x08000529   Thumb Code   100  rt_memcpy_w.o(.text)
    _memcpy_lastbytes_aligned                0x08000571   Thumb Code     0  rt_memcpy_w.o(.text)
    __aeabi_memclr4                          0x0800058d   Thumb Code     0  rt_memclr_w.o(.text)
    __aeabi_memclr8                          0x0800058d   Thumb Code     0  rt_memclr_w.o(.text)
    __rt_memclr_w                            0x0800058d   Thumb Code    78  rt_memclr_w.o(.text)
    _memset_w                                0x08000591   Thumb Code     0  rt_memclr_w.o(.text)
    __use_two_region_memory                  0x080005db   Thumb Code     2  heapauxi.o(.text)
    __rt_heap_escrow$2region                 0x080005dd   Thumb Code     2  heapauxi.o(.text)
    __rt_heap_expand$2region                 0x080005df   Thumb Code     2  heapauxi.o(.text)
    __read_errno                             0x080005e1   Thumb Code    10  _rserrno.o(.text)
    __set_errno                              0x080005eb   Thumb Code    12  _rserrno.o(.text)
    _printf_int_common                       0x080005f7   Thumb Code   178  _printf_intcommon.o(.text)
    _printf_char_common                      0x080006b3   Thumb Code    32  _printf_char_common.o(.text)
    _sputc                                   0x080006d9   Thumb Code    10  _sputc.o(.text)
    __aeabi_errno_addr                       0x080006e5   Thumb Code     8  rt_errno_addr_intlibspace.o(.text)
    __errno$intlibspace                      0x080006e5   Thumb Code     0  rt_errno_addr_intlibspace.o(.text)
    __rt_errno_addr$intlibspace              0x080006e5   Thumb Code     0  rt_errno_addr_intlibspace.o(.text)
    __user_libspace                          0x080006ed   Thumb Code     8  libspace.o(.text)
    __user_perproc_libspace                  0x080006ed   Thumb Code     0  libspace.o(.text)
    __user_perthread_libspace                0x080006ed   Thumb Code     0  libspace.o(.text)
    __user_setup_stackheap                   0x080006f5   Thumb Code    74  sys_stackheap_outer.o(.text)
    exit                                     0x0800073f   Thumb Code    18  exit.o(.text)
    _sys_exit                                0x08000751   Thumb Code     8  sys_exit.o(.text)
    __I$use$semihosting                      0x0800075d   Thumb Code     0  use_no_semi.o(.text)
    __use_no_semihosting_swi                 0x0800075d   Thumb Code     2  use_no_semi.o(.text)
    __semihosting_library_function           0x0800075f   Thumb Code     0  indicate_semi.o(.text)
    AHRS_init                                0x08000761   Thumb Code    34  ins_task.o(i.AHRS_init)
    BMI088_ACCEL_NS_H                        0x08000789   Thumb Code    14  bmi088middleware.o(i.BMI088_ACCEL_NS_H)
    BMI088_ACCEL_NS_L                        0x0800079d   Thumb Code    14  bmi088middleware.o(i.BMI088_ACCEL_NS_L)
    BMI088_GPIO_init                         0x080007b1   Thumb Code     2  bmi088middleware.o(i.BMI088_GPIO_init)
    BMI088_GYRO_NS_H                         0x080007b5   Thumb Code    14  bmi088middleware.o(i.BMI088_GYRO_NS_H)
    BMI088_GYRO_NS_L                         0x080007c9   Thumb Code    14  bmi088middleware.o(i.BMI088_GYRO_NS_L)
    BMI088_com_init                          0x080007dd   Thumb Code     2  bmi088middleware.o(i.BMI088_com_init)
    BMI088_delay_ms                          0x080007df   Thumb Code    12  bmi088middleware.o(i.BMI088_delay_ms)
    BMI088_delay_us                          0x080007eb   Thumb Code    12  bmi088middleware.o(i.BMI088_delay_us)
    BMI088_init                              0x080007f7   Thumb Code    28  bmi088driver.o(i.BMI088_init)
    BMI088_read                              0x08000815   Thumb Code   372  bmi088driver.o(i.BMI088_read)
    BMI088_read_write_byte                   0x080009d1   Thumb Code    28  bmi088middleware.o(i.BMI088_read_write_byte)
    BusFault_Handler                         0x08000a05   Thumb Code     4  stm32f4xx_it.o(i.BusFault_Handler)
    CAN1_RX0_IRQHandler                      0x08000a09   Thumb Code    10  stm32f4xx_it.o(i.CAN1_RX0_IRQHandler)
    CAN2_RX0_IRQHandler                      0x08000a19   Thumb Code    10  stm32f4xx_it.o(i.CAN2_RX0_IRQHandler)
    CAN_cmd_chassis                          0x08000a29   Thumb Code    68  can_receive.o(i.CAN_cmd_chassis)
    DebugMon_Handler                         0x08000a79   Thumb Code     2  stm32f4xx_it.o(i.DebugMon_Handler)
    Error_Handler                            0x08000a7b   Thumb Code     2  main.o(i.Error_Handler)
    HAL_CAN_ActivateNotification             0x08000a7d   Thumb Code    36  stm32f4xx_hal_can.o(i.HAL_CAN_ActivateNotification)
    HAL_CAN_AddTxMessage                     0x08000aa1   Thumb Code   260  stm32f4xx_hal_can.o(i.HAL_CAN_AddTxMessage)
    HAL_CAN_ConfigFilter                     0x08000ba5   Thumb Code   290  stm32f4xx_hal_can.o(i.HAL_CAN_ConfigFilter)
    HAL_CAN_DeactivateNotification           0x08000ccd   Thumb Code    38  stm32f4xx_hal_can.o(i.HAL_CAN_DeactivateNotification)
    HAL_CAN_ErrorCallback                    0x08000cf3   Thumb Code     2  stm32f4xx_hal_can.o(i.HAL_CAN_ErrorCallback)
    HAL_CAN_GetRxMessage                     0x08000cf5   Thumb Code   364  stm32f4xx_hal_can.o(i.HAL_CAN_GetRxMessage)
    HAL_CAN_IRQHandler                       0x08000e61   Thumb Code   564  stm32f4xx_hal_can.o(i.HAL_CAN_IRQHandler)
    HAL_CAN_Init                             0x08001095   Thumb Code   360  stm32f4xx_hal_can.o(i.HAL_CAN_Init)
    HAL_CAN_MspInit                          0x080011fd   Thumb Code   328  can.o(i.HAL_CAN_MspInit)
    HAL_CAN_RxFifo0FullCallback              0x0800135d   Thumb Code     2  stm32f4xx_hal_can.o(i.HAL_CAN_RxFifo0FullCallback)
    HAL_CAN_RxFifo0MsgPendingCallback        0x08001361   Thumb Code   246  can_receive.o(i.HAL_CAN_RxFifo0MsgPendingCallback)
    HAL_CAN_RxFifo1FullCallback              0x08001475   Thumb Code     2  stm32f4xx_hal_can.o(i.HAL_CAN_RxFifo1FullCallback)
    HAL_CAN_RxFifo1MsgPendingCallback        0x08001477   Thumb Code     2  stm32f4xx_hal_can.o(i.HAL_CAN_RxFifo1MsgPendingCallback)
    HAL_CAN_SleepCallback                    0x08001479   Thumb Code     2  stm32f4xx_hal_can.o(i.HAL_CAN_SleepCallback)
    HAL_CAN_Start                            0x0800147b   Thumb Code   100  stm32f4xx_hal_can.o(i.HAL_CAN_Start)
    HAL_CAN_TxMailbox0AbortCallback          0x080014df   Thumb Code     2  stm32f4xx_hal_can.o(i.HAL_CAN_TxMailbox0AbortCallback)
    HAL_CAN_TxMailbox0CompleteCallback       0x080014e1   Thumb Code     2  stm32f4xx_hal_can.o(i.HAL_CAN_TxMailbox0CompleteCallback)
    HAL_CAN_TxMailbox1AbortCallback          0x080014e3   Thumb Code     2  stm32f4xx_hal_can.o(i.HAL_CAN_TxMailbox1AbortCallback)
    HAL_CAN_TxMailbox1CompleteCallback       0x080014e5   Thumb Code     2  stm32f4xx_hal_can.o(i.HAL_CAN_TxMailbox1CompleteCallback)
    HAL_CAN_TxMailbox2AbortCallback          0x080014e7   Thumb Code     2  stm32f4xx_hal_can.o(i.HAL_CAN_TxMailbox2AbortCallback)
    HAL_CAN_TxMailbox2CompleteCallback       0x080014e9   Thumb Code     2  stm32f4xx_hal_can.o(i.HAL_CAN_TxMailbox2CompleteCallback)
    HAL_CAN_WakeUpFromRxMsgCallback          0x080014eb   Thumb Code     2  stm32f4xx_hal_can.o(i.HAL_CAN_WakeUpFromRxMsgCallback)
    HAL_GPIO_Init                            0x080014ed   Thumb Code   538  stm32f4xx_hal_gpio.o(i.HAL_GPIO_Init)
    HAL_GPIO_WritePin                        0x0800171d   Thumb Code    14  stm32f4xx_hal_gpio.o(i.HAL_GPIO_WritePin)
    HAL_GetTick                              0x0800172d   Thumb Code     6  stm32f4xx_hal.o(i.HAL_GetTick)
    HAL_I2C_Init                             0x08001739   Thumb Code   410  stm32f4xx_hal_i2c.o(i.HAL_I2C_Init)
    HAL_I2C_Mem_Read                         0x080018e5   Thumb Code   692  stm32f4xx_hal_i2c.o(i.HAL_I2C_Mem_Read)
    HAL_I2C_Mem_Write                        0x08001ba5   Thumb Code   362  stm32f4xx_hal_i2c.o(i.HAL_I2C_Mem_Write)
    HAL_I2C_MspInit                          0x08001d19   Thumb Code   182  i2c.o(i.HAL_I2C_MspInit)
    HAL_IncTick                              0x08001de1   Thumb Code    12  stm32f4xx_hal.o(i.HAL_IncTick)
    HAL_Init                                 0x08001df1   Thumb Code    48  stm32f4xx_hal.o(i.HAL_Init)
    HAL_InitTick                             0x08001e25   Thumb Code    58  stm32f4xx_hal.o(i.HAL_InitTick)
    HAL_MspInit                              0x08001e69   Thumb Code    78  stm32f4xx_hal_msp.o(i.HAL_MspInit)
    HAL_NVIC_EnableIRQ                       0x08001ebd   Thumb Code    28  stm32f4xx_hal_cortex.o(i.HAL_NVIC_EnableIRQ)
    HAL_NVIC_SetPriority                     0x08001ed9   Thumb Code    98  stm32f4xx_hal_cortex.o(i.HAL_NVIC_SetPriority)
    HAL_NVIC_SetPriorityGrouping             0x08001f41   Thumb Code    30  stm32f4xx_hal_cortex.o(i.HAL_NVIC_SetPriorityGrouping)
    HAL_RCC_ClockConfig                      0x08001f65   Thumb Code   354  stm32f4xx_hal_rcc.o(i.HAL_RCC_ClockConfig)
    HAL_RCC_GetHCLKFreq                      0x080020e1   Thumb Code     6  stm32f4xx_hal_rcc.o(i.HAL_RCC_GetHCLKFreq)
    HAL_RCC_GetPCLK1Freq                     0x080020ed   Thumb Code    22  stm32f4xx_hal_rcc.o(i.HAL_RCC_GetPCLK1Freq)
    HAL_RCC_GetPCLK2Freq                     0x0800210d   Thumb Code    22  stm32f4xx_hal_rcc.o(i.HAL_RCC_GetPCLK2Freq)
    HAL_RCC_GetSysClockFreq                  0x0800212d   Thumb Code    94  stm32f4xx_hal_rcc.o(i.HAL_RCC_GetSysClockFreq)
    HAL_RCC_OscConfig                        0x0800219d   Thumb Code  1154  stm32f4xx_hal_rcc.o(i.HAL_RCC_OscConfig)
    HAL_SPI_Init                             0x0800261f   Thumb Code   190  stm32f4xx_hal_spi.o(i.HAL_SPI_Init)
    HAL_SPI_MspInit                          0x080026dd   Thumb Code   180  spi.o(i.HAL_SPI_MspInit)
    HAL_SPI_TransmitReceive                  0x080027a1   Thumb Code   504  stm32f4xx_hal_spi.o(i.HAL_SPI_TransmitReceive)
    HAL_SYSTICK_Config                       0x08002999   Thumb Code    36  stm32f4xx_hal_cortex.o(i.HAL_SYSTICK_Config)
    HAL_TIMEx_MasterConfigSynchronization    0x080029c1   Thumb Code   154  stm32f4xx_hal_tim_ex.o(i.HAL_TIMEx_MasterConfigSynchronization)
    HAL_TIM_Base_Init                        0x08002a5b   Thumb Code    92  stm32f4xx_hal_tim.o(i.HAL_TIM_Base_Init)
    HAL_TIM_Base_MspInit                     0x08002ab9   Thumb Code    44  tim.o(i.HAL_TIM_Base_MspInit)
    HAL_TIM_MspPostInit                      0x08002aed   Thumb Code   156  tim.o(i.HAL_TIM_MspPostInit)
    HAL_TIM_PWM_ConfigChannel                0x08002b9d   Thumb Code   216  stm32f4xx_hal_tim.o(i.HAL_TIM_PWM_ConfigChannel)
    HAL_TIM_PWM_Init                         0x08002c75   Thumb Code    92  stm32f4xx_hal_tim.o(i.HAL_TIM_PWM_Init)
    HAL_TIM_PWM_MspInit                      0x08002cd1   Thumb Code    44  tim.o(i.HAL_TIM_PWM_MspInit)
    HAL_UART_Init                            0x08002d05   Thumb Code   100  stm32f4xx_hal_uart.o(i.HAL_UART_Init)
    HAL_UART_MspInit                         0x08002d69   Thumb Code   182  usart.o(i.HAL_UART_MspInit)
    HAL_UART_Transmit                        0x08002e31   Thumb Code   202  stm32f4xx_hal_uart.o(i.HAL_UART_Transmit)
    HardFault_Handler                        0x08002efb   Thumb Code     4  stm32f4xx_it.o(i.HardFault_Handler)
    INS_task                                 0x0800340d   Thumb Code   468  ins_task.o(i.INS_task)
    MX_CAN1_Init                             0x08003645   Thumb Code    58  can.o(i.MX_CAN1_Init)
    MX_CAN2_Init                             0x08003689   Thumb Code    58  can.o(i.MX_CAN2_Init)
    MX_FREERTOS_Init                         0x080036cd   Thumb Code    54  freertos.o(i.MX_FREERTOS_Init)
    MX_GPIO_Init                             0x08003711   Thumb Code   310  gpio.o(i.MX_GPIO_Init)
    MX_I2C3_Init                             0x08003859   Thumb Code    48  i2c.o(i.MX_I2C3_Init)
    MX_SPI1_Init                             0x08003895   Thumb Code    62  spi.o(i.MX_SPI1_Init)
    MX_TIM10_Init                            0x080038dd   Thumb Code   100  tim.o(i.MX_TIM10_Init)
    MX_TIM5_Init                             0x08003949   Thumb Code   144  tim.o(i.MX_TIM5_Init)
    MX_USART1_UART_Init                      0x080039e1   Thumb Code    46  usart.o(i.MX_USART1_UART_Init)
    MahonyAHRSupdateIMU                      0x08003a19   Thumb Code   306  mahonyahrs.o(i.MahonyAHRSupdateIMU)
    MemManage_Handler                        0x08003b51   Thumb Code     4  stm32f4xx_it.o(i.MemManage_Handler)
    NMI_Handler                              0x08003b55   Thumb Code     2  stm32f4xx_it.o(i.NMI_Handler)
    PID_init                                 0x08003b59   Thumb Code    92  pid.o(i.PID_init)
    SysTick_Handler                          0x08003cf5   Thumb Code    20  stm32f4xx_it.o(i.SysTick_Handler)
    SystemClock_Config                       0x08003d09   Thumb Code   170  main.o(i.SystemClock_Config)
    SystemInit                               0x08003dbd   Thumb Code    82  system_stm32f4xx.o(i.SystemInit)
    TIM_Base_SetConfig                       0x08003e21   Thumb Code   182  stm32f4xx_hal_tim.o(i.TIM_Base_SetConfig)
    TIM_OC2_SetConfig                        0x08003f5d   Thumb Code   112  stm32f4xx_hal_tim.o(i.TIM_OC2_SetConfig)
    UsageFault_Handler                       0x0800422d   Thumb Code     4  stm32f4xx_it.o(i.UsageFault_Handler)
    __ARM_fpclassifyf                        0x08004231   Thumb Code    38  fpclassifyf.o(i.__ARM_fpclassifyf)
    __hardfp_asinf                           0x08004259   Thumb Code   258  asinf.o(i.__hardfp_asinf)
    __hardfp_atan2f                          0x08004385   Thumb Code   594  atan2f.o(i.__hardfp_atan2f)
    __mathlib_flt_infnan                     0x08004631   Thumb Code     6  funder.o(i.__mathlib_flt_infnan)
    __mathlib_flt_infnan2                    0x08004637   Thumb Code     6  funder.o(i.__mathlib_flt_infnan2)
    __mathlib_flt_invalid                    0x0800463d   Thumb Code    10  funder.o(i.__mathlib_flt_invalid)
    __mathlib_flt_underflow                  0x0800464d   Thumb Code    10  funder.o(i.__mathlib_flt_underflow)
    bmi088_accel_init                        0x0800465d   Thumb Code   350  bmi088driver.o(i.bmi088_accel_init)
    bmi088_gyro_init                         0x080047c9   Thumb Code   276  bmi088driver.o(i.bmi088_gyro_init)
    can_filter_init                          0x080048e9   Thumb Code    68  bsp_can.o(i.can_filter_init)
    chassis_task                             0x08004935   Thumb Code    66  chassis_task.o(i.chassis_task)
    delay_us                                 0x0800497d   Thumb Code    76  bsp_delay.o(i.delay_us)
    get_angle                                0x080049cd   Thumb Code   220  ins_task.o(i.get_angle)
    invSqrt                                  0x08004aa9   Thumb Code    56  mahonyahrs.o(i.invSqrt)
    ist8310_GPIO_init                        0x08004ae5   Thumb Code     2  ist8310driver_middleware.o(i.ist8310_GPIO_init)
    ist8310_IIC_read_single_reg              0x08004ae9   Thumb Code    36  ist8310driver_middleware.o(i.ist8310_IIC_read_single_reg)
    ist8310_IIC_write_single_reg             0x08004b11   Thumb Code    34  ist8310driver_middleware.o(i.ist8310_IIC_write_single_reg)
    ist8310_RST_H                            0x08004b39   Thumb Code    14  ist8310driver_middleware.o(i.ist8310_RST_H)
    ist8310_RST_L                            0x08004b4d   Thumb Code    14  ist8310driver_middleware.o(i.ist8310_RST_L)
    ist8310_com_init                         0x08004b61   Thumb Code     2  ist8310driver_middleware.o(i.ist8310_com_init)
    ist8310_delay_ms                         0x08004b63   Thumb Code    12  ist8310driver_middleware.o(i.ist8310_delay_ms)
    ist8310_init                             0x08004b71   Thumb Code   142  ist8310driver.o(i.ist8310_init)
    main                                     0x08004c05   Thumb Code    56  main.o(i.main)
    osDelay                                  0x08004c49   Thumb Code    16  cmsis_os.o(i.osDelay)
    osKernelStart                            0x08004c59   Thumb Code    10  cmsis_os.o(i.osKernelStart)
    osThreadCreate                           0x08004c63   Thumb Code    92  cmsis_os.o(i.osThreadCreate)
    pvPortMalloc                             0x08005049   Thumb Code   224  heap_4.o(i.pvPortMalloc)
    pxPortInitialiseStack                    0x08005131   Thumb Code    38  port.o(i.pxPortInitialiseStack)
    sqrtf                                    0x0800515d   Thumb Code    62  sqrtf.o(i.sqrtf)
    uxListRemove                             0x0800519b   Thumb Code    38  list.o(i.uxListRemove)
    vApplicationGetIdleTaskMemory            0x080051c1   Thumb Code    14  freertos.o(i.vApplicationGetIdleTaskMemory)
    vListInitialise                          0x080051d9   Thumb Code    22  list.o(i.vListInitialise)
    vListInitialiseItem                      0x080051ef   Thumb Code     6  list.o(i.vListInitialiseItem)
    vListInsert                              0x080051f5   Thumb Code    54  list.o(i.vListInsert)
    vListInsertEnd                           0x0800522b   Thumb Code    24  list.o(i.vListInsertEnd)
    vPortEnterCritical                       0x08005245   Thumb Code    54  port.o(i.vPortEnterCritical)
    vPortExitCritical                        0x08005285   Thumb Code    38  port.o(i.vPortExitCritical)
    vPortFree                                0x080052b1   Thumb Code    94  heap_4.o(i.vPortFree)
    vPortSetupTimerInterrupt                 0x08005315   Thumb Code    32  port.o(i.vPortSetupTimerInterrupt)
    vTaskDelay                               0x08005339   Thumb Code    70  tasks.o(i.vTaskDelay)
    vTaskStartScheduler                      0x08005389   Thumb Code   120  tasks.o(i.vTaskStartScheduler)
    vTaskSuspendAll                          0x08005411   Thumb Code    10  tasks.o(i.vTaskSuspendAll)
    vTaskSwitchContext                       0x08005421   Thumb Code    86  tasks.o(i.vTaskSwitchContext)
    xPortStartScheduler                      0x08005481   Thumb Code   232  port.o(i.xPortStartScheduler)
    xPortSysTickHandler                      0x08005585   Thumb Code    38  port.o(i.xPortSysTickHandler)
    xTaskCreate                              0x080055b1   Thumb Code   108  tasks.o(i.xTaskCreate)
    xTaskCreateStatic                        0x0800561d   Thumb Code    96  tasks.o(i.xTaskCreateStatic)
    xTaskGetSchedulerState                   0x0800567d   Thumb Code    24  tasks.o(i.xTaskGetSchedulerState)
    xTaskIncrementTick                       0x08005699   Thumb Code   202  tasks.o(i.xTaskIncrementTick)
    xTaskResumeAll                           0x0800576d   Thumb Code   190  tasks.o(i.xTaskResumeAll)
    __aeabi_dneg                             0x08005839   Thumb Code     0  basic.o(x$fpl$basic)
    _dneg                                    0x08005839   Thumb Code     6  basic.o(x$fpl$basic)
    __aeabi_fneg                             0x0800583f   Thumb Code     0  basic.o(x$fpl$basic)
    _fneg                                    0x0800583f   Thumb Code     6  basic.o(x$fpl$basic)
    _dabs                                    0x08005845   Thumb Code     6  basic.o(x$fpl$basic)
    _fabs                                    0x0800584b   Thumb Code     6  basic.o(x$fpl$basic)
    __aeabi_d2f                              0x08005851   Thumb Code     0  d2f.o(x$fpl$d2f)
    _d2f                                     0x08005851   Thumb Code    98  d2f.o(x$fpl$d2f)
    __aeabi_dadd                             0x080058b5   Thumb Code     0  daddsub_clz.o(x$fpl$dadd)
    _dadd                                    0x080058b5   Thumb Code   332  daddsub_clz.o(x$fpl$dadd)
    __aeabi_ddiv                             0x08005a05   Thumb Code     0  ddiv.o(x$fpl$ddiv)
    _ddiv                                    0x08005a05   Thumb Code   552  ddiv.o(x$fpl$ddiv)
    __aeabi_ui2d                             0x08005cb5   Thumb Code     0  dflt_clz.o(x$fpl$dfltu)
    _dfltu                                   0x08005cb5   Thumb Code    38  dflt_clz.o(x$fpl$dfltu)
    __aeabi_dmul                             0x08005cdd   Thumb Code     0  dmul.o(x$fpl$dmul)
    _dmul                                    0x08005cdd   Thumb Code   332  dmul.o(x$fpl$dmul)
    __fpl_dnaninf                            0x08005e31   Thumb Code   156  dnaninf.o(x$fpl$dnaninf)
    __fpl_dretinf                            0x08005ecd   Thumb Code    12  dretinf.o(x$fpl$dretinf)
    __aeabi_dsub                             0x08005ed9   Thumb Code     0  daddsub_clz.o(x$fpl$dsub)
    _dsub                                    0x08005ed9   Thumb Code   464  daddsub_clz.o(x$fpl$dsub)
    __aeabi_f2d                              0x080060ad   Thumb Code     0  f2d.o(x$fpl$f2d)
    _f2d                                     0x080060ad   Thumb Code    86  f2d.o(x$fpl$f2d)
    __fpl_fnaninf                            0x08006103   Thumb Code   140  fnaninf.o(x$fpl$fnaninf)
    _fp_init                                 0x0800618f   Thumb Code    10  fpinit.o(x$fpl$fpinit)
    __fplib_config_fpu_vfp                   0x08006197   Thumb Code     0  fpinit.o(x$fpl$fpinit)
    __fplib_config_pureend_doubles           0x08006197   Thumb Code     0  fpinit.o(x$fpl$fpinit)
    __fpl_fretinf                            0x08006199   Thumb Code    10  fretinf.o(x$fpl$fretinf)
    __I$use$fp                               0x080061a2   Number         0  usenofp.o(x$fpl$usenofp)
    AHBPrescTable                            0x080061dc   Data          16  system_stm32f4xx.o(.constdata)
    APBPrescTable                            0x080061ec   Data           8  system_stm32f4xx.o(.constdata)
    Region$$Table$$Base                      0x08006220   Number         0  anon$$obj.o(Region$$Table)
    Region$$Table$$Limit                     0x08006240   Number         0  anon$$obj.o(Region$$Table)
    ImuTaskHandle                            0x20000000   Data           4  freertos.o(.data)
    ChassisTaskHandle                        0x20000004   Data           4  freertos.o(.data)
    SystemCoreClock                          0x2000000c   Data           4  system_stm32f4xx.o(.data)
    gyro_temperature                         0x20000030   Data           4  ins_task.o(.data)
    counter_gyro                             0x20000034   Data           2  ins_task.o(.data)
    bmi088_ist3810_init_flag                 0x20000036   Data           1  ins_task.o(.data)
    uwTickFreq                               0x20000038   Data           1  stm32f4xx_hal.o(.data)
    uwTickPrio                               0x2000003c   Data           4  stm32f4xx_hal.o(.data)
    uwTick                                   0x20000040   Data           4  stm32f4xx_hal.o(.data)
    pxCurrentTCB                             0x20000044   Data           4  tasks.o(.data)
    BMI088_ACCEL_SEN                         0x200000ac   Data           4  bmi088driver.o(.data)
    BMI088_GYRO_SEN                          0x200000b0   Data           4  bmi088driver.o(.data)
    res_p                                    0x200000b4   Data           1  bmi088driver.o(.data)
    write_reg_num                            0x200000b5   Data           1  bmi088driver.o(.data)
    res_g                                    0x200000b6   Data           1  bmi088driver.o(.data)
    hcan1                                    0x20000330   Data          40  can.o(.bss)
    hcan2                                    0x20000358   Data          40  can.o(.bss)
    hi2c3                                    0x20000380   Data          84  i2c.o(.bss)
    hspi1                                    0x200003d4   Data          88  spi.o(.bss)
    htim5                                    0x2000042c   Data          72  tim.o(.bss)
    htim10                                   0x20000474   Data          72  tim.o(.bss)
    huart1                                   0x200004bc   Data          68  usart.o(.bss)
    motor_speed_print                        0x200005bc   Data          30  can_receive.o(.bss)
    bmi088_real_data                         0x200005dc   Data          36  ins_task.o(.bss)
    ist8310_real_data                        0x20000600   Data          16  ins_task.o(.bss)
    INS_quat                                 0x20000658   Data          16  ins_task.o(.bss)
    INS_angle                                0x20000668   Data          12  ins_task.o(.bss)
    ins_correct_angle                        0x20000674   Data          12  ins_task.o(.bss)
    angle_print_x                            0x200006a4   Data          30  ins_task.o(.bss)
    angle_print_y                            0x200006c2   Data          30  ins_task.o(.bss)
    angle_print_z                            0x200006e0   Data          30  ins_task.o(.bss)
    accel_print_x                            0x200006fe   Data          30  ins_task.o(.bss)
    accel_print_y                            0x2000071c   Data          30  ins_task.o(.bss)
    accel_print_z                            0x2000073a   Data          30  ins_task.o(.bss)
    gyro_temperature_print                   0x20000758   Data          30  ins_task.o(.bss)
    counter_gyro_print                       0x20000776   Data          30  ins_task.o(.bss)
    __libspace_start                         0x20004484   Data          96  libspace.o(.bss)
    __temporary_stack_top$libspace           0x200044e4   Data           0  libspace.o(.bss)



==============================================================================

Memory Map of the image

  Image Entry point : 0x08000189

  Load Region LR_IROM1 (Base: 0x08000000, Size: 0x0000631c, Max: 0x00100000, ABSOLUTE)

    Execution Region ER_IROM1 (Exec base: 0x08000000, Load base: 0x08000000, Size: 0x00006240, Max: 0x00100000, ABSOLUTE)

    Exec Addr    Load Addr    Size         Type   Attr      Idx    E Section Name        Object

    0x08000000   0x08000000   0x00000188   Data   RO            3    RESET               startup_stm32f407xx.o
    0x08000188   0x08000188   0x00000008   Code   RO         6424  * !!!main             c_w.l(__main.o)
    0x08000190   0x08000190   0x00000034   Code   RO         6714    !!!scatter          c_w.l(__scatter.o)
    0x080001c4   0x080001c4   0x0000001a   Code   RO         6716    !!handler_copy      c_w.l(__scatter_copy.o)
    0x080001de   0x080001de   0x00000002   PAD
    0x080001e0   0x080001e0   0x0000001c   Code   RO         6718    !!handler_zi        c_w.l(__scatter_zi.o)
    0x080001fc   0x080001fc   0x00000000   Code   RO         6413    .ARM.Collect$$_printf_percent$$00000000  c_w.l(_printf_percent.o)
    0x080001fc   0x080001fc   0x00000006   Code   RO         6412    .ARM.Collect$$_printf_percent$$00000009  c_w.l(_printf_d.o)
    0x08000202   0x08000202   0x00000004   Code   RO         6499    .ARM.Collect$$_printf_percent$$00000017  c_w.l(_printf_percent_end.o)
    0x08000206   0x08000206   0x00000002   Code   RO         6585    .ARM.Collect$$libinit$$00000000  c_w.l(libinit.o)
    0x08000208   0x08000208   0x00000004   Code   RO         6594    .ARM.Collect$$libinit$$00000001  c_w.l(libinit2.o)
    0x0800020c   0x0800020c   0x00000000   Code   RO         6597    .ARM.Collect$$libinit$$00000004  c_w.l(libinit2.o)
    0x0800020c   0x0800020c   0x00000000   Code   RO         6600    .ARM.Collect$$libinit$$0000000A  c_w.l(libinit2.o)
    0x0800020c   0x0800020c   0x00000000   Code   RO         6602    .ARM.Collect$$libinit$$0000000C  c_w.l(libinit2.o)
    0x0800020c   0x0800020c   0x00000000   Code   RO         6604    .ARM.Collect$$libinit$$0000000E  c_w.l(libinit2.o)
    0x0800020c   0x0800020c   0x00000000   Code   RO         6607    .ARM.Collect$$libinit$$00000011  c_w.l(libinit2.o)
    0x0800020c   0x0800020c   0x00000000   Code   RO         6609    .ARM.Collect$$libinit$$00000013  c_w.l(libinit2.o)
    0x0800020c   0x0800020c   0x00000000   Code   RO         6611    .ARM.Collect$$libinit$$00000015  c_w.l(libinit2.o)
    0x0800020c   0x0800020c   0x00000000   Code   RO         6613    .ARM.Collect$$libinit$$00000017  c_w.l(libinit2.o)
    0x0800020c   0x0800020c   0x00000000   Code   RO         6615    .ARM.Collect$$libinit$$00000019  c_w.l(libinit2.o)
    0x0800020c   0x0800020c   0x00000000   Code   RO         6617    .ARM.Collect$$libinit$$0000001B  c_w.l(libinit2.o)
    0x0800020c   0x0800020c   0x00000000   Code   RO         6619    .ARM.Collect$$libinit$$0000001D  c_w.l(libinit2.o)
    0x0800020c   0x0800020c   0x00000000   Code   RO         6621    .ARM.Collect$$libinit$$0000001F  c_w.l(libinit2.o)
    0x0800020c   0x0800020c   0x00000000   Code   RO         6623    .ARM.Collect$$libinit$$00000021  c_w.l(libinit2.o)
    0x0800020c   0x0800020c   0x00000000   Code   RO         6625    .ARM.Collect$$libinit$$00000023  c_w.l(libinit2.o)
    0x0800020c   0x0800020c   0x00000000   Code   RO         6627    .ARM.Collect$$libinit$$00000025  c_w.l(libinit2.o)
    0x0800020c   0x0800020c   0x00000000   Code   RO         6631    .ARM.Collect$$libinit$$0000002C  c_w.l(libinit2.o)
    0x0800020c   0x0800020c   0x00000000   Code   RO         6633    .ARM.Collect$$libinit$$0000002E  c_w.l(libinit2.o)
    0x0800020c   0x0800020c   0x00000000   Code   RO         6635    .ARM.Collect$$libinit$$00000030  c_w.l(libinit2.o)
    0x0800020c   0x0800020c   0x00000000   Code   RO         6637    .ARM.Collect$$libinit$$00000032  c_w.l(libinit2.o)
    0x0800020c   0x0800020c   0x00000002   Code   RO         6638    .ARM.Collect$$libinit$$00000033  c_w.l(libinit2.o)
    0x0800020e   0x0800020e   0x00000002   Code   RO         6669    .ARM.Collect$$libshutdown$$00000000  c_w.l(libshutdown.o)
    0x08000210   0x08000210   0x00000000   Code   RO         6695    .ARM.Collect$$libshutdown$$00000002  c_w.l(libshutdown2.o)
    0x08000210   0x08000210   0x00000000   Code   RO         6697    .ARM.Collect$$libshutdown$$00000004  c_w.l(libshutdown2.o)
    0x08000210   0x08000210   0x00000000   Code   RO         6699    .ARM.Collect$$libshutdown$$00000006  c_w.l(libshutdown2.o)
    0x08000210   0x08000210   0x00000000   Code   RO         6702    .ARM.Collect$$libshutdown$$00000009  c_w.l(libshutdown2.o)
    0x08000210   0x08000210   0x00000000   Code   RO         6705    .ARM.Collect$$libshutdown$$0000000C  c_w.l(libshutdown2.o)
    0x08000210   0x08000210   0x00000000   Code   RO         6707    .ARM.Collect$$libshutdown$$0000000E  c_w.l(libshutdown2.o)
    0x08000210   0x08000210   0x00000000   Code   RO         6710    .ARM.Collect$$libshutdown$$00000011  c_w.l(libshutdown2.o)
    0x08000210   0x08000210   0x00000002   Code   RO         6711    .ARM.Collect$$libshutdown$$00000012  c_w.l(libshutdown2.o)
    0x08000212   0x08000212   0x00000000   Code   RO         6486    .ARM.Collect$$rtentry$$00000000  c_w.l(__rtentry.o)
    0x08000212   0x08000212   0x00000000   Code   RO         6544    .ARM.Collect$$rtentry$$00000002  c_w.l(__rtentry2.o)
    0x08000212   0x08000212   0x00000006   Code   RO         6556    .ARM.Collect$$rtentry$$00000004  c_w.l(__rtentry4.o)
    0x08000218   0x08000218   0x00000000   Code   RO         6546    .ARM.Collect$$rtentry$$00000009  c_w.l(__rtentry2.o)
    0x08000218   0x08000218   0x00000004   Code   RO         6547    .ARM.Collect$$rtentry$$0000000A  c_w.l(__rtentry2.o)
    0x0800021c   0x0800021c   0x00000000   Code   RO         6549    .ARM.Collect$$rtentry$$0000000C  c_w.l(__rtentry2.o)
    0x0800021c   0x0800021c   0x00000008   Code   RO         6550    .ARM.Collect$$rtentry$$0000000D  c_w.l(__rtentry2.o)
    0x08000224   0x08000224   0x00000002   Code   RO         6586    .ARM.Collect$$rtexit$$00000000  c_w.l(rtexit.o)
    0x08000226   0x08000226   0x00000000   Code   RO         6642    .ARM.Collect$$rtexit$$00000002  c_w.l(rtexit2.o)
    0x08000226   0x08000226   0x00000004   Code   RO         6643    .ARM.Collect$$rtexit$$00000003  c_w.l(rtexit2.o)
    0x0800022a   0x0800022a   0x00000006   Code   RO         6644    .ARM.Collect$$rtexit$$00000004  c_w.l(rtexit2.o)
    0x08000230   0x08000230   0x000000be   Code   RO         5905    .emb_text           port.o
    0x080002ee   0x080002ee   0x00000002   PAD
    0x080002f0   0x080002f0   0x00000040   Code   RO            4    .text               startup_stm32f407xx.o
    0x08000330   0x08000330   0x000000ee   Code   RO         6382    .text               c_w.l(lludivv7m.o)
    0x0800041e   0x0800041e   0x00000002   PAD
    0x08000420   0x08000420   0x00000028   Code   RO         6386    .text               c_w.l(noretval__2sprintf.o)
    0x08000448   0x08000448   0x00000068   Code   RO         6388    .text               c_w.l(__printf.o)
    0x080004b0   0x080004b0   0x00000078   Code   RO         6390    .text               c_w.l(_printf_dec.o)
    0x08000528   0x08000528   0x00000064   Code   RO         6416    .text               c_w.l(rt_memcpy_w.o)
    0x0800058c   0x0800058c   0x0000004e   Code   RO         6420    .text               c_w.l(rt_memclr_w.o)
    0x080005da   0x080005da   0x00000006   Code   RO         6422    .text               c_w.l(heapauxi.o)
    0x080005e0   0x080005e0   0x00000016   Code   RO         6491    .text               c_w.l(_rserrno.o)
    0x080005f6   0x080005f6   0x000000b2   Code   RO         6493    .text               c_w.l(_printf_intcommon.o)
    0x080006a8   0x080006a8   0x00000030   Code   RO         6495    .text               c_w.l(_printf_char_common.o)
    0x080006d8   0x080006d8   0x0000000a   Code   RO         6497    .text               c_w.l(_sputc.o)
    0x080006e2   0x080006e2   0x00000002   PAD
    0x080006e4   0x080006e4   0x00000008   Code   RO         6563    .text               c_w.l(rt_errno_addr_intlibspace.o)
    0x080006ec   0x080006ec   0x00000008   Code   RO         6569    .text               c_w.l(libspace.o)
    0x080006f4   0x080006f4   0x0000004a   Code   RO         6572    .text               c_w.l(sys_stackheap_outer.o)
    0x0800073e   0x0800073e   0x00000012   Code   RO         6574    .text               c_w.l(exit.o)
    0x08000750   0x08000750   0x0000000c   Code   RO         6639    .text               c_w.l(sys_exit.o)
    0x0800075c   0x0800075c   0x00000002   Code   RO         6658    .text               c_w.l(use_no_semi.o)
    0x0800075e   0x0800075e   0x00000000   Code   RO         6660    .text               c_w.l(indicate_semi.o)
    0x0800075e   0x0800075e   0x00000002   PAD
    0x08000760   0x08000760   0x00000028   Code   RO          976    i.AHRS_init         ins_task.o
    0x08000788   0x08000788   0x00000014   Code   RO         6202    i.BMI088_ACCEL_NS_H  bmi088middleware.o
    0x0800079c   0x0800079c   0x00000014   Code   RO         6203    i.BMI088_ACCEL_NS_L  bmi088middleware.o
    0x080007b0   0x080007b0   0x00000002   Code   RO         6204    i.BMI088_GPIO_init  bmi088middleware.o
    0x080007b2   0x080007b2   0x00000002   PAD
    0x080007b4   0x080007b4   0x00000014   Code   RO         6205    i.BMI088_GYRO_NS_H  bmi088middleware.o
    0x080007c8   0x080007c8   0x00000014   Code   RO         6206    i.BMI088_GYRO_NS_L  bmi088middleware.o
    0x080007dc   0x080007dc   0x00000002   Code   RO         6207    i.BMI088_com_init   bmi088middleware.o
    0x080007de   0x080007de   0x0000000c   Code   RO         6208    i.BMI088_delay_ms   bmi088middleware.o
    0x080007ea   0x080007ea   0x0000000c   Code   RO         6209    i.BMI088_delay_us   bmi088middleware.o
    0x080007f6   0x080007f6   0x0000001c   Code   RO         6133    i.BMI088_init       bmi088driver.o
    0x08000812   0x08000812   0x00000002   PAD
    0x08000814   0x08000814   0x0000017c   Code   RO         6134    i.BMI088_read       bmi088driver.o
    0x08000990   0x08000990   0x00000026   Code   RO         6135    i.BMI088_read_muli_reg  bmi088driver.o
    0x080009b6   0x080009b6   0x00000018   Code   RO         6136    i.BMI088_read_single_reg  bmi088driver.o
    0x080009ce   0x080009ce   0x00000002   PAD
    0x080009d0   0x080009d0   0x00000020   Code   RO         6210    i.BMI088_read_write_byte  bmi088middleware.o
    0x080009f0   0x080009f0   0x00000014   Code   RO         6137    i.BMI088_write_single_reg  bmi088driver.o
    0x08000a04   0x08000a04   0x00000004   Code   RO          544    i.BusFault_Handler  stm32f4xx_it.o
    0x08000a08   0x08000a08   0x00000010   Code   RO          545    i.CAN1_RX0_IRQHandler  stm32f4xx_it.o
    0x08000a18   0x08000a18   0x00000010   Code   RO          546    i.CAN2_RX0_IRQHandler  stm32f4xx_it.o
    0x08000a28   0x08000a28   0x00000050   Code   RO          898    i.CAN_cmd_chassis   can_receive.o
    0x08000a78   0x08000a78   0x00000002   Code   RO          547    i.DebugMon_Handler  stm32f4xx_it.o
    0x08000a7a   0x08000a7a   0x00000002   Code   RO           13    i.Error_Handler     main.o
    0x08000a7c   0x08000a7c   0x00000024   Code   RO         1099    i.HAL_CAN_ActivateNotification  stm32f4xx_hal_can.o
    0x08000aa0   0x08000aa0   0x00000104   Code   RO         1100    i.HAL_CAN_AddTxMessage  stm32f4xx_hal_can.o
    0x08000ba4   0x08000ba4   0x00000128   Code   RO         1101    i.HAL_CAN_ConfigFilter  stm32f4xx_hal_can.o
    0x08000ccc   0x08000ccc   0x00000026   Code   RO         1103    i.HAL_CAN_DeactivateNotification  stm32f4xx_hal_can.o
    0x08000cf2   0x08000cf2   0x00000002   Code   RO         1104    i.HAL_CAN_ErrorCallback  stm32f4xx_hal_can.o
    0x08000cf4   0x08000cf4   0x0000016c   Code   RO         1107    i.HAL_CAN_GetRxMessage  stm32f4xx_hal_can.o
    0x08000e60   0x08000e60   0x00000234   Code   RO         1111    i.HAL_CAN_IRQHandler  stm32f4xx_hal_can.o
    0x08001094   0x08001094   0x00000168   Code   RO         1112    i.HAL_CAN_Init      stm32f4xx_hal_can.o
    0x080011fc   0x080011fc   0x00000160   Code   RO          304    i.HAL_CAN_MspInit   can.o
    0x0800135c   0x0800135c   0x00000002   Code   RO         1119    i.HAL_CAN_RxFifo0FullCallback  stm32f4xx_hal_can.o
    0x0800135e   0x0800135e   0x00000002   PAD
    0x08001360   0x08001360   0x00000114   Code   RO          901    i.HAL_CAN_RxFifo0MsgPendingCallback  can_receive.o
    0x08001474   0x08001474   0x00000002   Code   RO         1121    i.HAL_CAN_RxFifo1FullCallback  stm32f4xx_hal_can.o
    0x08001476   0x08001476   0x00000002   Code   RO         1122    i.HAL_CAN_RxFifo1MsgPendingCallback  stm32f4xx_hal_can.o
    0x08001478   0x08001478   0x00000002   Code   RO         1123    i.HAL_CAN_SleepCallback  stm32f4xx_hal_can.o
    0x0800147a   0x0800147a   0x00000064   Code   RO         1124    i.HAL_CAN_Start     stm32f4xx_hal_can.o
    0x080014de   0x080014de   0x00000002   Code   RO         1126    i.HAL_CAN_TxMailbox0AbortCallback  stm32f4xx_hal_can.o
    0x080014e0   0x080014e0   0x00000002   Code   RO         1127    i.HAL_CAN_TxMailbox0CompleteCallback  stm32f4xx_hal_can.o
    0x080014e2   0x080014e2   0x00000002   Code   RO         1128    i.HAL_CAN_TxMailbox1AbortCallback  stm32f4xx_hal_can.o
    0x080014e4   0x080014e4   0x00000002   Code   RO         1129    i.HAL_CAN_TxMailbox1CompleteCallback  stm32f4xx_hal_can.o
    0x080014e6   0x080014e6   0x00000002   Code   RO         1130    i.HAL_CAN_TxMailbox2AbortCallback  stm32f4xx_hal_can.o
    0x080014e8   0x080014e8   0x00000002   Code   RO         1131    i.HAL_CAN_TxMailbox2CompleteCallback  stm32f4xx_hal_can.o
    0x080014ea   0x080014ea   0x00000002   Code   RO         1133    i.HAL_CAN_WakeUpFromRxMsgCallback  stm32f4xx_hal_can.o
    0x080014ec   0x080014ec   0x00000230   Code   RO         1732    i.HAL_GPIO_Init     stm32f4xx_hal_gpio.o
    0x0800171c   0x0800171c   0x0000000e   Code   RO         1736    i.HAL_GPIO_WritePin  stm32f4xx_hal_gpio.o
    0x0800172a   0x0800172a   0x00000002   PAD
    0x0800172c   0x0800172c   0x0000000c   Code   RO         2259    i.HAL_GetTick       stm32f4xx_hal.o
    0x08001738   0x08001738   0x000001ac   Code   RO         2515    i.HAL_I2C_Init      stm32f4xx_hal_i2c.o
    0x080018e4   0x080018e4   0x000002c0   Code   RO         2533    i.HAL_I2C_Mem_Read  stm32f4xx_hal_i2c.o
    0x08001ba4   0x08001ba4   0x00000174   Code   RO         2536    i.HAL_I2C_Mem_Write  stm32f4xx_hal_i2c.o
    0x08001d18   0x08001d18   0x000000c8   Code   RO          353    i.HAL_I2C_MspInit   i2c.o
    0x08001de0   0x08001de0   0x00000010   Code   RO         2265    i.HAL_IncTick       stm32f4xx_hal.o
    0x08001df0   0x08001df0   0x00000034   Code   RO         2266    i.HAL_Init          stm32f4xx_hal.o
    0x08001e24   0x08001e24   0x00000044   Code   RO         2267    i.HAL_InitTick      stm32f4xx_hal.o
    0x08001e68   0x08001e68   0x00000054   Code   RO          620    i.HAL_MspInit       stm32f4xx_hal_msp.o
    0x08001ebc   0x08001ebc   0x0000001c   Code   RO         2121    i.HAL_NVIC_EnableIRQ  stm32f4xx_hal_cortex.o
    0x08001ed8   0x08001ed8   0x00000068   Code   RO         2127    i.HAL_NVIC_SetPriority  stm32f4xx_hal_cortex.o
    0x08001f40   0x08001f40   0x00000024   Code   RO         2128    i.HAL_NVIC_SetPriorityGrouping  stm32f4xx_hal_cortex.o
    0x08001f64   0x08001f64   0x0000017c   Code   RO         1333    i.HAL_RCC_ClockConfig  stm32f4xx_hal_rcc.o
    0x080020e0   0x080020e0   0x0000000c   Code   RO         1338    i.HAL_RCC_GetHCLKFreq  stm32f4xx_hal_rcc.o
    0x080020ec   0x080020ec   0x00000020   Code   RO         1340    i.HAL_RCC_GetPCLK1Freq  stm32f4xx_hal_rcc.o
    0x0800210c   0x0800210c   0x00000020   Code   RO         1341    i.HAL_RCC_GetPCLK2Freq  stm32f4xx_hal_rcc.o
    0x0800212c   0x0800212c   0x00000070   Code   RO         1342    i.HAL_RCC_GetSysClockFreq  stm32f4xx_hal_rcc.o
    0x0800219c   0x0800219c   0x00000482   Code   RO         1345    i.HAL_RCC_OscConfig  stm32f4xx_hal_rcc.o
    0x0800261e   0x0800261e   0x000000be   Code   RO         3005    i.HAL_SPI_Init      stm32f4xx_hal_spi.o
    0x080026dc   0x080026dc   0x000000c4   Code   RO          395    i.HAL_SPI_MspInit   spi.o
    0x080027a0   0x080027a0   0x000001f8   Code   RO         3014    i.HAL_SPI_TransmitReceive  stm32f4xx_hal_spi.o
    0x08002998   0x08002998   0x00000028   Code   RO         2132    i.HAL_SYSTICK_Config  stm32f4xx_hal_cortex.o
    0x080029c0   0x080029c0   0x0000009a   Code   RO         4052    i.HAL_TIMEx_MasterConfigSynchronization  stm32f4xx_hal_tim_ex.o
    0x08002a5a   0x08002a5a   0x0000005c   Code   RO         3318    i.HAL_TIM_Base_Init  stm32f4xx_hal_tim.o
    0x08002ab6   0x08002ab6   0x00000002   PAD
    0x08002ab8   0x08002ab8   0x00000034   Code   RO          437    i.HAL_TIM_Base_MspInit  tim.o
    0x08002aec   0x08002aec   0x000000b0   Code   RO          438    i.HAL_TIM_MspPostInit  tim.o
    0x08002b9c   0x08002b9c   0x000000d8   Code   RO         3390    i.HAL_TIM_PWM_ConfigChannel  stm32f4xx_hal_tim.o
    0x08002c74   0x08002c74   0x0000005c   Code   RO         3393    i.HAL_TIM_PWM_Init  stm32f4xx_hal_tim.o
    0x08002cd0   0x08002cd0   0x00000034   Code   RO          440    i.HAL_TIM_PWM_MspInit  tim.o
    0x08002d04   0x08002d04   0x00000064   Code   RO         4329    i.HAL_UART_Init     stm32f4xx_hal_uart.o
    0x08002d68   0x08002d68   0x000000c8   Code   RO          503    i.HAL_UART_MspInit  usart.o
    0x08002e30   0x08002e30   0x000000ca   Code   RO         4337    i.HAL_UART_Transmit  stm32f4xx_hal_uart.o
    0x08002efa   0x08002efa   0x00000004   Code   RO          548    i.HardFault_Handler  stm32f4xx_it.o
    0x08002efe   0x08002efe   0x00000032   Code   RO         2558    i.I2C_IsAcknowledgeFailed  stm32f4xx_hal_i2c.o
    0x08002f30   0x08002f30   0x00000154   Code   RO         2569    i.I2C_RequestMemoryRead  stm32f4xx_hal_i2c.o
    0x08003084   0x08003084   0x000000d0   Code   RO         2570    i.I2C_RequestMemoryWrite  stm32f4xx_hal_i2c.o
    0x08003154   0x08003154   0x0000005c   Code   RO         2578    i.I2C_WaitOnBTFFlagUntilTimeout  stm32f4xx_hal_i2c.o
    0x080031b0   0x080031b0   0x000000b4   Code   RO         2579    i.I2C_WaitOnFlagUntilTimeout  stm32f4xx_hal_i2c.o
    0x08003264   0x08003264   0x000000ce   Code   RO         2580    i.I2C_WaitOnMasterAddressFlagUntilTimeout  stm32f4xx_hal_i2c.o
    0x08003332   0x08003332   0x0000007c   Code   RO         2581    i.I2C_WaitOnRXNEFlagUntilTimeout  stm32f4xx_hal_i2c.o
    0x080033ae   0x080033ae   0x0000005c   Code   RO         2584    i.I2C_WaitOnTXEFlagUntilTimeout  stm32f4xx_hal_i2c.o
    0x0800340a   0x0800340a   0x00000002   PAD
    0x0800340c   0x0800340c   0x00000238   Code   RO          978    i.INS_task          ins_task.o
    0x08003644   0x08003644   0x00000044   Code   RO          305    i.MX_CAN1_Init      can.o
    0x08003688   0x08003688   0x00000044   Code   RO          306    i.MX_CAN2_Init      can.o
    0x080036cc   0x080036cc   0x00000044   Code   RO          259    i.MX_FREERTOS_Init  freertos.o
    0x08003710   0x08003710   0x00000148   Code   RO          235    i.MX_GPIO_Init      gpio.o
    0x08003858   0x08003858   0x0000003c   Code   RO          354    i.MX_I2C3_Init      i2c.o
    0x08003894   0x08003894   0x00000048   Code   RO          396    i.MX_SPI1_Init      spi.o
    0x080038dc   0x080038dc   0x0000006c   Code   RO          441    i.MX_TIM10_Init     tim.o
    0x08003948   0x08003948   0x00000098   Code   RO          442    i.MX_TIM5_Init      tim.o
    0x080039e0   0x080039e0   0x00000038   Code   RO          504    i.MX_USART1_UART_Init  usart.o
    0x08003a18   0x08003a18   0x00000138   Code   RO         5983    i.MahonyAHRSupdateIMU  mahonyahrs.o
    0x08003b50   0x08003b50   0x00000004   Code   RO          549    i.MemManage_Handler  stm32f4xx_it.o
    0x08003b54   0x08003b54   0x00000002   Code   RO          550    i.NMI_Handler       stm32f4xx_it.o
    0x08003b56   0x08003b56   0x00000002   PAD
    0x08003b58   0x08003b58   0x00000060   Code   RO         6099    i.PID_init          pid.o
    0x08003bb8   0x08003bb8   0x00000064   Code   RO         3043    i.SPI_EndRxTxTransaction  stm32f4xx_hal_spi.o
    0x08003c1c   0x08003c1c   0x000000d8   Code   RO         3048    i.SPI_WaitFlagStateUntilTimeout  stm32f4xx_hal_spi.o
    0x08003cf4   0x08003cf4   0x00000014   Code   RO          551    i.SysTick_Handler   stm32f4xx_it.o
    0x08003d08   0x08003d08   0x000000b4   Code   RO           14    i.SystemClock_Config  main.o
    0x08003dbc   0x08003dbc   0x00000064   Code   RO          645    i.SystemInit        system_stm32f4xx.o
    0x08003e20   0x08003e20   0x000000cc   Code   RO         3411    i.TIM_Base_SetConfig  stm32f4xx_hal_tim.o
    0x08003eec   0x08003eec   0x00000070   Code   RO         3424    i.TIM_OC1_SetConfig  stm32f4xx_hal_tim.o
    0x08003f5c   0x08003f5c   0x00000078   Code   RO         3425    i.TIM_OC2_SetConfig  stm32f4xx_hal_tim.o
    0x08003fd4   0x08003fd4   0x00000078   Code   RO         3426    i.TIM_OC3_SetConfig  stm32f4xx_hal_tim.o
    0x0800404c   0x0800404c   0x00000058   Code   RO         3427    i.TIM_OC4_SetConfig  stm32f4xx_hal_tim.o
    0x080040a4   0x080040a4   0x000000fc   Code   RO         4356    i.UART_SetConfig    stm32f4xx_hal_uart.o
    0x080041a0   0x080041a0   0x0000008c   Code   RO         4360    i.UART_WaitOnFlagUntilTimeout  stm32f4xx_hal_uart.o
    0x0800422c   0x0800422c   0x00000004   Code   RO          552    i.UsageFault_Handler  stm32f4xx_it.o
    0x08004230   0x08004230   0x00000026   Code   RO         6515    i.__ARM_fpclassifyf  m_wm.l(fpclassifyf.o)
    0x08004256   0x08004256   0x00000002   PAD
    0x08004258   0x08004258   0x0000012c   Code   RO         6450    i.__hardfp_asinf    m_wm.l(asinf.o)
    0x08004384   0x08004384   0x000002ac   Code   RO         6462    i.__hardfp_atan2f   m_wm.l(atan2f.o)
    0x08004630   0x08004630   0x00000006   Code   RO         6518    i.__mathlib_flt_infnan  m_wm.l(funder.o)
    0x08004636   0x08004636   0x00000006   Code   RO         6519    i.__mathlib_flt_infnan2  m_wm.l(funder.o)
    0x0800463c   0x0800463c   0x00000010   Code   RO         6520    i.__mathlib_flt_invalid  m_wm.l(funder.o)
    0x0800464c   0x0800464c   0x00000010   Code   RO         6523    i.__mathlib_flt_underflow  m_wm.l(funder.o)
    0x0800465c   0x0800465c   0x0000016c   Code   RO         6138    i.bmi088_accel_init  bmi088driver.o
    0x080047c8   0x080047c8   0x00000120   Code   RO         6139    i.bmi088_gyro_init  bmi088driver.o
    0x080048e8   0x080048e8   0x0000004c   Code   RO          681    i.can_filter_init   bsp_can.o
    0x08004934   0x08004934   0x00000048   Code   RO         1073    i.chassis_task      chassis_task.o
    0x0800497c   0x0800497c   0x00000050   Code   RO          780    i.delay_us          bsp_delay.o
    0x080049cc   0x080049cc   0x000000dc   Code   RO          979    i.get_angle         ins_task.o
    0x08004aa8   0x08004aa8   0x0000003c   Code   RO         5984    i.invSqrt           mahonyahrs.o
    0x08004ae4   0x08004ae4   0x00000002   Code   RO         6304    i.ist8310_GPIO_init  ist8310driver_middleware.o
    0x08004ae6   0x08004ae6   0x00000002   PAD
    0x08004ae8   0x08004ae8   0x00000028   Code   RO         6306    i.ist8310_IIC_read_single_reg  ist8310driver_middleware.o
    0x08004b10   0x08004b10   0x00000028   Code   RO         6308    i.ist8310_IIC_write_single_reg  ist8310driver_middleware.o
    0x08004b38   0x08004b38   0x00000014   Code   RO         6309    i.ist8310_RST_H     ist8310driver_middleware.o
    0x08004b4c   0x08004b4c   0x00000014   Code   RO         6310    i.ist8310_RST_L     ist8310driver_middleware.o
    0x08004b60   0x08004b60   0x00000002   Code   RO         6311    i.ist8310_com_init  ist8310driver_middleware.o
    0x08004b62   0x08004b62   0x0000000c   Code   RO         6312    i.ist8310_delay_ms  ist8310driver_middleware.o
    0x08004b6e   0x08004b6e   0x00000002   PAD
    0x08004b70   0x08004b70   0x00000094   Code   RO         6272    i.ist8310_init      ist8310driver.o
    0x08004c04   0x08004c04   0x00000038   Code   RO           15    i.main              main.o
    0x08004c3c   0x08004c3c   0x0000000c   Code   RO         5471    i.makeFreeRtosPriority  cmsis_os.o
    0x08004c48   0x08004c48   0x00000010   Code   RO         5473    i.osDelay           cmsis_os.o
    0x08004c58   0x08004c58   0x0000000a   Code   RO         5476    i.osKernelStart     cmsis_os.o
    0x08004c62   0x08004c62   0x0000005c   Code   RO         5510    i.osThreadCreate    cmsis_os.o
    0x08004cbe   0x08004cbe   0x00000002   PAD
    0x08004cc0   0x08004cc0   0x00000078   Code   RO         5142    i.prvAddCurrentTaskToDelayedList  tasks.o
    0x08004d38   0x08004d38   0x00000088   Code   RO         5143    i.prvAddNewTaskToReadyList  tasks.o
    0x08004dc0   0x08004dc0   0x00000040   Code   RO         5144    i.prvCheckTasksWaitingTermination  tasks.o
    0x08004e00   0x08004e00   0x00000040   Code   RO         5145    i.prvDeleteTCB      tasks.o
    0x08004e40   0x08004e40   0x00000050   Code   RO         5838    i.prvHeapInit       heap_4.o
    0x08004e90   0x08004e90   0x00000028   Code   RO         5146    i.prvIdleTask       tasks.o
    0x08004eb8   0x08004eb8   0x0000007e   Code   RO         5147    i.prvInitialiseNewTask  tasks.o
    0x08004f36   0x08004f36   0x00000002   PAD
    0x08004f38   0x08004f38   0x00000060   Code   RO         5148    i.prvInitialiseTaskLists  tasks.o
    0x08004f98   0x08004f98   0x0000005c   Code   RO         5839    i.prvInsertBlockIntoFreeList  heap_4.o
    0x08004ff4   0x08004ff4   0x00000024   Code   RO         5149    i.prvResetNextTaskUnblockTime  tasks.o
    0x08005018   0x08005018   0x00000030   Code   RO         5906    i.prvTaskExitError  port.o
    0x08005048   0x08005048   0x000000e8   Code   RO         5840    i.pvPortMalloc      heap_4.o
    0x08005130   0x08005130   0x0000002c   Code   RO         5907    i.pxPortInitialiseStack  port.o
    0x0800515c   0x0800515c   0x0000003e   Code   RO         6533    i.sqrtf             m_wm.l(sqrtf.o)
    0x0800519a   0x0800519a   0x00000026   Code   RO         4768    i.uxListRemove      list.o
    0x080051c0   0x080051c0   0x00000018   Code   RO          260    i.vApplicationGetIdleTaskMemory  freertos.o
    0x080051d8   0x080051d8   0x00000016   Code   RO         4769    i.vListInitialise   list.o
    0x080051ee   0x080051ee   0x00000006   Code   RO         4770    i.vListInitialiseItem  list.o
    0x080051f4   0x080051f4   0x00000036   Code   RO         4771    i.vListInsert       list.o
    0x0800522a   0x0800522a   0x00000018   Code   RO         4772    i.vListInsertEnd    list.o
    0x08005242   0x08005242   0x00000002   PAD
    0x08005244   0x08005244   0x00000040   Code   RO         5909    i.vPortEnterCritical  port.o
    0x08005284   0x08005284   0x0000002c   Code   RO         5910    i.vPortExitCritical  port.o
    0x080052b0   0x080052b0   0x00000064   Code   RO         5841    i.vPortFree         heap_4.o
    0x08005314   0x08005314   0x00000024   Code   RO         5911    i.vPortSetupTimerInterrupt  port.o
    0x08005338   0x08005338   0x00000050   Code   RO         5158    i.vTaskDelay        tasks.o
    0x08005388   0x08005388   0x00000088   Code   RO         5171    i.vTaskStartScheduler  tasks.o
    0x08005410   0x08005410   0x00000010   Code   RO         5173    i.vTaskSuspendAll   tasks.o
    0x08005420   0x08005420   0x00000060   Code   RO         5174    i.vTaskSwitchContext  tasks.o
    0x08005480   0x08005480   0x00000104   Code   RO         5913    i.xPortStartScheduler  port.o
    0x08005584   0x08005584   0x0000002c   Code   RO         5914    i.xPortSysTickHandler  port.o
    0x080055b0   0x080055b0   0x0000006c   Code   RO         5177    i.xTaskCreate       tasks.o
    0x0800561c   0x0800561c   0x00000060   Code   RO         5178    i.xTaskCreateStatic  tasks.o
    0x0800567c   0x0800567c   0x0000001c   Code   RO         5182    i.xTaskGetSchedulerState  tasks.o
    0x08005698   0x08005698   0x000000d4   Code   RO         5185    i.xTaskIncrementTick  tasks.o
    0x0800576c   0x0800576c   0x000000cc   Code   RO         5191    i.xTaskResumeAll    tasks.o
    0x08005838   0x08005838   0x00000018   Code   RO         6426    x$fpl$basic         fz_wm.l(basic.o)
    0x08005850   0x08005850   0x00000062   Code   RO         6428    x$fpl$d2f           fz_wm.l(d2f.o)
    0x080058b2   0x080058b2   0x00000002   PAD
    0x080058b4   0x080058b4   0x00000150   Code   RO         6430    x$fpl$dadd          fz_wm.l(daddsub_clz.o)
    0x08005a04   0x08005a04   0x000002b0   Code   RO         6437    x$fpl$ddiv          fz_wm.l(ddiv.o)
    0x08005cb4   0x08005cb4   0x00000026   Code   RO         6440    x$fpl$dfltu         fz_wm.l(dflt_clz.o)
    0x08005cda   0x08005cda   0x00000002   PAD
    0x08005cdc   0x08005cdc   0x00000154   Code   RO         6446    x$fpl$dmul          fz_wm.l(dmul.o)
    0x08005e30   0x08005e30   0x0000009c   Code   RO         6504    x$fpl$dnaninf       fz_wm.l(dnaninf.o)
    0x08005ecc   0x08005ecc   0x0000000c   Code   RO         6506    x$fpl$dretinf       fz_wm.l(dretinf.o)
    0x08005ed8   0x08005ed8   0x000001d4   Code   RO         6432    x$fpl$dsub          fz_wm.l(daddsub_clz.o)
    0x080060ac   0x080060ac   0x00000056   Code   RO         6448    x$fpl$f2d           fz_wm.l(f2d.o)
    0x08006102   0x08006102   0x0000008c   Code   RO         6510    x$fpl$fnaninf       fz_wm.l(fnaninf.o)
    0x0800618e   0x0800618e   0x0000000a   Code   RO         6654    x$fpl$fpinit        fz_wm.l(fpinit.o)
    0x08006198   0x08006198   0x0000000a   Code   RO         6512    x$fpl$fretinf       fz_wm.l(fretinf.o)
    0x080061a2   0x080061a2   0x00000000   Code   RO         6514    x$fpl$usenofp       fz_wm.l(usenofp.o)
    0x080061a2   0x080061a2   0x00000002   PAD
    0x080061a4   0x080061a4   0x00000038   Data   RO          262    .constdata          freertos.o
    0x080061dc   0x080061dc   0x00000018   Data   RO          646    .constdata          system_stm32f4xx.o
    0x080061f4   0x080061f4   0x0000000c   Data   RO          982    .constdata          ins_task.o
    0x08006200   0x08006200   0x0000000c   Data   RO         6275    .constdata          ist8310driver.o
    0x0800620c   0x0800620c   0x00000014   Data   RO          263    .conststring        freertos.o
    0x08006220   0x08006220   0x00000020   Data   RO         6712    Region$$Table       anon$$obj.o


    Execution Region RW_IRAM1 (Exec base: 0x20000000, Load base: 0x08006240, Size: 0x00004ae8, Max: 0x00020000, ABSOLUTE)

    Exec Addr    Load Addr    Size         Type   Attr      Idx    E Section Name        Object

    0x20000000   0x08006240   0x00000008   Data   RW          264    .data               freertos.o
    0x20000008   0x08006248   0x00000004   Data   RW          308    .data               can.o
    0x2000000c   0x0800624c   0x00000004   Data   RW          647    .data               system_stm32f4xx.o
    0x20000010   0x08006250   0x00000008   Data   RW          781    .data               bsp_delay.o
    0x20000018   0x08006258   0x00000011   Data   RW          907    .data               can_receive.o
    0x20000029   0x08006269   0x00000003   PAD
    0x2000002c   0x0800626c   0x0000000c   Data   RW          983    .data               ins_task.o
    0x20000038   0x08006278   0x0000000c   Data   RW         2273    .data               stm32f4xx_hal.o
    0x20000044   0x08006284   0x0000003c   Data   RW         5194    .data               tasks.o
    0x20000080   0x080062c0   0x00000020   Data   RW         5847    .data               heap_4.o
    0x200000a0   0x080062e0   0x0000000c   Data   RW         5915    .data               port.o
    0x200000ac   0x080062ec   0x0000002f   Data   RW         6140    .data               bmi088driver.o
    0x200000db   0x0800631b   0x00000001   PAD
    0x200000dc        -       0x00000254   Zero   RW          261    .bss                freertos.o
    0x20000330        -       0x00000050   Zero   RW          307    .bss                can.o
    0x20000380        -       0x00000054   Zero   RW          355    .bss                i2c.o
    0x200003d4        -       0x00000058   Zero   RW          397    .bss                spi.o
    0x2000042c        -       0x00000090   Zero   RW          443    .bss                tim.o
    0x200004bc        -       0x00000044   Zero   RW          505    .bss                usart.o
    0x20000500        -       0x000000da   Zero   RW          906    .bss                can_receive.o
    0x200005da   0x0800631b   0x00000002   PAD
    0x200005dc        -       0x000001b8   Zero   RW          981    .bss                ins_task.o
    0x20000794        -       0x000000f0   Zero   RW         5193    .bss                tasks.o
    0x20000884        -       0x00003c00   Zero   RW         5846    .bss                heap_4.o
    0x20004484        -       0x00000060   Zero   RW         6570    .bss                c_w.l(libspace.o)
    0x200044e4   0x0800631b   0x00000004   PAD
    0x200044e8        -       0x00000200   Zero   RW            2    HEAP                startup_stm32f407xx.o
    0x200046e8        -       0x00000400   Zero   RW            1    STACK               startup_stm32f407xx.o


==============================================================================

Image component sizes


      Code (inc. data)   RO Data    RW Data    ZI Data      Debug   Object Name

      1142         34          0         47          0       6676   bmi088driver.o
       140         28          0          0          0       5052   bmi088middleware.o
        76          8          0          0          0     600318   bsp_can.o
        80          4          0          8          0        923   bsp_delay.o
       488         44          0          4         80       2530   can.o
       356         50          0         17        218       3515   can_receive.o
        72          6          0          0          0        563   chassis_task.o
       130          0          0          0          0      23311   cmsis_os.o
         0          0          0          0          0      16996   event_groups.o
        92         24         76          8        596       2117   freertos.o
       328         18          0          0          0       1139   gpio.o
       504         32          0         32      15360       7775   heap_4.o
       260         30          0          0         84       1801   i2c.o
       828        106         12         12        440       7881   ins_task.o
       148          6         12          0          0       1535   ist8310driver.o
       136         22          0          0          0       4175   ist8310driver_middleware.o
       144          0          0          0          0       3754   list.o
       372         10          0          0          0       1772   mahonyahrs.o
       238         10          0          0          0     749896   main.o
        96          4          0          0          0       1171   pid.o
       730         82          0         12          0      11424   port.o
       268         26          0          0         88       1821   spi.o
        64         26        392          0       1536        872   startup_stm32f407xx.o
       148         24          0         12          0       8973   stm32f4xx_hal.o
      2042          6          0          0          0      16364   stm32f4xx_hal_can.o
       208         16          0          0          0      33811   stm32f4xx_hal_cortex.o
       574         22          0          0          0       2448   stm32f4xx_hal_gpio.o
      2796         48          0          0          0      13982   stm32f4xx_hal_i2c.o
        84          6          0          0          0        890   stm32f4xx_hal_msp.o
      1722        104          0          0          0       6728   stm32f4xx_hal_rcc.o
      1010         14          0          0          0       4981   stm32f4xx_hal_spi.o
      1044         46          0          0          0       7024   stm32f4xx_hal_tim.o
       154          0          0          0          0       1464   stm32f4xx_hal_tim_ex.o
       694          4          0          0          0       4260   stm32f4xx_hal_uart.o
        72         12          0          0          0       4463   stm32f4xx_it.o
         0          0          0          0          0        392   stream_buffer.o
       100         18         24          4          0       1239   system_stm32f4xx.o
      1658        146          0         60        240      21886   tasks.o
       540         52          0          0        144       3761   tim.o
       256         28          0          0         68       1830   usart.o

    ----------------------------------------------------------------------
     19822       1116        548        220      18856    1591513   Object Totals
         0          0         32          0          0          0   (incl. Generated)
        28          0          0          4          2          0   (incl. Padding)

    ----------------------------------------------------------------------

      Code (inc. data)   RO Data    RW Data    ZI Data      Debug   Library Member Name

         8          0          0          0          0         68   __main.o
       104          0          0          0          0         84   __printf.o
         0          0          0          0          0          0   __rtentry.o
        12          0          0          0          0          0   __rtentry2.o
         6          0          0          0          0          0   __rtentry4.o
        52          8          0          0          0          0   __scatter.o
        26          0          0          0          0          0   __scatter_copy.o
        28          0          0          0          0          0   __scatter_zi.o
        48          6          0          0          0         96   _printf_char_common.o
         6          0          0          0          0          0   _printf_d.o
       120         16          0          0          0         92   _printf_dec.o
       178          0          0          0          0         88   _printf_intcommon.o
         0          0          0          0          0          0   _printf_percent.o
         4          0          0          0          0          0   _printf_percent_end.o
        22          0          0          0          0        100   _rserrno.o
        10          0          0          0          0         68   _sputc.o
        18          0          0          0          0         80   exit.o
         6          0          0          0          0        152   heapauxi.o
         0          0          0          0          0          0   indicate_semi.o
         2          0          0          0          0          0   libinit.o
         6          0          0          0          0          0   libinit2.o
         2          0          0          0          0          0   libshutdown.o
         2          0          0          0          0          0   libshutdown2.o
         8          4          0          0         96         68   libspace.o
       238          0          0          0          0        100   lludivv7m.o
        40          6          0          0          0         84   noretval__2sprintf.o
         8          4          0          0          0         68   rt_errno_addr_intlibspace.o
        78          0          0          0          0         80   rt_memclr_w.o
       100          0          0          0          0         80   rt_memcpy_w.o
         2          0          0          0          0          0   rtexit.o
        10          0          0          0          0          0   rtexit2.o
        12          4          0          0          0         68   sys_exit.o
        74          0          0          0          0         80   sys_stackheap_outer.o
         2          0          0          0          0         68   use_no_semi.o
        24          0          0          0          0        164   basic.o
        98          4          0          0          0        140   d2f.o
       804         16          0          0          0        368   daddsub_clz.o
       688        140          0          0          0        256   ddiv.o
        38          0          0          0          0        116   dflt_clz.o
       340         12          0          0          0        152   dmul.o
       156          4          0          0          0        140   dnaninf.o
        12          0          0          0          0        116   dretinf.o
        86          4          0          0          0        132   f2d.o
       140          4          0          0          0        132   fnaninf.o
        10          0          0          0          0        116   fpinit.o
        10          0          0          0          0        116   fretinf.o
         0          0          0          0          0          0   usenofp.o
       300         42          0          0          0        176   asinf.o
       684         90          0          0          0        208   atan2f.o
        38          0          0          0          0        116   fpclassifyf.o
        44         12          0          0          0        464   funder.o
        62          0          0          0          0        136   sqrtf.o

    ----------------------------------------------------------------------
      4782        376          0          0        100       4572   Library Totals
        16          0          0          0          4          0   (incl. Padding)

    ----------------------------------------------------------------------

      Code (inc. data)   RO Data    RW Data    ZI Data      Debug   Library Name

      1232         48          0          0         96       1524   c_w.l
      2406        184          0          0          0       1948   fz_wm.l
      1128        144          0          0          0       1100   m_wm.l

    ----------------------------------------------------------------------
      4782        376          0          0        100       4572   Library Totals

    ----------------------------------------------------------------------

==============================================================================


      Code (inc. data)   RO Data    RW Data    ZI Data      Debug   

     24604       1492        548        220      18956    1577557   Grand Totals
     24604       1492        548        220      18956    1577557   ELF Image Totals
     24604       1492        548        220          0          0   ROM Totals

==============================================================================

    Total RO  Size (Code + RO Data)                25152 (  24.56kB)
    Total RW  Size (RW Data + ZI Data)             19176 (  18.73kB)
    Total ROM Size (Code + RO Data + RW Data)      25372 (  24.78kB)

==============================================================================

