Component: ARM Compiler 5.06 update 5 (build 528) Tool: armlink [4d35e2]

==============================================================================

Section Cross References

    startup_stm32f407xx.o(STACK) refers (Special) to heapauxi.o(.text) for __use_two_region_memory
    startup_stm32f407xx.o(HEAP) refers (Special) to heapauxi.o(.text) for __use_two_region_memory
    startup_stm32f407xx.o(RESET) refers (Special) to heapauxi.o(.text) for __use_two_region_memory
    startup_stm32f407xx.o(RESET) refers to startup_stm32f407xx.o(STACK) for __initial_sp
    startup_stm32f407xx.o(RESET) refers to startup_stm32f407xx.o(.text) for Reset_Handler
    startup_stm32f407xx.o(RESET) refers to stm32f4xx_it.o(i.NMI_Handler) for NMI_Handler
    startup_stm32f407xx.o(RESET) refers to stm32f4xx_it.o(i.HardFault_Handler) for HardFault_Handler
    startup_stm32f407xx.o(RESET) refers to stm32f4xx_it.o(i.MemManage_Handler) for MemManage_Handler
    startup_stm32f407xx.o(RESET) refers to stm32f4xx_it.o(i.BusFault_Handler) for BusFault_Handler
    startup_stm32f407xx.o(RESET) refers to stm32f4xx_it.o(i.UsageFault_Handler) for UsageFault_Handler
    startup_stm32f407xx.o(RESET) refers to port.o(.emb_text) for SVC_Handler
    startup_stm32f407xx.o(RESET) refers to stm32f4xx_it.o(i.DebugMon_Handler) for DebugMon_Handler
    startup_stm32f407xx.o(RESET) refers to stm32f4xx_it.o(i.SysTick_Handler) for SysTick_Handler
    startup_stm32f407xx.o(RESET) refers to stm32f4xx_it.o(i.CAN1_RX0_IRQHandler) for CAN1_RX0_IRQHandler
    startup_stm32f407xx.o(RESET) refers to stm32f4xx_it.o(i.CAN2_RX0_IRQHandler) for CAN2_RX0_IRQHandler
    startup_stm32f407xx.o(.text) refers (Special) to heapauxi.o(.text) for __use_two_region_memory
    startup_stm32f407xx.o(.text) refers to system_stm32f4xx.o(i.SystemInit) for SystemInit
    startup_stm32f407xx.o(.text) refers to __main.o(!!!main) for __main
    startup_stm32f407xx.o(.text) refers to startup_stm32f407xx.o(HEAP) for Heap_Mem
    startup_stm32f407xx.o(.text) refers to startup_stm32f407xx.o(STACK) for Stack_Mem
    main.o(i.SystemClock_Config) refers to rt_memclr_w.o(.text) for __aeabi_memclr4
    main.o(i.SystemClock_Config) refers to stm32f4xx_hal_rcc.o(i.HAL_RCC_OscConfig) for HAL_RCC_OscConfig
    main.o(i.SystemClock_Config) refers to main.o(i.Error_Handler) for Error_Handler
    main.o(i.SystemClock_Config) refers to stm32f4xx_hal_rcc.o(i.HAL_RCC_ClockConfig) for HAL_RCC_ClockConfig
    main.o(i.main) refers to stm32f4xx_hal.o(i.HAL_Init) for HAL_Init
    main.o(i.main) refers to main.o(i.SystemClock_Config) for SystemClock_Config
    main.o(i.main) refers to gpio.o(i.MX_GPIO_Init) for MX_GPIO_Init
    main.o(i.main) refers to can.o(i.MX_CAN1_Init) for MX_CAN1_Init
    main.o(i.main) refers to usart.o(i.MX_USART1_UART_Init) for MX_USART1_UART_Init
    main.o(i.main) refers to i2c.o(i.MX_I2C3_Init) for MX_I2C3_Init
    main.o(i.main) refers to spi.o(i.MX_SPI1_Init) for MX_SPI1_Init
    main.o(i.main) refers to tim.o(i.MX_TIM5_Init) for MX_TIM5_Init
    main.o(i.main) refers to tim.o(i.MX_TIM10_Init) for MX_TIM10_Init
    main.o(i.main) refers to can.o(i.MX_CAN2_Init) for MX_CAN2_Init
    main.o(i.main) refers to bsp_can.o(i.can_filter_init) for can_filter_init
    main.o(i.main) refers to freertos.o(i.MX_FREERTOS_Init) for MX_FREERTOS_Init
    main.o(i.main) refers to cmsis_os.o(i.osKernelStart) for osKernelStart
    gpio.o(i.MX_GPIO_Init) refers to rt_memclr_w.o(.text) for __aeabi_memclr4
    gpio.o(i.MX_GPIO_Init) refers to stm32f4xx_hal_gpio.o(i.HAL_GPIO_WritePin) for HAL_GPIO_WritePin
    gpio.o(i.MX_GPIO_Init) refers to stm32f4xx_hal_gpio.o(i.HAL_GPIO_Init) for HAL_GPIO_Init
    freertos.o(i.MX_FREERTOS_Init) refers to rt_memcpy_w.o(.text) for __aeabi_memcpy4
    freertos.o(i.MX_FREERTOS_Init) refers to cmsis_os.o(i.osThreadCreate) for osThreadCreate
    freertos.o(i.MX_FREERTOS_Init) refers to freertos.o(.constdata) for .constdata
    freertos.o(i.MX_FREERTOS_Init) refers to freertos.o(.data) for ImuTaskHandle
    freertos.o(i.vApplicationGetIdleTaskMemory) refers to freertos.o(.bss) for xIdleTaskTCBBuffer
    freertos.o(.constdata) refers to freertos.o(.conststring) for .conststring
    freertos.o(.constdata) refers to ins_task.o(i.INS_task) for INS_task
    freertos.o(.constdata) refers to chassis_task.o(i.chassis_task) for chassis_task
    can.o(i.HAL_CAN_MspDeInit) refers to stm32f4xx_hal_gpio.o(i.HAL_GPIO_DeInit) for HAL_GPIO_DeInit
    can.o(i.HAL_CAN_MspDeInit) refers to stm32f4xx_hal_cortex.o(i.HAL_NVIC_DisableIRQ) for HAL_NVIC_DisableIRQ
    can.o(i.HAL_CAN_MspDeInit) refers to can.o(.data) for HAL_RCC_CAN1_CLK_ENABLED
    can.o(i.HAL_CAN_MspInit) refers to rt_memclr_w.o(.text) for __aeabi_memclr4
    can.o(i.HAL_CAN_MspInit) refers to stm32f4xx_hal_gpio.o(i.HAL_GPIO_Init) for HAL_GPIO_Init
    can.o(i.HAL_CAN_MspInit) refers to stm32f4xx_hal_cortex.o(i.HAL_NVIC_SetPriority) for HAL_NVIC_SetPriority
[...]
    .conststring                             0x08006580   Section       20  freertos.o(.conststring)
    .data                                    0x20000000   Section        8  freertos.o(.data)
    .data                                    0x20000008   Section        4  can.o(.data)
    HAL_RCC_CAN1_CLK_ENABLED                 0x20000008   Data           4  can.o(.data)
    .data                                    0x2000000c   Section        4  system_stm32f4xx.o(.data)
    .data                                    0x20000010   Section        8  bsp_delay.o(.data)
    fac_us                                   0x20000010   Data           1  bsp_delay.o(.data)
    fac_ms                                   0x20000014   Data           4  bsp_delay.o(.data)
    .data                                    0x20000018   Section       17  can_receive.o(.data)
    gimbal_can_send_data                     0x20000018   Data           8  can_receive.o(.data)
    chassis_can_send_data                    0x20000020   Data           8  can_receive.o(.data)
    i                                        0x20000028   Data           1  can_receive.o(.data)
    .data                                    0x2000002c   Section       17  ins_task.o(.data)
    first_temperate                          0x2000002c   Data           1  ins_task.o(.data)
    temp_constant_time                       0x2000003c   Data           1  ins_task.o(.data)
    .data                                    0x20000040   Section       12  stm32f4xx_hal.o(.data)
    .data                                    0x2000004c   Section       60  tasks.o(.data)
    uxDeletedTasksWaitingCleanUp             0x20000050   Data           4  tasks.o(.data)
    uxCurrentNumberOfTasks                   0x20000054   Data           4  tasks.o(.data)
    xTickCount                               0x20000058   Data           4  tasks.o(.data)
    uxTopReadyPriority                       0x2000005c   Data           4  tasks.o(.data)
    xSchedulerRunning                        0x20000060   Data           4  tasks.o(.data)
    xPendedTicks                             0x20000064   Data           4  tasks.o(.data)
    xYieldPending                            0x20000068   Data           4  tasks.o(.data)
    xNumOfOverflows                          0x2000006c   Data           4  tasks.o(.data)
    uxTaskNumber                             0x20000070   Data           4  tasks.o(.data)
    xNextTaskUnblockTime                     0x20000074   Data           4  tasks.o(.data)
    xIdleTaskHandle                          0x20000078   Data           4  tasks.o(.data)
    uxSchedulerSuspended                     0x2000007c   Data           4  tasks.o(.data)
    pxDelayedTaskList                        0x20000080   Data           4  tasks.o(.data)
    pxOverflowDelayedTaskList                0x20000084   Data           4  tasks.o(.data)
    .data                                    0x20000088   Section       32  heap_4.o(.data)
    pxEnd                                    0x20000088   Data           4  heap_4.o(.data)
    xFreeBytesRemaining                      0x2000008c   Data           4  heap_4.o(.data)
    xMinimumEverFreeBytesRemaining           0x20000090   Data           4  heap_4.o(.data)
    xNumberOfSuccessfulAllocations           0x20000094   Data           4  heap_4.o(.data)
    xNumberOfSuccessfulFrees                 0x20000098   Data           4  heap_4.o(.data)
    xBlockAllocatedBit                       0x2000009c   Data           4  heap_4.o(.data)
    xStart                                   0x200000a0   Data           8  heap_4.o(.data)
    .data                                    0x200000a8   Section       12  port.o(.data)
    ucMaxSysCallPriority                     0x200000a8   Data           1  port.o(.data)
    uxCriticalNesting                        0x200000ac   Data           4  port.o(.data)
    ulMaxPRIGROUPValue                       0x200000b0   Data           4  port.o(.data)
    .data                                    0x200000b4   Section       24  gimbalcontrol.o(.data)
    .data                                    0x200000cc   Section       47  bmi088driver.o(.data)
    write_BMI088_accel_reg_data_error        0x200000d7   Data          18  bmi088driver.o(.data)
    write_BMI088_gyro_reg_data_error         0x200000e9   Data          18  bmi088driver.o(.data)
    .bss                                     0x200000fc   Section      596  freertos.o(.bss)
    xIdleTaskTCBBuffer                       0x200000fc   Data          84  freertos.o(.bss)
    xIdleStack                               0x20000150   Data         512  freertos.o(.bss)
    .bss                                     0x20000350   Section       80  can.o(.bss)
    .bss                                     0x200003a0   Section       84  i2c.o(.bss)
    .bss                                     0x200003f4   Section       88  spi.o(.bss)
    .bss                                     0x2000044c   Section      144  tim.o(.bss)
    .bss                                     0x200004dc   Section       68  usart.o(.bss)
    .bss                                     0x20000520   Section      218  can_receive.o(.bss)
    motor_measures                           0x20000520   Data          70  can_receive.o(.bss)
    motor_chassis                            0x20000566   Data          70  can_receive.o(.bss)
    gimbal_tx_message                        0x200005ac   Data          24  can_receive.o(.bss)
    chassis_tx_message                       0x200005c4   Data          24  can_receive.o(.bss)
    .bss                                     0x200005fc   Section      440  ins_task.o(.bss)
    imu_temp_pid                             0x20000630   Data          72  ins_task.o(.bss)
    INS_gyro                                 0x200006a0   Data          12  ins_task.o(.bss)
    INS_accel                                0x200006ac   Data          12  ins_task.o(.bss)
    INS_mag                                  0x200006b8   Data          12  ins_task.o(.bss)
    .bss                                     0x200007b4   Section      240  tasks.o(.bss)
    pxReadyTasksLists                        0x200007b4   Data         140  tasks.o(.bss)
    xDelayedTaskList1                        0x20000840   Data          20  tasks.o(.bss)
    xDelayedTaskList2                        0x20000854   Data          20  tasks.o(.bss)
    xPendingReadyList                        0x20000868   Data          20  tasks.o(.bss)
    xTasksWaitingTermination                 0x2000087c   Data          20  tasks.o(.bss)
    xSuspendedTaskList                       0x20000890   Data          20  tasks.o(.bss)
    .bss                                     0x200008a4   Section    15360  heap_4.o(.bss)
    ucHeap                                   0x200008a4   Data       15360  heap_4.o(.bss)
    .bss                                     0x200044a4   Section     1112  gimbalcontrol.o(.bss)
    .bss                                     0x200048fc   Section       48  controlandestimationalgorithms.o(.bss)
    .bss                                     0x2000492c   Section       96  libspace.o(.bss)
    HEAP                                     0x20004990   Section      512  startup_stm32f407xx.o(HEAP)
    Heap_Mem                                 0x20004990   Data         512  startup_stm32f407xx.o(HEAP)
    STACK                                    0x20004b90   Section     1024  startup_stm32f407xx.o(STACK)
    Stack_Mem                                0x20004b90   Data        1024  startup_stm32f407xx.o(STACK)
    __initial_sp                             0x20004f90   Data           0  startup_stm32f407xx.o(STACK)

    Global Symbols

    Symbol Name                              Value     Ov Type        Size  Object(Section)

    BuildAttributes$$THM_ISAv4$E$P$D$K$B$S$7EM$VFPi3$EXTD16$VFPS$VFMA$PE$A:L22UL41UL21$X:L11$S22US41US21$IEEE1$IW$USESV6$~STKCKD$USESV7$~SHL$OTIME$ROPI$IEEEX$EBA8$UX$STANDARDLIB$REQ8$PRES8$EABIv2 0x00000000   Number         0  anon$$obj.o ABSOLUTE
    __ARM_use_no_argv                        0x00000000   Number         0  main.o ABSOLUTE
    __ARM_exceptions_init                     - Undefined Weak Reference
    __alloca_initialize                       - Undefined Weak Reference
    __arm_preinit_                            - Undefined Weak Reference
    __cpp_initialize__aeabi_                  - Undefined Weak Reference
    __cxa_finalize                            - Undefined Weak Reference
    __rt_locale                               - Undefined Weak Reference
    __sigvec_lookup                           - Undefined Weak Reference
    _atexit_init                              - Undefined Weak Reference
    _call_atexit_fns                          - Undefined Weak Reference
    _clock_init                               - Undefined Weak Reference
    _fp_trap_init                             - Undefined Weak Reference
    _fp_trap_shutdown                         - Undefined Weak Reference
    _get_lc_collate                           - Undefined Weak Reference
    _get_lc_ctype                             - Undefined Weak Reference
    _get_lc_monetary                          - Undefined Weak Reference
    _get_lc_numeric                           - Undefined Weak Reference
    _get_lc_time                              - Undefined Weak Reference
    _getenv_init                              - Undefined Weak Reference
    _handle_redirection                       - Undefined Weak Reference
    _init_alloc                               - Undefined Weak Reference
    _init_user_alloc                          - Undefined Weak Reference
    _initio                                   - Undefined Weak Reference
    _rand_init                                - Undefined Weak Reference
    _signal_finish                            - Undefined Weak Reference
    _signal_init                              - Undefined Weak Reference
    _terminate_alloc                          - Undefined Weak Reference
    _terminate_user_alloc                     - Undefined Weak Reference
    _terminateio                              - Undefined Weak Reference
    __Vectors_Size                           0x00000188   Number         0  startup_stm32f407xx.o ABSOLUTE
    __Vectors                                0x08000000   Data           4  startup_stm32f407xx.o(RESET)
    __Vectors_End                            0x08000188   Data           0  startup_stm32f407xx.o(RESET)
    __main                                   0x08000189   Thumb Code     8  __main.o(!!!main)
    __scatterload                            0x08000191   Thumb Code     0  __scatter.o(!!!scatter)
    __scatterload_rt2                        0x08000191   Thumb Code    44  __scatter.o(!!!scatter)
    __scatterload_rt2_thumb_only             0x08000191   Thumb Code     0  __scatter.o(!!!scatter)
    __scatterload_null                       0x0800019f   Thumb Code     0  __scatter.o(!!!scatter)
    __scatterload_copy                       0x080001c5   Thumb Code    26  __scatter_copy.o(!!handler_copy)
    __scatterload_zeroinit                   0x080001e1   Thumb Code    28  __scatter_zi.o(!!handler_zi)
    __rt_lib_init                            0x080001fd   Thumb Code     0  libinit.o(.ARM.Collect$$libinit$$00000000)
    __rt_lib_init_fp_1                       0x080001ff   Thumb Code     0  libinit2.o(.ARM.Collect$$libinit$$00000001)
    __rt_lib_init_alloca_1                   0x08000203   Thumb Code     0  libinit2.o(.ARM.Collect$$libinit$$0000002E)
    __rt_lib_init_argv_1                     0x08000203   Thumb Code     0  libinit2.o(.ARM.Collect$$libinit$$0000002C)
    __rt_lib_init_atexit_1                   0x08000203   Thumb Code     0  libinit2.o(.ARM.Collect$$libinit$$0000001B)
    __rt_lib_init_clock_1                    0x08000203   Thumb Code     0  libinit2.o(.ARM.Collect$$libinit$$00000021)
    __rt_lib_init_cpp_1                      0x08000203   Thumb Code     0  libinit2.o(.ARM.Collect$$libinit$$00000032)
    __rt_lib_init_exceptions_1               0x08000203   Thumb Code     0  libinit2.o(.ARM.Collect$$libinit$$00000030)
    __rt_lib_init_fp_trap_1                  0x08000203   Thumb Code     0  libinit2.o(.ARM.Collect$$libinit$$0000001F)
    __rt_lib_init_getenv_1                   0x08000203   Thumb Code     0  libinit2.o(.ARM.Collect$$libinit$$00000023)
    __rt_lib_init_heap_1                     0x08000203   Thumb Code     0  libinit2.o(.ARM.Collect$$libinit$$0000000A)
    __rt_lib_init_lc_collate_1               0x08000203   Thumb Code     0  libinit2.o(.ARM.Collect$$libinit$$00000011)
    __rt_lib_init_lc_ctype_1                 0x08000203   Thumb Code     0  libinit2.o(.ARM.Collect$$libinit$$00000013)
    __rt_lib_init_lc_monetary_1              0x08000203   Thumb Code     0  libinit2.o(.ARM.Collect$$libinit$$00000015)
    __rt_lib_init_lc_numeric_1               0x08000203   Thumb Code     0  libinit2.o(.ARM.Collect$$libinit$$00000017)
    __rt_lib_init_lc_time_1                  0x08000203   Thumb Code     0  libinit2.o(.ARM.Collect$$libinit$$00000019)
    __rt_lib_init_preinit_1                  0x08000203   Thumb Code     0  libinit2.o(.ARM.Collect$$libinit$$00000004)
    __rt_lib_init_rand_1                     0x08000203   Thumb Code     0  libinit2.o(.ARM.Collect$$libinit$$0000000E)
    __rt_lib_init_return                     0x08000203   Thumb Code     0  libinit2.o(.ARM.Collect$$libinit$$00000033)
    __rt_lib_init_signal_1                   0x08000203   Thumb Code     0  libinit2.o(.ARM.Collect$$libinit$$0000001D)
    __rt_lib_init_stdio_1                    0x08000203   Thumb Code     0  libinit2.o(.ARM.Collect$$libinit$$00000025)
    __rt_lib_init_user_alloc_1               0x08000203   Thumb Code     0  libinit2.o(.ARM.Collect$$libinit$$0000000C)
    __rt_lib_shutdown                        0x08000205   Thumb Code     0  libshutdown.o(.ARM.Collect$$libshutdown$$00000000)
    __rt_lib_shutdown_cpp_1                  0x08000207   Thumb Code     0  libshutdown2.o(.ARM.Collect$$libshutdown$$00000002)
    __rt_lib_shutdown_fp_trap_1              0x08000207   Thumb Code     0  libshutdown2.o(.ARM.Collect$$libshutdown$$00000007)
    __rt_lib_shutdown_heap_1                 0x08000207   Thumb Code     0  libshutdown2.o(.ARM.Collect$$libshutdown$$0000000F)
    __rt_lib_shutdown_return                 0x08000207   Thumb Code     0  libshutdown2.o(.ARM.Collect$$libshutdown$$00000010)
    __rt_lib_shutdown_signal_1               0x08000207   Thumb Code     0  libshutdown2.o(.ARM.Collect$$libshutdown$$0000000A)
    __rt_lib_shutdown_stdio_1                0x08000207   Thumb Code     0  libshutdown2.o(.ARM.Collect$$libshutdown$$00000004)
    __rt_lib_shutdown_user_alloc_1           0x08000207   Thumb Code     0  libshutdown2.o(.ARM.Collect$$libshutdown$$0000000C)
    __rt_entry                               0x08000209   Thumb Code     0  __rtentry.o(.ARM.Collect$$rtentry$$00000000)
    __rt_entry_presh_1                       0x08000209   Thumb Code     0  __rtentry2.o(.ARM.Collect$$rtentry$$00000002)
    __rt_entry_sh                            0x08000209   Thumb Code     0  __rtentry4.o(.ARM.Collect$$rtentry$$00000004)
    __rt_entry_li                            0x0800020f   Thumb Code     0  __rtentry2.o(.ARM.Collect$$rtentry$$0000000A)
    __rt_entry_postsh_1                      0x0800020f   Thumb Code     0  __rtentry2.o(.ARM.Collect$$rtentry$$00000009)
    __rt_entry_main                          0x08000213   Thumb Code     0  __rtentry2.o(.ARM.Collect$$rtentry$$0000000D)
    __rt_entry_postli_1                      0x08000213   Thumb Code     0  __rtentry2.o(.ARM.Collect$$rtentry$$0000000C)
    __rt_exit                                0x0800021b   Thumb Code     0  rtexit.o(.ARM.Collect$$rtexit$$00000000)
    __rt_exit_ls                             0x0800021d   Thumb Code     0  rtexit2.o(.ARM.Collect$$rtexit$$00000003)
    __rt_exit_prels_1                        0x0800021d   Thumb Code     0  rtexit2.o(.ARM.Collect$$rtexit$$00000002)
    __rt_exit_exit                           0x08000221   Thumb Code     0  rtexit2.o(.ARM.Collect$$rtexit$$00000004)
    SVC_Handler                              0x08000229   Thumb Code    28  port.o(.emb_text)
    __asm___6_port_c_39a90d8d__prvStartFirstTask 0x08000249   Thumb Code    36  port.o(.emb_text)
    __asm___6_port_c_39a90d8d__prvEnableVFP  0x08000271   Thumb Code    16  port.o(.emb_text)
    PendSV_Handler                           0x08000285   Thumb Code    88  port.o(.emb_text)
    vPortGetIPSR                             0x080002e1   Thumb Code     6  port.o(.emb_text)
    Reset_Handler                            0x080002e9   Thumb Code     8  startup_stm32f407xx.o(.text)
    ADC_IRQHandler                           0x08000303   Thumb Code     0  startup_stm32f407xx.o(.text)
    CAN1_RX1_IRQHandler                      0x08000303   Thumb Code     0  startup_stm32f407xx.o(.text)
    CAN1_SCE_IRQHandler                      0x08000303   Thumb Code     0  startup_stm32f407xx.o(.text)
    CAN1_TX_IRQHandler                       0x08000303   Thumb Code     0  startup_stm32f407xx.o(.text)
    CAN2_RX1_IRQHandler                      0x08000303   Thumb Code     0  startup_stm32f407xx.o(.text)
    CAN2_SCE_IRQHandler                      0x08000303   Thumb Code     0  startup_stm32f407xx.o(.text)
    CAN2_TX_IRQHandler                       0x08000303   Thumb Code     0  startup_stm32f407xx.o(.text)
    DCMI_IRQHandler                          0x08000303   Thumb Code     0  startup_stm32f407xx.o(.text)
    DMA1_Stream0_IRQHandler                  0x08000303   Thumb Code     0  startup_stm32f407xx.o(.text)
    DMA1_Stream1_IRQHandler                  0x08000303   Thumb Code     0  startup_stm32f407xx.o(.text)
    DMA1_Stream2_IRQHandler                  0x08000303   Thumb Code     0  startup_stm32f407xx.o(.text)
    DMA1_Stream3_IRQHandler                  0x08000303   Thumb Code     0  startup_stm32f407xx.o(.text)
    DMA1_Stream4_IRQHandler                  0x08000303   Thumb Code     0  startup_stm32f407xx.o(.text)
    DMA1_Stream5_IRQHandler                  0x08000303   Thumb Code     0  startup_stm32f407xx.o(.text)
    DMA1_Stream6_IRQHandler                  0x08000303   Thumb Code     0  startup_stm32f407xx.o(.text)
    DMA1_Stream7_IRQHandler                  0x08000303   Thumb Code     0  startup_stm32f407xx.o(.text)
    DMA2_Stream0_IRQHandler                  0x08000303   Thumb Code     0  startup_stm32f407xx.o(.text)
    DMA2_Stream1_IRQHandler                  0x08000303   Thumb Code     0  startup_stm32f407xx.o(.text)
    DMA2_Stream2_IRQHandler                  0x08000303   Thumb Code     0  startup_stm32f407xx.o(.text)
    DMA2_Stream3_IRQHandler                  0x08000303   Thumb Code     0  startup_stm32f407xx.o(.text)
    DMA2_Stream4_IRQHandler                  0x08000303   Thumb Code     0  startup_stm32f407xx.o(.text)
    DMA2_Stream5_IRQHandler                  0x08000303   Thumb Code     0  startup_stm32f407xx.o(.text)
    DMA2_Stream6_IRQHandler                  0x08000303   Thumb Code     0  startup_stm32f407xx.o(.text)
    DMA2_Stream7_IRQHandler                  0x08000303   Thumb Code     0  startup_stm32f407xx.o(.text)
    ETH_IRQHandler                           0x08000303   Thumb Code     0  startup_stm32f407xx.o(.text)
    ETH_WKUP_IRQHandler                      0x08000303   Thumb Code     0  startup_stm32f407xx.o(.text)
    EXTI0_IRQHandler                         0x08000303   Thumb Code     0  startup_stm32f407xx.o(.text)
    EXTI15_10_IRQHandler                     0x08000303   Thumb Code     0  startup_stm32f407xx.o(.text)
    EXTI1_IRQHandler                         0x08000303   Thumb Code     0  startup_stm32f407xx.o(.text)
    EXTI2_IRQHandler                         0x08000303   Thumb Code     0  startup_stm32f407xx.o(.text)
    EXTI3_IRQHandler                         0x08000303   Thumb Code     0  startup_stm32f407xx.o(.text)
    EXTI4_IRQHandler                         0x08000303   Thumb Code     0  startup_stm32f407xx.o(.text)
    EXTI9_5_IRQHandler                       0x08000303   Thumb Code     0  startup_stm32f407xx.o(.text)
    FLASH_IRQHandler                         0x08000303   Thumb Code     0  startup_stm32f407xx.o(.text)
    FMC_IRQHandler                           0x08000303   Thumb Code     0  startup_stm32f407xx.o(.text)
    FPU_IRQHandler                           0x08000303   Thumb Code     0  startup_stm32f407xx.o(.text)
    HASH_RNG_IRQHandler                      0x08000303   Thumb Code     0  startup_stm32f407xx.o(.text)
    I2C1_ER_IRQHandler                       0x08000303   Thumb Code     0  startup_stm32f407xx.o(.text)
    I2C1_EV_IRQHandler                       0x08000303   Thumb Code     0  startup_stm32f407xx.o(.text)
    I2C2_ER_IRQHandler                       0x08000303   Thumb Code     0  startup_stm32f407xx.o(.text)
    I2C2_EV_IRQHandler                       0x08000303   Thumb Code     0  startup_stm32f407xx.o(.text)
    I2C3_ER_IRQHandler                       0x08000303   Thumb Code     0  startup_stm32f407xx.o(.text)
    I2C3_EV_IRQHandler                       0x08000303   Thumb Code     0  startup_stm32f407xx.o(.text)
    OTG_FS_IRQHandler                        0x08000303   Thumb Code     0  startup_stm32f407xx.o(.text)
    OTG_FS_WKUP_IRQHandler                   0x08000303   Thumb Code     0  startup_stm32f407xx.o(.text)
    OTG_HS_EP1_IN_IRQHandler                 0x08000303   Thumb Code     0  startup_stm32f407xx.o(.text)
    OTG_HS_EP1_OUT_IRQHandler                0x08000303   Thumb Code     0  startup_stm32f407xx.o(.text)
    OTG_HS_IRQHandler                        0x08000303   Thumb Code     0  startup_stm32f407xx.o(.text)
    OTG_HS_WKUP_IRQHandler                   0x08000303   Thumb Code     0  startup_stm32f407xx.o(.text)
    PVD_IRQHandler                           0x08000303   Thumb Code     0  startup_stm32f407xx.o(.text)
    RCC_IRQHandler                           0x08000303   Thumb Code     0  startup_stm32f407xx.o(.text)
    RTC_Alarm_IRQHandler                     0x08000303   Thumb Code     0  startup_stm32f407xx.o(.text)
    RTC_WKUP_IRQHandler                      0x08000303   Thumb Code     0  startup_stm32f407xx.o(.text)
    SDIO_IRQHandler                          0x08000303   Thumb Code     0  startup_stm32f407xx.o(.text)
    SPI1_IRQHandler                          0x08000303   Thumb Code     0  startup_stm32f407xx.o(.text)
    SPI2_IRQHandler                          0x08000303   Thumb Code     0  startup_stm32f407xx.o(.text)
    SPI3_IRQHandler                          0x08000303   Thumb Code     0  startup_stm32f407xx.o(.text)
    TAMP_STAMP_IRQHandler                    0x08000303   Thumb Code     0  startup_stm32f407xx.o(.text)
    TIM1_BRK_TIM9_IRQHandler                 0x08000303   Thumb Code     0  startup_stm32f407xx.o(.text)
    TIM1_CC_IRQHandler                       0x08000303   Thumb Code     0  startup_stm32f407xx.o(.text)
    TIM1_TRG_COM_TIM11_IRQHandler            0x08000303   Thumb Code     0  startup_stm32f407xx.o(.text)
    TIM1_UP_TIM10_IRQHandler                 0x08000303   Thumb Code     0  startup_stm32f407xx.o(.text)
    TIM2_IRQHandler                          0x08000303   Thumb Code     0  startup_stm32f407xx.o(.text)
    TIM3_IRQHandler                          0x08000303   Thumb Code     0  startup_stm32f407xx.o(.text)
    TIM4_IRQHandler                          0x08000303   Thumb Code     0  startup_stm32f407xx.o(.text)
    TIM5_IRQHandler                          0x08000303   Thumb Code     0  startup_stm32f407xx.o(.text)
    TIM6_DAC_IRQHandler                      0x08000303   Thumb Code     0  startup_stm32f407xx.o(.text)
    TIM7_IRQHandler                          0x08000303   Thumb Code     0  startup_stm32f407xx.o(.text)
    TIM8_BRK_TIM12_IRQHandler                0x08000303   Thumb Code     0  startup_stm32f407xx.o(.text)
    TIM8_CC_IRQHandler                       0x08000303   Thumb Code     0  startup_stm32f407xx.o(.text)
    TIM8_TRG_COM_TIM14_IRQHandler            0x08000303   Thumb Code     0  startup_stm32f407xx.o(.text)
    TIM8_UP_TIM13_IRQHandler                 0x08000303   Thumb Code     0  startup_stm32f407xx.o(.text)
    UART4_IRQHandler                         0x08000303   Thumb Code     0  startup_stm32f407xx.o(.text)
    UART5_IRQHandler                         0x08000303   Thumb Code     0  startup_stm32f407xx.o(.text)
    USART1_IRQHandler                        0x08000303   Thumb Code     0  startup_stm32f407xx.o(.text)
    USART2_IRQHandler                        0x08000303   Thumb Code     0  startup_stm32f407xx.o(.text)
    USART3_IRQHandler                        0x08000303   Thumb Code     0  startup_stm32f407xx.o(.text)
    USART6_IRQHandler                        0x08000303   Thumb Code     0  startup_stm32f407xx.o(.text)
    WWDG_IRQHandler                          0x08000303   Thumb Code     0  startup_stm32f407xx.o(.text)
    __user_initial_stackheap                 0x08000305   Thumb Code     0  startup_stm32f407xx.o(.text)
    __aeabi_uldivmod                         0x08000329   Thumb Code     0  lludivv7m.o(.text)
    _ll_udiv                                 0x08000329   Thumb Code   238  lludivv7m.o(.text)
    __aeabi_memcpy4                          0x08000417   Thumb Code     0  rt_memcpy_w.o(.text)
    __aeabi_memcpy8                          0x08000417   Thumb Code     0  rt_memcpy_w.o(.text)
    __rt_memcpy_w                            0x08000417   Thumb Code   100  rt_memcpy_w.o(.text)
    _memcpy_lastbytes_aligned                0x0800045f   Thumb Code     0  rt_memcpy_w.o(.text)
    __aeabi_memclr4                          0x0800047b   Thumb Code     0  rt_memclr_w.o(.text)
    __aeabi_memclr8                          0x0800047b   Thumb Code     0  rt_memclr_w.o(.text)
    __rt_memclr_w                            0x0800047b   Thumb Code    78  rt_memclr_w.o(.text)
    _memset_w                                0x0800047f   Thumb Code     0  rt_memclr_w.o(.text)
    __use_two_region_memory                  0x080004c9   Thumb Code     2  heapauxi.o(.text)
    __rt_heap_escrow$2region                 0x080004cb   Thumb Code     2  heapauxi.o(.text)
    __rt_heap_expand$2region                 0x080004cd   Thumb Code     2  heapauxi.o(.text)
    __read_errno                             0x080004cf   Thumb Code    10  _rserrno.o(.text)
    __set_errno                              0x080004d9   Thumb Code    12  _rserrno.o(.text)
    __aeabi_errno_addr                       0x080004e5   Thumb Code     8  rt_errno_addr_intlibspace.o(.text)
    __errno$intlibspace                      0x080004e5   Thumb Code     0  rt_errno_addr_intlibspace.o(.text)
    __rt_errno_addr$intlibspace              0x080004e5   Thumb Code     0  rt_errno_addr_intlibspace.o(.text)
    __user_libspace                          0x080004ed   Thumb Code     8  libspace.o(.text)
    __user_perproc_libspace                  0x080004ed   Thumb Code     0  libspace.o(.text)
    __user_perthread_libspace                0x080004ed   Thumb Code     0  libspace.o(.text)
    __user_setup_stackheap                   0x080004f5   Thumb Code    74  sys_stackheap_outer.o(.text)
    exit                                     0x0800053f   Thumb Code    18  exit.o(.text)
    _sys_exit                                0x08000551   Thumb Code     8  sys_exit.o(.text)
    __I$use$semihosting                      0x0800055d   Thumb Code     0  use_no_semi.o(.text)
    __use_no_semihosting_swi                 0x0800055d   Thumb Code     2  use_no_semi.o(.text)
    __semihosting_library_function           0x0800055f   Thumb Code     0  indicate_semi.o(.text)
    AHRS_init                                0x08000561   Thumb Code    34  ins_task.o(i.AHRS_init)
    BMI088_ACCEL_NS_H                        0x08000589   Thumb Code    14  bmi088middleware.o(i.BMI088_ACCEL_NS_H)
    BMI088_ACCEL_NS_L                        0x0800059d   Thumb Code    14  bmi088middleware.o(i.BMI088_ACCEL_NS_L)
    BMI088_GPIO_init                         0x080005b1   Thumb Code     2  bmi088middleware.o(i.BMI088_GPIO_init)
    BMI088_GYRO_NS_H                         0x080005b5   Thumb Code    14  bmi088middleware.o(i.BMI088_GYRO_NS_H)
    BMI088_GYRO_NS_L                         0x080005c9   Thumb Code    14  bmi088middleware.o(i.BMI088_GYRO_NS_L)
    BMI088_com_init                          0x080005dd   Thumb Code     2  bmi088middleware.o(i.BMI088_com_init)
    BMI088_delay_ms                          0x080005df   Thumb Code    12  bmi088middleware.o(i.BMI088_delay_ms)
    BMI088_delay_us                          0x080005eb   Thumb Code    12  bmi088middleware.o(i.BMI088_delay_us)
    BMI088_init                              0x080005f7   Thumb Code    28  bmi088driver.o(i.BMI088_init)
    BMI088_read                              0x08000615   Thumb Code   372  bmi088driver.o(i.BMI088_read)
    BMI088_read_write_byte                   0x080007d1   Thumb Code    28  bmi088middleware.o(i.BMI088_read_write_byte)
    BusFault_Handler                         0x08000805   Thumb Code     4  stm32f4xx_it.o(i.BusFault_Handler)
    CAN1_RX0_IRQHandler                      0x08000809   Thumb Code    10  stm32f4xx_it.o(i.CAN1_RX0_IRQHandler)
    CAN2_RX0_IRQHandler                      0x08000819   Thumb Code    10  stm32f4xx_it.o(i.CAN2_RX0_IRQHandler)
    CAN_cmd_gimbal                           0x08000829   Thumb Code    68  can_receive.o(i.CAN_cmd_gimbal)
    DebugMon_Handler                         0x08000879   Thumb Code     2  stm32f4xx_it.o(i.DebugMon_Handler)
    Error_Handler                            0x0800087b   Thumb Code     2  main.o(i.Error_Handler)
    HAL_CAN_ActivateNotification             0x0800087d   Thumb Code    36  stm32f4xx_hal_can.o(i.HAL_CAN_ActivateNotification)
    HAL_CAN_AddTxMessage                     0x080008a1   Thumb Code   260  stm32f4xx_hal_can.o(i.HAL_CAN_AddTxMessage)
    HAL_CAN_ConfigFilter                     0x080009a5   Thumb Code   290  stm32f4xx_hal_can.o(i.HAL_CAN_ConfigFilter)
    HAL_CAN_DeactivateNotification           0x08000acd   Thumb Code    38  stm32f4xx_hal_can.o(i.HAL_CAN_DeactivateNotification)
    HAL_CAN_ErrorCallback                    0x08000af3   Thumb Code     2  stm32f4xx_hal_can.o(i.HAL_CAN_ErrorCallback)
    HAL_CAN_GetRxMessage                     0x08000af5   Thumb Code   364  stm32f4xx_hal_can.o(i.HAL_CAN_GetRxMessage)
    HAL_CAN_IRQHandler                       0x08000c61   Thumb Code   564  stm32f4xx_hal_can.o(i.HAL_CAN_IRQHandler)
    HAL_CAN_Init                             0x08000e95   Thumb Code   360  stm32f4xx_hal_can.o(i.HAL_CAN_Init)
    HAL_CAN_MspInit                          0x08000ffd   Thumb Code   328  can.o(i.HAL_CAN_MspInit)
    HAL_CAN_RxFifo0FullCallback              0x0800115d   Thumb Code     2  stm32f4xx_hal_can.o(i.HAL_CAN_RxFifo0FullCallback)
    HAL_CAN_RxFifo0MsgPendingCallback        0x08001161   Thumb Code   208  can_receive.o(i.HAL_CAN_RxFifo0MsgPendingCallback)
    HAL_CAN_RxFifo1FullCallback              0x0800123d   Thumb Code     2  stm32f4xx_hal_can.o(i.HAL_CAN_RxFifo1FullCallback)
    HAL_CAN_RxFifo1MsgPendingCallback        0x0800123f   Thumb Code     2  stm32f4xx_hal_can.o(i.HAL_CAN_RxFifo1MsgPendingCallback)
    HAL_CAN_SleepCallback                    0x08001241   Thumb Code     2  stm32f4xx_hal_can.o(i.HAL_CAN_SleepCallback)
    HAL_CAN_Start                            0x08001243   Thumb Code   100  stm32f4xx_hal_can.o(i.HAL_CAN_Start)
    HAL_CAN_TxMailbox0AbortCallback          0x080012a7   Thumb Code     2  stm32f4xx_hal_can.o(i.HAL_CAN_TxMailbox0AbortCallback)
    HAL_CAN_TxMailbox0CompleteCallback       0x080012a9   Thumb Code     2  stm32f4xx_hal_can.o(i.HAL_CAN_TxMailbox0CompleteCallback)
    HAL_CAN_TxMailbox1AbortCallback          0x080012ab   Thumb Code     2  stm32f4xx_hal_can.o(i.HAL_CAN_TxMailbox1AbortCallback)
    HAL_CAN_TxMailbox1CompleteCallback       0x080012ad   Thumb Code     2  stm32f4xx_hal_can.o(i.HAL_CAN_TxMailbox1CompleteCallback)
    HAL_CAN_TxMailbox2AbortCallback          0x080012af   Thumb Code     2  stm32f4xx_hal_can.o(i.HAL_CAN_TxMailbox2AbortCallback)
    HAL_CAN_TxMailbox2CompleteCallback       0x080012b1   Thumb Code     2  stm32f4xx_hal_can.o(i.HAL_CAN_TxMailbox2CompleteCallback)
    HAL_CAN_WakeUpFromRxMsgCallback          0x080012b3   Thumb Code     2  stm32f4xx_hal_can.o(i.HAL_CAN_WakeUpFromRxMsgCallback)
    HAL_GPIO_Init                            0x080012b5   Thumb Code   538  stm32f4xx_hal_gpio.o(i.HAL_GPIO_Init)
    HAL_GPIO_WritePin                        0x080014e5   Thumb Code    14  stm32f4xx_hal_gpio.o(i.HAL_GPIO_WritePin)
    HAL_GetTick                              0x080014f5   Thumb Code     6  stm32f4xx_hal.o(i.HAL_GetTick)
    HAL_I2C_Init                             0x08001501   Thumb Code   410  stm32f4xx_hal_i2c.o(i.HAL_I2C_Init)
    HAL_I2C_Mem_Read                         0x080016ad   Thumb Code   692  stm32f4xx_hal_i2c.o(i.HAL_I2C_Mem_Read)
    HAL_I2C_Mem_Write                        0x0800196d   Thumb Code   362  stm32f4xx_hal_i2c.o(i.HAL_I2C_Mem_Write)
    HAL_I2C_MspInit                          0x08001ae1   Thumb Code   182  i2c.o(i.HAL_I2C_MspInit)
    HAL_IncTick                              0x08001ba9   Thumb Code    12  stm32f4xx_hal.o(i.HAL_IncTick)
    HAL_Init                                 0x08001bb9   Thumb Code    48  stm32f4xx_hal.o(i.HAL_Init)
    HAL_InitTick                             0x08001bed   Thumb Code    58  stm32f4xx_hal.o(i.HAL_InitTick)
    HAL_MspInit                              0x08001c31   Thumb Code    78  stm32f4xx_hal_msp.o(i.HAL_MspInit)
    HAL_NVIC_EnableIRQ                       0x08001c85   Thumb Code    28  stm32f4xx_hal_cortex.o(i.HAL_NVIC_EnableIRQ)
    HAL_NVIC_SetPriority                     0x08001ca1   Thumb Code    98  stm32f4xx_hal_cortex.o(i.HAL_NVIC_SetPriority)
    HAL_NVIC_SetPriorityGrouping             0x08001d09   Thumb Code    30  stm32f4xx_hal_cortex.o(i.HAL_NVIC_SetPriorityGrouping)
    HAL_RCC_ClockConfig                      0x08001d2d   Thumb Code   354  stm32f4xx_hal_rcc.o(i.HAL_RCC_ClockConfig)
    HAL_RCC_GetHCLKFreq                      0x08001ea9   Thumb Code     6  stm32f4xx_hal_rcc.o(i.HAL_RCC_GetHCLKFreq)
    HAL_RCC_GetPCLK1Freq                     0x08001eb5   Thumb Code    22  stm32f4xx_hal_rcc.o(i.HAL_RCC_GetPCLK1Freq)
    HAL_RCC_GetPCLK2Freq                     0x08001ed5   Thumb Code    22  stm32f4xx_hal_rcc.o(i.HAL_RCC_GetPCLK2Freq)
    HAL_RCC_GetSysClockFreq                  0x08001ef5   Thumb Code    94  stm32f4xx_hal_rcc.o(i.HAL_RCC_GetSysClockFreq)
    HAL_RCC_OscConfig                        0x08001f65   Thumb Code  1154  stm32f4xx_hal_rcc.o(i.HAL_RCC_OscConfig)
    HAL_SPI_Init                             0x080023e7   Thumb Code   190  stm32f4xx_hal_spi.o(i.HAL_SPI_Init)
    HAL_SPI_MspInit                          0x080024a5   Thumb Code   180  spi.o(i.HAL_SPI_MspInit)
    HAL_SPI_TransmitReceive                  0x08002569   Thumb Code   504  stm32f4xx_hal_spi.o(i.HAL_SPI_TransmitReceive)
    HAL_SYSTICK_Config                       0x08002761   Thumb Code    36  stm32f4xx_hal_cortex.o(i.HAL_SYSTICK_Config)
    HAL_TIMEx_MasterConfigSynchronization    0x08002789   Thumb Code   154  stm32f4xx_hal_tim_ex.o(i.HAL_TIMEx_MasterConfigSynchronization)
    HAL_TIM_Base_Init                        0x08002823   Thumb Code    92  stm32f4xx_hal_tim.o(i.HAL_TIM_Base_Init)
    HAL_TIM_Base_MspInit                     0x08002881   Thumb Code    44  tim.o(i.HAL_TIM_Base_MspInit)
    HAL_TIM_MspPostInit                      0x080028b5   Thumb Code   156  tim.o(i.HAL_TIM_MspPostInit)
    HAL_TIM_PWM_ConfigChannel                0x08002965   Thumb Code   216  stm32f4xx_hal_tim.o(i.HAL_TIM_PWM_ConfigChannel)
    HAL_TIM_PWM_Init                         0x08002a3d   Thumb Code    92  stm32f4xx_hal_tim.o(i.HAL_TIM_PWM_Init)
    HAL_TIM_PWM_MspInit                      0x08002a99   Thumb Code    44  tim.o(i.HAL_TIM_PWM_MspInit)
    HAL_UART_Init                            0x08002acd   Thumb Code   100  stm32f4xx_hal_uart.o(i.HAL_UART_Init)
    HAL_UART_MspInit                         0x08002b31   Thumb Code   182  usart.o(i.HAL_UART_MspInit)
    HardFault_Handler                        0x08002bf9   Thumb Code     4  stm32f4xx_it.o(i.HardFault_Handler)
    INS_task                                 0x0800310d   Thumb Code   478  ins_task.o(i.INS_task)
    LQR_controller                           0x08003355   Thumb Code   190  controlandestimationalgorithms.o(i.LQR_controller)
    LQR_gain_init                            0x08003425   Thumb Code   118  controlandestimationalgorithms.o(i.LQR_gain_init)
    MX_CAN1_Init                             0x080034c1   Thumb Code    58  can.o(i.MX_CAN1_Init)
    MX_CAN2_Init                             0x08003505   Thumb Code    58  can.o(i.MX_CAN2_Init)
    MX_FREERTOS_Init                         0x08003549   Thumb Code    54  freertos.o(i.MX_FREERTOS_Init)
    MX_GPIO_Init                             0x0800358d   Thumb Code   310  gpio.o(i.MX_GPIO_Init)
    MX_I2C3_Init                             0x080036d5   Thumb Code    48  i2c.o(i.MX_I2C3_Init)
    MX_SPI1_Init                             0x08003711   Thumb Code    62  spi.o(i.MX_SPI1_Init)
    MX_TIM10_Init                            0x08003759   Thumb Code   100  tim.o(i.MX_TIM10_Init)
    MX_TIM5_Init                             0x080037c5   Thumb Code   144  tim.o(i.MX_TIM5_Init)
    MX_USART1_UART_Init                      0x0800385d   Thumb Code    46  usart.o(i.MX_USART1_UART_Init)
    MahonyAHRSupdateIMU                      0x08003895   Thumb Code   306  mahonyahrs.o(i.MahonyAHRSupdateIMU)
    MemManage_Handler                        0x080039cd   Thumb Code     4  stm32f4xx_it.o(i.MemManage_Handler)
    NMI_Handler                              0x080039d1   Thumb Code     2  stm32f4xx_it.o(i.NMI_Handler)
    PID_init                                 0x080039d5   Thumb Code    92  pid.o(i.PID_init)
    SysTick_Handler                          0x08003b71   Thumb Code    20  stm32f4xx_it.o(i.SysTick_Handler)
    SystemClock_Config                       0x08003b85   Thumb Code   170  main.o(i.SystemClock_Config)
    SystemInit                               0x08003c39   Thumb Code    82  system_stm32f4xx.o(i.SystemInit)
    TIM_Base_SetConfig                       0x08003c9d   Thumb Code   182  stm32f4xx_hal_tim.o(i.TIM_Base_SetConfig)
    TIM_OC2_SetConfig                        0x08003dd9   Thumb Code   112  stm32f4xx_hal_tim.o(i.TIM_OC2_SetConfig)
    UsageFault_Handler                       0x0800401d   Thumb Code     4  stm32f4xx_it.o(i.UsageFault_Handler)
    __ARM_fpclassifyf                        0x08004021   Thumb Code    38  fpclassifyf.o(i.__ARM_fpclassifyf)
    __hardfp_asinf                           0x08004049   Thumb Code   258  asinf.o(i.__hardfp_asinf)
    __hardfp_atan2f                          0x08004175   Thumb Code   502  atan2f.o(i.__hardfp_atan2f)
    __mathlib_flt_infnan                     0x080043c5   Thumb Code     6  funder.o(i.__mathlib_flt_infnan)
    __mathlib_flt_infnan2                    0x080043cb   Thumb Code     6  funder.o(i.__mathlib_flt_infnan2)
    __mathlib_flt_invalid                    0x080043d1   Thumb Code    10  funder.o(i.__mathlib_flt_invalid)
    __mathlib_flt_underflow                  0x080043e1   Thumb Code    10  funder.o(i.__mathlib_flt_underflow)
    bmi088_accel_init                        0x080043f1   Thumb Code   350  bmi088driver.o(i.bmi088_accel_init)
    bmi088_gyro_init                         0x0800455d   Thumb Code   276  bmi088driver.o(i.bmi088_gyro_init)
    can_filter_init                          0x0800467d   Thumb Code    68  bsp_can.o(i.can_filter_init)
    chassis_task                             0x080046c9   Thumb Code    14  chassis_task.o(i.chassis_task)
    delay_us                                 0x080046d9   Thumb Code    76  bsp_delay.o(i.delay_us)
    get_angle                                0x08004729   Thumb Code   220  ins_task.o(i.get_angle)
    gimbal_control_init                      0x08004805   Thumb Code    16  gimbalcontrol.o(i.gimbal_control_init)
    gimbal_control_loop                      0x08004819   Thumb Code   496  gimbalcontrol.o(i.gimbal_control_loop)
    gimbal_model_init                        0x08004a39   Thumb Code   938  controlutilities.o(i.gimbal_model_init)
    invSqrt                                  0x08004e09   Thumb Code    56  mahonyahrs.o(i.invSqrt)
    ist8310_GPIO_init                        0x08004e45   Thumb Code     2  ist8310driver_middleware.o(i.ist8310_GPIO_init)
    ist8310_IIC_read_single_reg              0x08004e49   Thumb Code    36  ist8310driver_middleware.o(i.ist8310_IIC_read_single_reg)
    ist8310_IIC_write_single_reg             0x08004e71   Thumb Code    34  ist8310driver_middleware.o(i.ist8310_IIC_write_single_reg)
    ist8310_RST_H                            0x08004e99   Thumb Code    14  ist8310driver_middleware.o(i.ist8310_RST_H)
    ist8310_RST_L                            0x08004ead   Thumb Code    14  ist8310driver_middleware.o(i.ist8310_RST_L)
    ist8310_com_init                         0x08004ec1   Thumb Code     2  ist8310driver_middleware.o(i.ist8310_com_init)
    ist8310_delay_ms                         0x08004ec3   Thumb Code    12  ist8310driver_middleware.o(i.ist8310_delay_ms)
    ist8310_init                             0x08004ed1   Thumb Code   142  ist8310driver.o(i.ist8310_init)
    legalize_control_signal                  0x08004f65   Thumb Code    20  controlutilities.o(i.legalize_control_signal)
    main                                     0x08004f79   Thumb Code    56  main.o(i.main)
    osDelay                                  0x08004fbd   Thumb Code    16  cmsis_os.o(i.osDelay)
    osKernelStart                            0x08004fcd   Thumb Code    10  cmsis_os.o(i.osKernelStart)
    osThreadCreate                           0x08004fd7   Thumb Code    92  cmsis_os.o(i.osThreadCreate)
    pvPortMalloc                             0x080053bd   Thumb Code   224  heap_4.o(i.pvPortMalloc)
    pxPortInitialiseStack                    0x080054a5   Thumb Code    38  port.o(i.pxPortInitialiseStack)
    sqrtf                                    0x080054d1   Thumb Code    62  sqrtf.o(i.sqrtf)
    uxListRemove                             0x0800550f   Thumb Code    38  list.o(i.uxListRemove)
    vApplicationGetIdleTaskMemory            0x08005535   Thumb Code    14  freertos.o(i.vApplicationGetIdleTaskMemory)
    vListInitialise                          0x0800554d   Thumb Code    22  list.o(i.vListInitialise)
    vListInitialiseItem                      0x08005563   Thumb Code     6  list.o(i.vListInitialiseItem)
    vListInsert                              0x08005569   Thumb Code    54  list.o(i.vListInsert)
    vListInsertEnd                           0x0800559f   Thumb Code    24  list.o(i.vListInsertEnd)
    vPortEnterCritical                       0x080055b9   Thumb Code    54  port.o(i.vPortEnterCritical)
    vPortExitCritical                        0x080055f9   Thumb Code    38  port.o(i.vPortExitCritical)
    vPortFree                                0x08005625   Thumb Code    94  heap_4.o(i.vPortFree)
    vPortSetupTimerInterrupt                 0x08005689   Thumb Code    32  port.o(i.vPortSetupTimerInterrupt)
    vTaskDelay                               0x080056ad   Thumb Code    70  tasks.o(i.vTaskDelay)
    vTaskStartScheduler                      0x080056fd   Thumb Code   120  tasks.o(i.vTaskStartScheduler)
    vTaskSuspendAll                          0x08005785   Thumb Code    10  tasks.o(i.vTaskSuspendAll)
    vTaskSwitchContext                       0x08005795   Thumb Code    86  tasks.o(i.vTaskSwitchContext)
    xPortStartScheduler                      0x080057f5   Thumb Code   232  port.o(i.xPortStartScheduler)
    xPortSysTickHandler                      0x080058f9   Thumb Code    38  port.o(i.xPortSysTickHandler)
    xTaskCreate                              0x08005925   Thumb Code   108  tasks.o(i.xTaskCreate)
    xTaskCreateStatic                        0x08005991   Thumb Code    96  tasks.o(i.xTaskCreateStatic)
    xTaskGetSchedulerState                   0x080059f1   Thumb Code    24  tasks.o(i.xTaskGetSchedulerState)
    xTaskIncrementTick                       0x08005a0d   Thumb Code   202  tasks.o(i.xTaskIncrementTick)
    xTaskResumeAll                           0x08005ae1   Thumb Code   190  tasks.o(i.xTaskResumeAll)
    __aeabi_dneg                             0x08005bad   Thumb Code     0  basic.o(x$fpl$basic)
    _dneg                                    0x08005bad   Thumb Code     6  basic.o(x$fpl$basic)
    __aeabi_fneg                             0x08005bb3   Thumb Code     0  basic.o(x$fpl$basic)
    _fneg                                    0x08005bb3   Thumb Code     6  basic.o(x$fpl$basic)
    _dabs                                    0x08005bb9   Thumb Code     6  basic.o(x$fpl$basic)
    _fabs                                    0x08005bbf   Thumb Code     6  basic.o(x$fpl$basic)
    __aeabi_d2f                              0x08005bc5   Thumb Code     0  d2f.o(x$fpl$d2f)
    _d2f                                     0x08005bc5   Thumb Code    98  d2f.o(x$fpl$d2f)
    __aeabi_dadd                             0x08005c29   Thumb Code     0  daddsub_clz.o(x$fpl$dadd)
    _dadd                                    0x08005c29   Thumb Code   332  daddsub_clz.o(x$fpl$dadd)
    __aeabi_ddiv                             0x08005d79   Thumb Code     0  ddiv.o(x$fpl$ddiv)
    _ddiv                                    0x08005d79   Thumb Code   552  ddiv.o(x$fpl$ddiv)
    __aeabi_ui2d                             0x08006029   Thumb Code     0  dflt_clz.o(x$fpl$dfltu)
    _dfltu                                   0x08006029   Thumb Code    38  dflt_clz.o(x$fpl$dfltu)
    __aeabi_dmul                             0x08006051   Thumb Code     0  dmul.o(x$fpl$dmul)
    _dmul                                    0x08006051   Thumb Code   332  dmul.o(x$fpl$dmul)
    __fpl_dnaninf                            0x080061a5   Thumb Code   156  dnaninf.o(x$fpl$dnaninf)
    __fpl_dretinf                            0x08006241   Thumb Code    12  dretinf.o(x$fpl$dretinf)
    __aeabi_dsub                             0x0800624d   Thumb Code     0  daddsub_clz.o(x$fpl$dsub)
    _dsub                                    0x0800624d   Thumb Code   464  daddsub_clz.o(x$fpl$dsub)
    __aeabi_f2d                              0x08006421   Thumb Code     0  f2d.o(x$fpl$f2d)
    _f2d                                     0x08006421   Thumb Code    86  f2d.o(x$fpl$f2d)
    __fpl_fnaninf                            0x08006477   Thumb Code   140  fnaninf.o(x$fpl$fnaninf)
    _fp_init                                 0x08006503   Thumb Code    10  fpinit.o(x$fpl$fpinit)
    __fplib_config_fpu_vfp                   0x0800650b   Thumb Code     0  fpinit.o(x$fpl$fpinit)
    __fplib_config_pureend_doubles           0x0800650b   Thumb Code     0  fpinit.o(x$fpl$fpinit)
    __fpl_fretinf                            0x0800650d   Thumb Code    10  fretinf.o(x$fpl$fretinf)
    __I$use$fp                               0x08006516   Number         0  usenofp.o(x$fpl$usenofp)
    AHBPrescTable                            0x08006550   Data          16  system_stm32f4xx.o(.constdata)
    APBPrescTable                            0x08006560   Data           8  system_stm32f4xx.o(.constdata)
    Region$$Table$$Base                      0x08006594   Number         0  anon$$obj.o(Region$$Table)
    Region$$Table$$Limit                     0x080065b4   Number         0  anon$$obj.o(Region$$Table)
    ImuTaskHandle                            0x20000000   Data           4  freertos.o(.data)
    ChassisTaskHandle                        0x20000004   Data           4  freertos.o(.data)
    SystemCoreClock                          0x2000000c   Data           4  system_stm32f4xx.o(.data)
    gyro_temperature                         0x20000030   Data           4  ins_task.o(.data)
    counter_gyro                             0x20000034   Data           2  ins_task.o(.data)
    bmi088_ist3810_init_flag                 0x20000036   Data           1  ins_task.o(.data)
    clock_ticks_counter                      0x20000038   Data           4  ins_task.o(.data)
    uwTickFreq                               0x20000040   Data           1  stm32f4xx_hal.o(.data)
    uwTickPrio                               0x20000044   Data           4  stm32f4xx_hal.o(.data)
    uwTick                                   0x20000048   Data           4  stm32f4xx_hal.o(.data)
    pxCurrentTCB                             0x2000004c   Data           4  tasks.o(.data)
    need_to_initialize_gimbal                0x200000b4   Data           4  gimbalcontrol.o(.data)
    gain_torque_to_voltage                   0x200000b8   Data           4  gimbalcontrol.o(.data)
    ref_gimbal_yaw                           0x200000bc   Data           4  gimbalcontrol.o(.data)
    ref_gimbal_pitch                         0x200000c0   Data           4  gimbalcontrol.o(.data)
    control_signal_gimbal_yaw_value          0x200000c4   Data           4  gimbalcontrol.o(.data)
    control_signal_gimbal_pitch_value        0x200000c8   Data           4  gimbalcontrol.o(.data)
    BMI088_ACCEL_SEN                         0x200000cc   Data           4  bmi088driver.o(.data)
    BMI088_GYRO_SEN                          0x200000d0   Data           4  bmi088driver.o(.data)
    res_p                                    0x200000d4   Data           1  bmi088driver.o(.data)
    write_reg_num                            0x200000d5   Data           1  bmi088driver.o(.data)
    res_g                                    0x200000d6   Data           1  bmi088driver.o(.data)
    hcan1                                    0x20000350   Data          40  can.o(.bss)
    hcan2                                    0x20000378   Data          40  can.o(.bss)
    hi2c3                                    0x200003a0   Data          84  i2c.o(.bss)
    hspi1                                    0x200003f4   Data          88  spi.o(.bss)
    htim5                                    0x2000044c   Data          72  tim.o(.bss)
    htim10                                   0x20000494   Data          72  tim.o(.bss)
    huart1                                   0x200004dc   Data          68  usart.o(.bss)
    motor_speed_print                        0x200005dc   Data          30  can_receive.o(.bss)
    bmi088_real_data                         0x200005fc   Data          36  ins_task.o(.bss)
    ist8310_real_data                        0x20000620   Data          16  ins_task.o(.bss)
    INS_quat                                 0x20000678   Data          16  ins_task.o(.bss)
    INS_angle                                0x20000688   Data          12  ins_task.o(.bss)
    ins_correct_angle                        0x20000694   Data          12  ins_task.o(.bss)
    angle_print_x                            0x200006c4   Data          30  ins_task.o(.bss)
    angle_print_y                            0x200006e2   Data          30  ins_task.o(.bss)
    angle_print_z                            0x20000700   Data          30  ins_task.o(.bss)
    accel_print_x                            0x2000071e   Data          30  ins_task.o(.bss)
    accel_print_y                            0x2000073c   Data          30  ins_task.o(.bss)
    accel_print_z                            0x2000075a   Data          30  ins_task.o(.bss)
    gyro_temperature_print                   0x20000778   Data          30  ins_task.o(.bss)
    counter_gyro_print                       0x20000796   Data          30  ins_task.o(.bss)
    standard_gimbal                          0x200044a4   Data        1112  gimbalcontrol.o(.bss)
    BR_chassis_LQR_K                         0x200048fc   Data          16  controlandestimationalgorithms.o(.bss)
    BR_gimbal_LQR_K                          0x2000490c   Data          32  controlandestimationalgorithms.o(.bss)
    __libspace_start                         0x2000492c   Data          96  libspace.o(.bss)
    __temporary_stack_top$libspace           0x2000498c   Data           0  libspace.o(.bss)



==============================================================================

Memory Map of the image

  Image Entry point : 0x08000189

  Load Region LR_IROM1 (Base: 0x08000000, Size: 0x000066b0, Max: 0x00100000, ABSOLUTE)

    Execution Region ER_IROM1 (Exec base: 0x08000000, Load base: 0x08000000, Size: 0x000065b4, Max: 0x00100000, ABSOLUTE)

    Exec Addr    Load Addr    Size         Type   Attr      Idx    E Section Name        Object

    0x08000000   0x08000000   0x00000188   Data   RO            3    RESET               startup_stm32f407xx.o
    0x08000188   0x08000188   0x00000008   Code   RO         6549  * !!!main             c_w.l(__main.o)
    0x08000190   0x08000190   0x00000034   Code   RO         6828    !!!scatter          c_w.l(__scatter.o)
    0x080001c4   0x080001c4   0x0000001a   Code   RO         6830    !!handler_copy      c_w.l(__scatter_copy.o)
    0x080001de   0x080001de   0x00000002   PAD
    0x080001e0   0x080001e0   0x0000001c   Code   RO         6832    !!handler_zi        c_w.l(__scatter_zi.o)
    0x080001fc   0x080001fc   0x00000002   Code   RO         6701    .ARM.Collect$$libinit$$00000000  c_w.l(libinit.o)
    0x080001fe   0x080001fe   0x00000004   Code   RO         6710    .ARM.Collect$$libinit$$00000001  c_w.l(libinit2.o)
    0x08000202   0x08000202   0x00000000   Code   RO         6713    .ARM.Collect$$libinit$$00000004  c_w.l(libinit2.o)
    0x08000202   0x08000202   0x00000000   Code   RO         6716    .ARM.Collect$$libinit$$0000000A  c_w.l(libinit2.o)
    0x08000202   0x08000202   0x00000000   Code   RO         6718    .ARM.Collect$$libinit$$0000000C  c_w.l(libinit2.o)
    0x08000202   0x08000202   0x00000000   Code   RO         6720    .ARM.Collect$$libinit$$0000000E  c_w.l(libinit2.o)
    0x08000202   0x08000202   0x00000000   Code   RO         6723    .ARM.Collect$$libinit$$00000011  c_w.l(libinit2.o)
    0x08000202   0x08000202   0x00000000   Code   RO         6725    .ARM.Collect$$libinit$$00000013  c_w.l(libinit2.o)
    0x08000202   0x08000202   0x00000000   Code   RO         6727    .ARM.Collect$$libinit$$00000015  c_w.l(libinit2.o)
    0x08000202   0x08000202   0x00000000   Code   RO         6729    .ARM.Collect$$libinit$$00000017  c_w.l(libinit2.o)
    0x08000202   0x08000202   0x00000000   Code   RO         6731    .ARM.Collect$$libinit$$00000019  c_w.l(libinit2.o)
    0x08000202   0x08000202   0x00000000   Code   RO         6733    .ARM.Collect$$libinit$$0000001B  c_w.l(libinit2.o)
    0x08000202   0x08000202   0x00000000   Code   RO         6735    .ARM.Collect$$libinit$$0000001D  c_w.l(libinit2.o)
    0x08000202   0x08000202   0x00000000   Code   RO         6737    .ARM.Collect$$libinit$$0000001F  c_w.l(libinit2.o)
    0x08000202   0x08000202   0x00000000   Code   RO         6739    .ARM.Collect$$libinit$$00000021  c_w.l(libinit2.o)
    0x08000202   0x08000202   0x00000000   Code   RO         6741    .ARM.Collect$$libinit$$00000023  c_w.l(libinit2.o)
    0x08000202   0x08000202   0x00000000   Code   RO         6743    .ARM.Collect$$libinit$$00000025  c_w.l(libinit2.o)
    0x08000202   0x08000202   0x00000000   Code   RO         6747    .ARM.Collect$$libinit$$0000002C  c_w.l(libinit2.o)
    0x08000202   0x08000202   0x00000000   Code   RO         6749    .ARM.Collect$$libinit$$0000002E  c_w.l(libinit2.o)
    0x08000202   0x08000202   0x00000000   Code   RO         6751    .ARM.Collect$$libinit$$00000030  c_w.l(libinit2.o)
    0x08000202   0x08000202   0x00000000   Code   RO         6753    .ARM.Collect$$libinit$$00000032  c_w.l(libinit2.o)
    0x08000202   0x08000202   0x00000002   Code   RO         6754    .ARM.Collect$$libinit$$00000033  c_w.l(libinit2.o)
    0x08000204   0x08000204   0x00000002   Code   RO         6785    .ARM.Collect$$libshutdown$$00000000  c_w.l(libshutdown.o)
    0x08000206   0x08000206   0x00000000   Code   RO         6811    .ARM.Collect$$libshutdown$$00000002  c_w.l(libshutdown2.o)
    0x08000206   0x08000206   0x00000000   Code   RO         6813    .ARM.Collect$$libshutdown$$00000004  c_w.l(libshutdown2.o)
    0x08000206   0x08000206   0x00000000   Code   RO         6816    .ARM.Collect$$libshutdown$$00000007  c_w.l(libshutdown2.o)
    0x08000206   0x08000206   0x00000000   Code   RO         6819    .ARM.Collect$$libshutdown$$0000000A  c_w.l(libshutdown2.o)
    0x08000206   0x08000206   0x00000000   Code   RO         6821    .ARM.Collect$$libshutdown$$0000000C  c_w.l(libshutdown2.o)
    0x08000206   0x08000206   0x00000000   Code   RO         6824    .ARM.Collect$$libshutdown$$0000000F  c_w.l(libshutdown2.o)
    0x08000206   0x08000206   0x00000002   Code   RO         6825    .ARM.Collect$$libshutdown$$00000010  c_w.l(libshutdown2.o)
    0x08000208   0x08000208   0x00000000   Code   RO         6611    .ARM.Collect$$rtentry$$00000000  c_w.l(__rtentry.o)
    0x08000208   0x08000208   0x00000000   Code   RO         6662    .ARM.Collect$$rtentry$$00000002  c_w.l(__rtentry2.o)
    0x08000208   0x08000208   0x00000006   Code   RO         6674    .ARM.Collect$$rtentry$$00000004  c_w.l(__rtentry4.o)
    0x0800020e   0x0800020e   0x00000000   Code   RO         6664    .ARM.Collect$$rtentry$$00000009  c_w.l(__rtentry2.o)
    0x0800020e   0x0800020e   0x00000004   Code   RO         6665    .ARM.Collect$$rtentry$$0000000A  c_w.l(__rtentry2.o)
    0x08000212   0x08000212   0x00000000   Code   RO         6667    .ARM.Collect$$rtentry$$0000000C  c_w.l(__rtentry2.o)
    0x08000212   0x08000212   0x00000008   Code   RO         6668    .ARM.Collect$$rtentry$$0000000D  c_w.l(__rtentry2.o)
    0x0800021a   0x0800021a   0x00000002   Code   RO         6702    .ARM.Collect$$rtexit$$00000000  c_w.l(rtexit.o)
    0x0800021c   0x0800021c   0x00000000   Code   RO         6758    .ARM.Collect$$rtexit$$00000002  c_w.l(rtexit2.o)
    0x0800021c   0x0800021c   0x00000004   Code   RO         6759    .ARM.Collect$$rtexit$$00000003  c_w.l(rtexit2.o)
    0x08000220   0x08000220   0x00000006   Code   RO         6760    .ARM.Collect$$rtexit$$00000004  c_w.l(rtexit2.o)
    0x08000226   0x08000226   0x00000002   PAD
    0x08000228   0x08000228   0x000000be   Code   RO         5923    .emb_text           port.o
    0x080002e6   0x080002e6   0x00000002   PAD
    0x080002e8   0x080002e8   0x00000040   Code   RO            4    .text               startup_stm32f407xx.o
    0x08000328   0x08000328   0x000000ee   Code   RO         6537    .text               c_w.l(lludivv7m.o)
    0x08000416   0x08000416   0x00000064   Code   RO         6541    .text               c_w.l(rt_memcpy_w.o)
    0x0800047a   0x0800047a   0x0000004e   Code   RO         6545    .text               c_w.l(rt_memclr_w.o)
    0x080004c8   0x080004c8   0x00000006   Code   RO         6547    .text               c_w.l(heapauxi.o)
    0x080004ce   0x080004ce   0x00000016   Code   RO         6616    .text               c_w.l(_rserrno.o)
    0x080004e4   0x080004e4   0x00000008   Code   RO         6681    .text               c_w.l(rt_errno_addr_intlibspace.o)
    0x080004ec   0x080004ec   0x00000008   Code   RO         6685    .text               c_w.l(libspace.o)
    0x080004f4   0x080004f4   0x0000004a   Code   RO         6688    .text               c_w.l(sys_stackheap_outer.o)
    0x0800053e   0x0800053e   0x00000012   Code   RO         6690    .text               c_w.l(exit.o)
    0x08000550   0x08000550   0x0000000c   Code   RO         6755    .text               c_w.l(sys_exit.o)
    0x0800055c   0x0800055c   0x00000002   Code   RO         6774    .text               c_w.l(use_no_semi.o)
    0x0800055e   0x0800055e   0x00000000   Code   RO         6776    .text               c_w.l(indicate_semi.o)
    0x0800055e   0x0800055e   0x00000002   PAD
    0x08000560   0x08000560   0x00000028   Code   RO          976    i.AHRS_init         ins_task.o
    0x08000588   0x08000588   0x00000014   Code   RO         6357    i.BMI088_ACCEL_NS_H  bmi088middleware.o
    0x0800059c   0x0800059c   0x00000014   Code   RO         6358    i.BMI088_ACCEL_NS_L  bmi088middleware.o
    0x080005b0   0x080005b0   0x00000002   Code   RO         6359    i.BMI088_GPIO_init  bmi088middleware.o
    0x080005b2   0x080005b2   0x00000002   PAD
    0x080005b4   0x080005b4   0x00000014   Code   RO         6360    i.BMI088_GYRO_NS_H  bmi088middleware.o
    0x080005c8   0x080005c8   0x00000014   Code   RO         6361    i.BMI088_GYRO_NS_L  bmi088middleware.o
    0x080005dc   0x080005dc   0x00000002   Code   RO         6362    i.BMI088_com_init   bmi088middleware.o
    0x080005de   0x080005de   0x0000000c   Code   RO         6363    i.BMI088_delay_ms   bmi088middleware.o
    0x080005ea   0x080005ea   0x0000000c   Code   RO         6364    i.BMI088_delay_us   bmi088middleware.o
    0x080005f6   0x080005f6   0x0000001c   Code   RO         6288    i.BMI088_init       bmi088driver.o
    0x08000612   0x08000612   0x00000002   PAD
    0x08000614   0x08000614   0x0000017c   Code   RO         6289    i.BMI088_read       bmi088driver.o
    0x08000790   0x08000790   0x00000026   Code   RO         6290    i.BMI088_read_muli_reg  bmi088driver.o
    0x080007b6   0x080007b6   0x00000018   Code   RO         6291    i.BMI088_read_single_reg  bmi088driver.o
    0x080007ce   0x080007ce   0x00000002   PAD
    0x080007d0   0x080007d0   0x00000020   Code   RO         6365    i.BMI088_read_write_byte  bmi088middleware.o
    0x080007f0   0x080007f0   0x00000014   Code   RO         6292    i.BMI088_write_single_reg  bmi088driver.o
    0x08000804   0x08000804   0x00000004   Code   RO          544    i.BusFault_Handler  stm32f4xx_it.o
    0x08000808   0x08000808   0x00000010   Code   RO          545    i.CAN1_RX0_IRQHandler  stm32f4xx_it.o
    0x08000818   0x08000818   0x00000010   Code   RO          546    i.CAN2_RX0_IRQHandler  stm32f4xx_it.o
    0x08000828   0x08000828   0x00000050   Code   RO          900    i.CAN_cmd_gimbal    can_receive.o
    0x08000878   0x08000878   0x00000002   Code   RO          547    i.DebugMon_Handler  stm32f4xx_it.o
    0x0800087a   0x0800087a   0x00000002   Code   RO           13    i.Error_Handler     main.o
    0x0800087c   0x0800087c   0x00000024   Code   RO         1117    i.HAL_CAN_ActivateNotification  stm32f4xx_hal_can.o
    0x080008a0   0x080008a0   0x00000104   Code   RO         1118    i.HAL_CAN_AddTxMessage  stm32f4xx_hal_can.o
    0x080009a4   0x080009a4   0x00000128   Code   RO         1119    i.HAL_CAN_ConfigFilter  stm32f4xx_hal_can.o
    0x08000acc   0x08000acc   0x00000026   Code   RO         1121    i.HAL_CAN_DeactivateNotification  stm32f4xx_hal_can.o
    0x08000af2   0x08000af2   0x00000002   Code   RO         1122    i.HAL_CAN_ErrorCallback  stm32f4xx_hal_can.o
    0x08000af4   0x08000af4   0x0000016c   Code   RO         1125    i.HAL_CAN_GetRxMessage  stm32f4xx_hal_can.o
    0x08000c60   0x08000c60   0x00000234   Code   RO         1129    i.HAL_CAN_IRQHandler  stm32f4xx_hal_can.o
    0x08000e94   0x08000e94   0x00000168   Code   RO         1130    i.HAL_CAN_Init      stm32f4xx_hal_can.o
    0x08000ffc   0x08000ffc   0x00000160   Code   RO          304    i.HAL_CAN_MspInit   can.o
    0x0800115c   0x0800115c   0x00000002   Code   RO         1137    i.HAL_CAN_RxFifo0FullCallback  stm32f4xx_hal_can.o
    0x0800115e   0x0800115e   0x00000002   PAD
    0x08001160   0x08001160   0x000000dc   Code   RO          901    i.HAL_CAN_RxFifo0MsgPendingCallback  can_receive.o
    0x0800123c   0x0800123c   0x00000002   Code   RO         1139    i.HAL_CAN_RxFifo1FullCallback  stm32f4xx_hal_can.o
    0x0800123e   0x0800123e   0x00000002   Code   RO         1140    i.HAL_CAN_RxFifo1MsgPendingCallback  stm32f4xx_hal_can.o
    0x08001240   0x08001240   0x00000002   Code   RO         1141    i.HAL_CAN_SleepCallback  stm32f4xx_hal_can.o
    0x08001242   0x08001242   0x00000064   Code   RO         1142    i.HAL_CAN_Start     stm32f4xx_hal_can.o
    0x080012a6   0x080012a6   0x00000002   Code   RO         1144    i.HAL_CAN_TxMailbox0AbortCallback  stm32f4xx_hal_can.o
    0x080012a8   0x080012a8   0x00000002   Code   RO         1145    i.HAL_CAN_TxMailbox0CompleteCallback  stm32f4xx_hal_can.o
    0x080012aa   0x080012aa   0x00000002   Code   RO         1146    i.HAL_CAN_TxMailbox1AbortCallback  stm32f4xx_hal_can.o
    0x080012ac   0x080012ac   0x00000002   Code   RO         1147    i.HAL_CAN_TxMailbox1CompleteCallback  stm32f4xx_hal_can.o
    0x080012ae   0x080012ae   0x00000002   Code   RO         1148    i.HAL_CAN_TxMailbox2AbortCallback  stm32f4xx_hal_can.o
    0x080012b0   0x080012b0   0x00000002   Code   RO         1149    i.HAL_CAN_TxMailbox2CompleteCallback  stm32f4xx_hal_can.o
    0x080012b2   0x080012b2   0x00000002   Code   RO         1151    i.HAL_CAN_WakeUpFromRxMsgCallback  stm32f4xx_hal_can.o
    0x080012b4   0x080012b4   0x00000230   Code   RO         1750    i.HAL_GPIO_Init     stm32f4xx_hal_gpio.o
    0x080014e4   0x080014e4   0x0000000e   Code   RO         1754    i.HAL_GPIO_WritePin  stm32f4xx_hal_gpio.o
    0x080014f2   0x080014f2   0x00000002   PAD
    0x080014f4   0x080014f4   0x0000000c   Code   RO         2277    i.HAL_GetTick       stm32f4xx_hal.o
    0x08001500   0x08001500   0x000001ac   Code   RO         2533    i.HAL_I2C_Init      stm32f4xx_hal_i2c.o
    0x080016ac   0x080016ac   0x000002c0   Code   RO         2551    i.HAL_I2C_Mem_Read  stm32f4xx_hal_i2c.o
    0x0800196c   0x0800196c   0x00000174   Code   RO         2554    i.HAL_I2C_Mem_Write  stm32f4xx_hal_i2c.o
    0x08001ae0   0x08001ae0   0x000000c8   Code   RO          353    i.HAL_I2C_MspInit   i2c.o
    0x08001ba8   0x08001ba8   0x00000010   Code   RO         2283    i.HAL_IncTick       stm32f4xx_hal.o
    0x08001bb8   0x08001bb8   0x00000034   Code   RO         2284    i.HAL_Init          stm32f4xx_hal.o
    0x08001bec   0x08001bec   0x00000044   Code   RO         2285    i.HAL_InitTick      stm32f4xx_hal.o
    0x08001c30   0x08001c30   0x00000054   Code   RO          620    i.HAL_MspInit       stm32f4xx_hal_msp.o
    0x08001c84   0x08001c84   0x0000001c   Code   RO         2139    i.HAL_NVIC_EnableIRQ  stm32f4xx_hal_cortex.o
    0x08001ca0   0x08001ca0   0x00000068   Code   RO         2145    i.HAL_NVIC_SetPriority  stm32f4xx_hal_cortex.o
    0x08001d08   0x08001d08   0x00000024   Code   RO         2146    i.HAL_NVIC_SetPriorityGrouping  stm32f4xx_hal_cortex.o
    0x08001d2c   0x08001d2c   0x0000017c   Code   RO         1351    i.HAL_RCC_ClockConfig  stm32f4xx_hal_rcc.o
    0x08001ea8   0x08001ea8   0x0000000c   Code   RO         1356    i.HAL_RCC_GetHCLKFreq  stm32f4xx_hal_rcc.o
    0x08001eb4   0x08001eb4   0x00000020   Code   RO         1358    i.HAL_RCC_GetPCLK1Freq  stm32f4xx_hal_rcc.o
    0x08001ed4   0x08001ed4   0x00000020   Code   RO         1359    i.HAL_RCC_GetPCLK2Freq  stm32f4xx_hal_rcc.o
    0x08001ef4   0x08001ef4   0x00000070   Code   RO         1360    i.HAL_RCC_GetSysClockFreq  stm32f4xx_hal_rcc.o
    0x08001f64   0x08001f64   0x00000482   Code   RO         1363    i.HAL_RCC_OscConfig  stm32f4xx_hal_rcc.o
    0x080023e6   0x080023e6   0x000000be   Code   RO         3023    i.HAL_SPI_Init      stm32f4xx_hal_spi.o
    0x080024a4   0x080024a4   0x000000c4   Code   RO          395    i.HAL_SPI_MspInit   spi.o
    0x08002568   0x08002568   0x000001f8   Code   RO         3032    i.HAL_SPI_TransmitReceive  stm32f4xx_hal_spi.o
    0x08002760   0x08002760   0x00000028   Code   RO         2150    i.HAL_SYSTICK_Config  stm32f4xx_hal_cortex.o
    0x08002788   0x08002788   0x0000009a   Code   RO         4070    i.HAL_TIMEx_MasterConfigSynchronization  stm32f4xx_hal_tim_ex.o
    0x08002822   0x08002822   0x0000005c   Code   RO         3336    i.HAL_TIM_Base_Init  stm32f4xx_hal_tim.o
    0x0800287e   0x0800287e   0x00000002   PAD
    0x08002880   0x08002880   0x00000034   Code   RO          437    i.HAL_TIM_Base_MspInit  tim.o
    0x080028b4   0x080028b4   0x000000b0   Code   RO          438    i.HAL_TIM_MspPostInit  tim.o
    0x08002964   0x08002964   0x000000d8   Code   RO         3408    i.HAL_TIM_PWM_ConfigChannel  stm32f4xx_hal_tim.o
    0x08002a3c   0x08002a3c   0x0000005c   Code   RO         3411    i.HAL_TIM_PWM_Init  stm32f4xx_hal_tim.o
    0x08002a98   0x08002a98   0x00000034   Code   RO          440    i.HAL_TIM_PWM_MspInit  tim.o
    0x08002acc   0x08002acc   0x00000064   Code   RO         4347    i.HAL_UART_Init     stm32f4xx_hal_uart.o
    0x08002b30   0x08002b30   0x000000c8   Code   RO          503    i.HAL_UART_MspInit  usart.o
    0x08002bf8   0x08002bf8   0x00000004   Code   RO          548    i.HardFault_Handler  stm32f4xx_it.o
    0x08002bfc   0x08002bfc   0x00000032   Code   RO         2576    i.I2C_IsAcknowledgeFailed  stm32f4xx_hal_i2c.o
    0x08002c2e   0x08002c2e   0x00000002   PAD
    0x08002c30   0x08002c30   0x00000154   Code   RO         2587    i.I2C_RequestMemoryRead  stm32f4xx_hal_i2c.o
    0x08002d84   0x08002d84   0x000000d0   Code   RO         2588    i.I2C_RequestMemoryWrite  stm32f4xx_hal_i2c.o
    0x08002e54   0x08002e54   0x0000005c   Code   RO         2596    i.I2C_WaitOnBTFFlagUntilTimeout  stm32f4xx_hal_i2c.o
    0x08002eb0   0x08002eb0   0x000000b4   Code   RO         2597    i.I2C_WaitOnFlagUntilTimeout  stm32f4xx_hal_i2c.o
    0x08002f64   0x08002f64   0x000000ce   Code   RO         2598    i.I2C_WaitOnMasterAddressFlagUntilTimeout  stm32f4xx_hal_i2c.o
    0x08003032   0x08003032   0x0000007c   Code   RO         2599    i.I2C_WaitOnRXNEFlagUntilTimeout  stm32f4xx_hal_i2c.o
    0x080030ae   0x080030ae   0x0000005c   Code   RO         2602    i.I2C_WaitOnTXEFlagUntilTimeout  stm32f4xx_hal_i2c.o
    0x0800310a   0x0800310a   0x00000002   PAD
    0x0800310c   0x0800310c   0x00000248   Code   RO          978    i.INS_task          ins_task.o
    0x08003354   0x08003354   0x000000d0   Code   RO         6199    i.LQR_controller    controlandestimationalgorithms.o
    0x08003424   0x08003424   0x0000009c   Code   RO         6200    i.LQR_gain_init     controlandestimationalgorithms.o
    0x080034c0   0x080034c0   0x00000044   Code   RO          305    i.MX_CAN1_Init      can.o
    0x08003504   0x08003504   0x00000044   Code   RO          306    i.MX_CAN2_Init      can.o
    0x08003548   0x08003548   0x00000044   Code   RO          259    i.MX_FREERTOS_Init  freertos.o
    0x0800358c   0x0800358c   0x00000148   Code   RO          235    i.MX_GPIO_Init      gpio.o
    0x080036d4   0x080036d4   0x0000003c   Code   RO          354    i.MX_I2C3_Init      i2c.o
    0x08003710   0x08003710   0x00000048   Code   RO          396    i.MX_SPI1_Init      spi.o
    0x08003758   0x08003758   0x0000006c   Code   RO          441    i.MX_TIM10_Init     tim.o
    0x080037c4   0x080037c4   0x00000098   Code   RO          442    i.MX_TIM5_Init      tim.o
    0x0800385c   0x0800385c   0x00000038   Code   RO          504    i.MX_USART1_UART_Init  usart.o
    0x08003894   0x08003894   0x00000138   Code   RO         6001    i.MahonyAHRSupdateIMU  mahonyahrs.o
    0x080039cc   0x080039cc   0x00000004   Code   RO          549    i.MemManage_Handler  stm32f4xx_it.o
    0x080039d0   0x080039d0   0x00000002   Code   RO          550    i.NMI_Handler       stm32f4xx_it.o
    0x080039d2   0x080039d2   0x00000002   PAD
    0x080039d4   0x080039d4   0x00000060   Code   RO         6117    i.PID_init          pid.o
    0x08003a34   0x08003a34   0x00000064   Code   RO         3061    i.SPI_EndRxTxTransaction  stm32f4xx_hal_spi.o
    0x08003a98   0x08003a98   0x000000d8   Code   RO         3066    i.SPI_WaitFlagStateUntilTimeout  stm32f4xx_hal_spi.o
    0x08003b70   0x08003b70   0x00000014   Code   RO          551    i.SysTick_Handler   stm32f4xx_it.o
    0x08003b84   0x08003b84   0x000000b4   Code   RO           14    i.SystemClock_Config  main.o
    0x08003c38   0x08003c38   0x00000064   Code   RO          645    i.SystemInit        system_stm32f4xx.o
    0x08003c9c   0x08003c9c   0x000000cc   Code   RO         3429    i.TIM_Base_SetConfig  stm32f4xx_hal_tim.o
    0x08003d68   0x08003d68   0x00000070   Code   RO         3442    i.TIM_OC1_SetConfig  stm32f4xx_hal_tim.o
    0x08003dd8   0x08003dd8   0x00000078   Code   RO         3443    i.TIM_OC2_SetConfig  stm32f4xx_hal_tim.o
    0x08003e50   0x08003e50   0x00000078   Code   RO         3444    i.TIM_OC3_SetConfig  stm32f4xx_hal_tim.o
    0x08003ec8   0x08003ec8   0x00000058   Code   RO         3445    i.TIM_OC4_SetConfig  stm32f4xx_hal_tim.o
    0x08003f20   0x08003f20   0x000000fc   Code   RO         4374    i.UART_SetConfig    stm32f4xx_hal_uart.o
    0x0800401c   0x0800401c   0x00000004   Code   RO          552    i.UsageFault_Handler  stm32f4xx_it.o
    0x08004020   0x08004020   0x00000026   Code   RO         6633    i.__ARM_fpclassifyf  m_wm.l(fpclassifyf.o)
    0x08004046   0x08004046   0x00000002   PAD
    0x08004048   0x08004048   0x0000012c   Code   RO         6575    i.__hardfp_asinf    m_wm.l(asinf.o)
    0x08004174   0x08004174   0x00000250   Code   RO         6587    i.__hardfp_atan2f   m_wm.l(atan2f.o)
    0x080043c4   0x080043c4   0x00000006   Code   RO         6636    i.__mathlib_flt_infnan  m_wm.l(funder.o)
    0x080043ca   0x080043ca   0x00000006   Code   RO         6637    i.__mathlib_flt_infnan2  m_wm.l(funder.o)
    0x080043d0   0x080043d0   0x00000010   Code   RO         6638    i.__mathlib_flt_invalid  m_wm.l(funder.o)
    0x080043e0   0x080043e0   0x00000010   Code   RO         6641    i.__mathlib_flt_underflow  m_wm.l(funder.o)
    0x080043f0   0x080043f0   0x0000016c   Code   RO         6293    i.bmi088_accel_init  bmi088driver.o
    0x0800455c   0x0800455c   0x00000120   Code   RO         6294    i.bmi088_gyro_init  bmi088driver.o
    0x0800467c   0x0800467c   0x0000004c   Code   RO          681    i.can_filter_init   bsp_can.o
    0x080046c8   0x080046c8   0x0000000e   Code   RO         1084    i.chassis_task      chassis_task.o
    0x080046d6   0x080046d6   0x00000002   PAD
    0x080046d8   0x080046d8   0x00000050   Code   RO          780    i.delay_us          bsp_delay.o
    0x08004728   0x08004728   0x000000dc   Code   RO          979    i.get_angle         ins_task.o
    0x08004804   0x08004804   0x00000014   Code   RO         6151    i.gimbal_control_init  gimbalcontrol.o
    0x08004818   0x08004818   0x00000220   Code   RO         6152    i.gimbal_control_loop  gimbalcontrol.o
    0x08004a38   0x08004a38   0x000003d0   Code   RO         6261    i.gimbal_model_init  controlutilities.o
    0x08004e08   0x08004e08   0x0000003c   Code   RO         6002    i.invSqrt           mahonyahrs.o
    0x08004e44   0x08004e44   0x00000002   Code   RO         6459    i.ist8310_GPIO_init  ist8310driver_middleware.o
    0x08004e46   0x08004e46   0x00000002   PAD
    0x08004e48   0x08004e48   0x00000028   Code   RO         6461    i.ist8310_IIC_read_single_reg  ist8310driver_middleware.o
    0x08004e70   0x08004e70   0x00000028   Code   RO         6463    i.ist8310_IIC_write_single_reg  ist8310driver_middleware.o
    0x08004e98   0x08004e98   0x00000014   Code   RO         6464    i.ist8310_RST_H     ist8310driver_middleware.o
    0x08004eac   0x08004eac   0x00000014   Code   RO         6465    i.ist8310_RST_L     ist8310driver_middleware.o
    0x08004ec0   0x08004ec0   0x00000002   Code   RO         6466    i.ist8310_com_init  ist8310driver_middleware.o
    0x08004ec2   0x08004ec2   0x0000000c   Code   RO         6467    i.ist8310_delay_ms  ist8310driver_middleware.o
    0x08004ece   0x08004ece   0x00000002   PAD
    0x08004ed0   0x08004ed0   0x00000094   Code   RO         6427    i.ist8310_init      ist8310driver.o
    0x08004f64   0x08004f64   0x00000014   Code   RO         6263    i.legalize_control_signal  controlutilities.o
    0x08004f78   0x08004f78   0x00000038   Code   RO           15    i.main              main.o
    0x08004fb0   0x08004fb0   0x0000000c   Code   RO         5489    i.makeFreeRtosPriority  cmsis_os.o
    0x08004fbc   0x08004fbc   0x00000010   Code   RO         5491    i.osDelay           cmsis_os.o
    0x08004fcc   0x08004fcc   0x0000000a   Code   RO         5494    i.osKernelStart     cmsis_os.o
    0x08004fd6   0x08004fd6   0x0000005c   Code   RO         5528    i.osThreadCreate    cmsis_os.o
    0x08005032   0x08005032   0x00000002   PAD
    0x08005034   0x08005034   0x00000078   Code   RO         5160    i.prvAddCurrentTaskToDelayedList  tasks.o
    0x080050ac   0x080050ac   0x00000088   Code   RO         5161    i.prvAddNewTaskToReadyList  tasks.o
    0x08005134   0x08005134   0x00000040   Code   RO         5162    i.prvCheckTasksWaitingTermination  tasks.o
    0x08005174   0x08005174   0x00000040   Code   RO         5163    i.prvDeleteTCB      tasks.o
    0x080051b4   0x080051b4   0x00000050   Code   RO         5856    i.prvHeapInit       heap_4.o
    0x08005204   0x08005204   0x00000028   Code   RO         5164    i.prvIdleTask       tasks.o
    0x0800522c   0x0800522c   0x0000007e   Code   RO         5165    i.prvInitialiseNewTask  tasks.o
    0x080052aa   0x080052aa   0x00000002   PAD
    0x080052ac   0x080052ac   0x00000060   Code   RO         5166    i.prvInitialiseTaskLists  tasks.o
    0x0800530c   0x0800530c   0x0000005c   Code   RO         5857    i.prvInsertBlockIntoFreeList  heap_4.o
    0x08005368   0x08005368   0x00000024   Code   RO         5167    i.prvResetNextTaskUnblockTime  tasks.o
    0x0800538c   0x0800538c   0x00000030   Code   RO         5924    i.prvTaskExitError  port.o
    0x080053bc   0x080053bc   0x000000e8   Code   RO         5858    i.pvPortMalloc      heap_4.o
    0x080054a4   0x080054a4   0x0000002c   Code   RO         5925    i.pxPortInitialiseStack  port.o
    0x080054d0   0x080054d0   0x0000003e   Code   RO         6651    i.sqrtf             m_wm.l(sqrtf.o)
    0x0800550e   0x0800550e   0x00000026   Code   RO         4786    i.uxListRemove      list.o
    0x08005534   0x08005534   0x00000018   Code   RO          260    i.vApplicationGetIdleTaskMemory  freertos.o
    0x0800554c   0x0800554c   0x00000016   Code   RO         4787    i.vListInitialise   list.o
    0x08005562   0x08005562   0x00000006   Code   RO         4788    i.vListInitialiseItem  list.o
    0x08005568   0x08005568   0x00000036   Code   RO         4789    i.vListInsert       list.o
    0x0800559e   0x0800559e   0x00000018   Code   RO         4790    i.vListInsertEnd    list.o
    0x080055b6   0x080055b6   0x00000002   PAD
    0x080055b8   0x080055b8   0x00000040   Code   RO         5927    i.vPortEnterCritical  port.o
    0x080055f8   0x080055f8   0x0000002c   Code   RO         5928    i.vPortExitCritical  port.o
    0x08005624   0x08005624   0x00000064   Code   RO         5859    i.vPortFree         heap_4.o
    0x08005688   0x08005688   0x00000024   Code   RO         5929    i.vPortSetupTimerInterrupt  port.o
    0x080056ac   0x080056ac   0x00000050   Code   RO         5176    i.vTaskDelay        tasks.o
    0x080056fc   0x080056fc   0x00000088   Code   RO         5189    i.vTaskStartScheduler  tasks.o
    0x08005784   0x08005784   0x00000010   Code   RO         5191    i.vTaskSuspendAll   tasks.o
    0x08005794   0x08005794   0x00000060   Code   RO         5192    i.vTaskSwitchContext  tasks.o
    0x080057f4   0x080057f4   0x00000104   Code   RO         5931    i.xPortStartScheduler  port.o
    0x080058f8   0x080058f8   0x0000002c   Code   RO         5932    i.xPortSysTickHandler  port.o
    0x08005924   0x08005924   0x0000006c   Code   RO         5195    i.xTaskCreate       tasks.o
    0x08005990   0x08005990   0x00000060   Code   RO         5196    i.xTaskCreateStatic  tasks.o
    0x080059f0   0x080059f0   0x0000001c   Code   RO         5200    i.xTaskGetSchedulerState  tasks.o
    0x08005a0c   0x08005a0c   0x000000d4   Code   RO         5203    i.xTaskIncrementTick  tasks.o
    0x08005ae0   0x08005ae0   0x000000cc   Code   RO         5209    i.xTaskResumeAll    tasks.o
    0x08005bac   0x08005bac   0x00000018   Code   RO         6551    x$fpl$basic         fz_wm.l(basic.o)
    0x08005bc4   0x08005bc4   0x00000062   Code   RO         6553    x$fpl$d2f           fz_wm.l(d2f.o)
    0x08005c26   0x08005c26   0x00000002   PAD
    0x08005c28   0x08005c28   0x00000150   Code   RO         6555    x$fpl$dadd          fz_wm.l(daddsub_clz.o)
    0x08005d78   0x08005d78   0x000002b0   Code   RO         6562    x$fpl$ddiv          fz_wm.l(ddiv.o)
    0x08006028   0x08006028   0x00000026   Code   RO         6565    x$fpl$dfltu         fz_wm.l(dflt_clz.o)
    0x0800604e   0x0800604e   0x00000002   PAD
    0x08006050   0x08006050   0x00000154   Code   RO         6571    x$fpl$dmul          fz_wm.l(dmul.o)
    0x080061a4   0x080061a4   0x0000009c   Code   RO         6622    x$fpl$dnaninf       fz_wm.l(dnaninf.o)
    0x08006240   0x08006240   0x0000000c   Code   RO         6624    x$fpl$dretinf       fz_wm.l(dretinf.o)
    0x0800624c   0x0800624c   0x000001d4   Code   RO         6557    x$fpl$dsub          fz_wm.l(daddsub_clz.o)
    0x08006420   0x08006420   0x00000056   Code   RO         6573    x$fpl$f2d           fz_wm.l(f2d.o)
    0x08006476   0x08006476   0x0000008c   Code   RO         6628    x$fpl$fnaninf       fz_wm.l(fnaninf.o)
    0x08006502   0x08006502   0x0000000a   Code   RO         6770    x$fpl$fpinit        fz_wm.l(fpinit.o)
    0x0800650c   0x0800650c   0x0000000a   Code   RO         6630    x$fpl$fretinf       fz_wm.l(fretinf.o)
    0x08006516   0x08006516   0x00000000   Code   RO         6632    x$fpl$usenofp       fz_wm.l(usenofp.o)
    0x08006516   0x08006516   0x00000002   PAD
    0x08006518   0x08006518   0x00000038   Data   RO          262    .constdata          freertos.o
    0x08006550   0x08006550   0x00000018   Data   RO          646    .constdata          system_stm32f4xx.o
    0x08006568   0x08006568   0x0000000c   Data   RO          982    .constdata          ins_task.o
    0x08006574   0x08006574   0x0000000c   Data   RO         6430    .constdata          ist8310driver.o
    0x08006580   0x08006580   0x00000014   Data   RO          263    .conststring        freertos.o
    0x08006594   0x08006594   0x00000020   Data   RO         6826    Region$$Table       anon$$obj.o


    Execution Region RW_IRAM1 (Exec base: 0x20000000, Load base: 0x080065b4, Size: 0x00004f90, Max: 0x00020000, ABSOLUTE)

    Exec Addr    Load Addr    Size         Type   Attr      Idx    E Section Name        Object

    0x20000000   0x080065b4   0x00000008   Data   RW          264    .data               freertos.o
    0x20000008   0x080065bc   0x00000004   Data   RW          308    .data               can.o
    0x2000000c   0x080065c0   0x00000004   Data   RW          647    .data               system_stm32f4xx.o
    0x20000010   0x080065c4   0x00000008   Data   RW          781    .data               bsp_delay.o
    0x20000018   0x080065cc   0x00000011   Data   RW          907    .data               can_receive.o
    0x20000029   0x080065dd   0x00000003   PAD
    0x2000002c   0x080065e0   0x00000011   Data   RW          983    .data               ins_task.o
    0x2000003d   0x080065f1   0x00000003   PAD
    0x20000040   0x080065f4   0x0000000c   Data   RW         2291    .data               stm32f4xx_hal.o
    0x2000004c   0x08006600   0x0000003c   Data   RW         5212    .data               tasks.o
    0x20000088   0x0800663c   0x00000020   Data   RW         5865    .data               heap_4.o
    0x200000a8   0x0800665c   0x0000000c   Data   RW         5933    .data               port.o
    0x200000b4   0x08006668   0x00000018   Data   RW         6154    .data               gimbalcontrol.o
    0x200000cc   0x08006680   0x0000002f   Data   RW         6295    .data               bmi088driver.o
    0x200000fb   0x080066af   0x00000001   PAD
    0x200000fc        -       0x00000254   Zero   RW          261    .bss                freertos.o
    0x20000350        -       0x00000050   Zero   RW          307    .bss                can.o
    0x200003a0        -       0x00000054   Zero   RW          355    .bss                i2c.o
    0x200003f4        -       0x00000058   Zero   RW          397    .bss                spi.o
    0x2000044c        -       0x00000090   Zero   RW          443    .bss                tim.o
    0x200004dc        -       0x00000044   Zero   RW          505    .bss                usart.o
    0x20000520        -       0x000000da   Zero   RW          906    .bss                can_receive.o
    0x200005fa   0x080066af   0x00000002   PAD
    0x200005fc        -       0x000001b8   Zero   RW          981    .bss                ins_task.o
    0x200007b4        -       0x000000f0   Zero   RW         5211    .bss                tasks.o
    0x200008a4        -       0x00003c00   Zero   RW         5864    .bss                heap_4.o
    0x200044a4        -       0x00000458   Zero   RW         6153    .bss                gimbalcontrol.o
    0x200048fc        -       0x00000030   Zero   RW         6203    .bss                controlandestimationalgorithms.o
    0x2000492c        -       0x00000060   Zero   RW         6686    .bss                c_w.l(libspace.o)
    0x2000498c   0x080066af   0x00000004   PAD
    0x20004990        -       0x00000200   Zero   RW            2    HEAP                startup_stm32f407xx.o
    0x20004b90        -       0x00000400   Zero   RW            1    STACK               startup_stm32f407xx.o


==============================================================================

Image component sizes


      Code (inc. data)   RO Data    RW Data    ZI Data      Debug   Object Name

      1142         34          0         47          0       7236   bmi088driver.o
       140         28          0          0          0       5592   bmi088middleware.o
        76          8          0          0          0     593902   bsp_can.o
        80          4          0          8          0       1043   bsp_delay.o
       488         44          0          4         80       2830   can.o
       300         32          0         17        218       3814   can_receive.o
        14          0          0          0          0        623   chassis_task.o
       130          0          0          0          0      23891   cmsis_os.o
       364         56          0          0         48       4502   controlandestimationalgorithms.o
       996         38          0          0          0       2446   controlutilities.o
         0          0          0          0          0      17284   event_groups.o
        92         24         76          8        596       2361   freertos.o
       564         52          0         24       1112       3765   gimbalcontrol.o
       328         18          0          0          0       1259   gpio.o
       504         32          0         32      15360       8219   heap_4.o
       260         30          0          0         84       2041   i2c.o
       844        112         12         17        440       8474   ins_task.o
       148          6         12          0          0       1719   ist8310driver.o
       136         22          0          0          0       4599   ist8310driver_middleware.o
       144          0          0          0          0       4142   list.o
       372         10          0          0          0       1896   mahonyahrs.o
       238         10          0          0          0     751592   main.o
        96          4          0          0          0       1367   pid.o
       730         82          0         12          0      12108   port.o
       268         26          0          0         88       2061   spi.o
        64         26        392          0       1536        932   startup_stm32f407xx.o
       148         24          0         12          0       9393   stm32f4xx_hal.o
      2042          6          0          0          0      17640   stm32f4xx_hal_can.o
       208         16          0          0          0      34131   stm32f4xx_hal_cortex.o
       574         22          0          0          0       2632   stm32f4xx_hal_gpio.o
      2796         48          0          0          0      14706   stm32f4xx_hal_i2c.o
        84          6          0          0          0       1014   stm32f4xx_hal_msp.o
      1722        104          0          0          0       7148   stm32f4xx_hal_rcc.o
      1010         14          0          0          0       5285   stm32f4xx_hal_spi.o
      1044         46          0          0          0       7572   stm32f4xx_hal_tim.o
       154          0          0          0          0       1584   stm32f4xx_hal_tim_ex.o
       352          4          0          0          0       2140   stm32f4xx_hal_uart.o
        72         12          0          0          0       5019   stm32f4xx_it.o
         0          0          0          0          0        416   stream_buffer.o
       100         18         24          4          0       1419   system_stm32f4xx.o
      1658        146          0         60        240      23118   tasks.o
       540         52          0          0        144       4185   tim.o
       256         28          0          0         68       2082   usart.o

    ----------------------------------------------------------------------
     21310       1244        548        252      20016    1609182   Object Totals
         0          0         32          0          0          0   (incl. Generated)
        32          0          0          7          2          0   (incl. Padding)

    ----------------------------------------------------------------------

      Code (inc. data)   RO Data    RW Data    ZI Data      Debug   Library Member Name

         8          0          0          0          0         68   __main.o
         0          0          0          0          0          0   __rtentry.o
        12          0          0          0          0          0   __rtentry2.o
         6          0          0          0          0          0   __rtentry4.o
        52          8          0          0          0          0   __scatter.o
        26          0          0          0          0          0   __scatter_copy.o
        28          0          0          0          0          0   __scatter_zi.o
        22          0          0          0          0        100   _rserrno.o
        18          0          0          0          0         80   exit.o
         6          0          0          0          0        152   heapauxi.o
         0          0          0          0          0          0   indicate_semi.o
         2          0          0          0          0          0   libinit.o
         6          0          0          0          0          0   libinit2.o
         2          0          0          0          0          0   libshutdown.o
         2          0          0          0          0          0   libshutdown2.o
         8          4          0          0         96         68   libspace.o
       238          0          0          0          0        100   lludivv7m.o
         8          4          0          0          0         68   rt_errno_addr_intlibspace.o
        78          0          0          0          0         80   rt_memclr_w.o
       100          0          0          0          0         80   rt_memcpy_w.o
         2          0          0          0          0          0   rtexit.o
        10          0          0          0          0          0   rtexit2.o
        12          4          0          0          0         68   sys_exit.o
        74          0          0          0          0         80   sys_stackheap_outer.o
         2          0          0          0          0         68   use_no_semi.o
        24          0          0          0          0        164   basic.o
        98          4          0          0          0        140   d2f.o
       804         16          0          0          0        368   daddsub_clz.o
       688        140          0          0          0        256   ddiv.o
        38          0          0          0          0        116   dflt_clz.o
       340         12          0          0          0        152   dmul.o
       156          4          0          0          0        140   dnaninf.o
        12          0          0          0          0        116   dretinf.o
        86          4          0          0          0        132   f2d.o
       140          4          0          0          0        132   fnaninf.o
        10          0          0          0          0        116   fpinit.o
        10          0          0          0          0        116   fretinf.o
         0          0          0          0          0          0   usenofp.o
       300         42          0          0          0        176   asinf.o
       592         90          0          0          0        184   atan2f.o
        38          0          0          0          0        116   fpclassifyf.o
        44         12          0          0          0        464   funder.o
        62          0          0          0          0        136   sqrtf.o

    ----------------------------------------------------------------------
      4178        348          0          0        100       4036   Library Totals
        14          0          0          0          4          0   (incl. Padding)

    ----------------------------------------------------------------------

      Code (inc. data)   RO Data    RW Data    ZI Data      Debug   Library Name

       722         20          0          0         96       1012   c_w.l
      2406        184          0          0          0       1948   fz_wm.l
      1036        144          0          0          0       1076   m_wm.l

    ----------------------------------------------------------------------
      4178        348          0          0        100       4036   Library Totals

    ----------------------------------------------------------------------

==============================================================================


      Code (inc. data)   RO Data    RW Data    ZI Data      Debug   

     25488       1592        548        252      20116    1594902   Grand Totals
     25488       1592        548        252      20116    1594902   ELF Image Totals
     25488       1592        548        252          0          0   ROM Totals

==============================================================================

    Total RO  Size (Code + RO Data)                26036 (  25.43kB)
    Total RW  Size (RW Data + ZI Data)             20368 (  19.89kB)
    Total ROM Size (Code + RO Data + RW Data)      26288 (  25.67kB)

==============================================================================

