<html>
<body>
<pre>
<h1>µVision Build Log</h1>
<h2>Tool Versions:</h2>
IDE-Version: µVision V5.36.0.0
Copyright (C) 2021 ARM Ltd and ARM Germany GmbH. All rights reserved.
License Information: Francesco Paoli Leonardi, Politecnico di Torino, LIC=WHYH9-4SDQ2-8TE3P-MVCH2-EUBXT-E743G
 
Tool Versions:
Toolchain:       MDK-ARM Plus  Version: 5.36.0.0
Toolchain Path:  C:\Keil_v5\ARM\ARM_Compiler_5.06u5\Bin
C Compiler:      Armcc.exe V5.06 update 5 (build 528)
Assembler:       Armasm.exe V5.06 update 5 (build 528)
Linker/Locator:  ArmLink.exe V5.06 update 5 (build 528)
Library Manager: ArmAr.exe V5.06 update 5 (build 528)
Hex Converter:   FromElf.exe V5.06 update 5 (build 528)
CPU DLL:         SARMCM3.DLL V5.36.0.0
Dialog DLL:      DCM.DLL V1.17.3.0
Target DLL:      STLink\ST-LINKIII-KEIL_SWO.dll V3.0.9.0
Dialog DLL:      TCM.DLL V1.53.0.0
 
<h2>Project:</h2>
C:\Users\Francesco\Desktop\All in\Documents\Università\PoliTO\Robomaster\Code new framework\RoboTO_Standard_Robot\final robot\MDK-ARM\final robot.uvprojx
Project File Date:  04/25/2022

<h2>Output:</h2>
*** Using Compiler 'V5.06 update 5 (build 528)', folder: 'C:\Keil_v5\ARM\ARM_Compiler_5.06u5\Bin'
Build target 'final robot'
compiling GimbalControl.c...
..\components\controller\ControlUtilities\ControlUtilities.h(11): warning:  #1-D: last line of file ends without a newline
  #endif
..\components\controller\GimbalControl\GimbalControl.c(35): warning:  #223-D: function "osDelay" declared implicitly
  		osDelay(3000);					// wait 3 seconds before actually controlling the gimbal (can be better?)
..\components\controller\GimbalControl\GimbalControl.c: 2 warnings, 0 errors
compiling freertos.c...
linking...
Program Size: Code=25468 RO-data=548 RW-data=252 ZI-data=20116  
"can\can.axf" - 0 Error(s), 2 Warning(s).

<h2>Software Packages used:</h2>

Package Vendor: ARM
                http://www.keil.com/pack/ARM.CMSIS.5.8.0.pack
                ARM.CMSIS.5.8.0
                CMSIS (Common Microcontroller Software Interface Standard)
   * Component: CORE Version: 5.5.0

Package Vendor: Keil
                http://www.keil.com/pack/Keil.STM32F4xx_DFP.2.15.0.pack
                Keil.STM32F4xx_DFP.2.15.0
                STMicroelectronics STM32F4 Series Device Support, Drivers and Examples

<h2>Collection of Component include folders:</h2>
  .\RTE\_final_robot
  C:\Users\Francesco\AppData\Local\Arm\Packs\ARM\CMSIS\5.8.0\CMSIS\Core\Include
  C:\Users\Francesco\AppData\Local\Arm\Packs\Keil\STM32F4xx_DFP\2.15.0\Drivers\CMSIS\Device\ST\STM32F4xx\Include

<h2>Collection of Component Files used:</h2>

   * Component: ARM::CMSIS:CORE:5.5.0
Build Time Elapsed:  00:00:05
</pre>
</body>
</html>
