<html>
<body>
<pre>
<h1>µVision Build Log</h1>
<h2>Tool Versions:</h2>
IDE-Version: µVision V5.36.0.0
Copyright (C) 2021 ARM Ltd and ARM Germany GmbH. All rights reserved.
License Information: Francesco Paoli Leonardi, Politecnico di Torino, LIC=WHYH9-4SDQ2-8TE3P-MVCH2-EUBXT-E743G
 
Tool Versions:
Toolchain:       MDK-ARM Plus  Version: 5.36.0.0
Toolchain Path:  C:\Keil_v5\ARM\ARM_Compiler_5.06u5\Bin
C Compiler:      Armcc.exe V5.06 update 5 (build 528)
Assembler:       Armasm.exe V5.06 update 5 (build 528)
Linker/Locator:  ArmLink.exe V5.06 update 5 (build 528)
Library Manager: ArmAr.exe V5.06 update 5 (build 528)
Hex Converter:   FromElf.exe V5.06 update 5 (build 528)
CPU DLL:         SARMCM3.DLL V5.36.0.0
Dialog DLL:      DCM.DLL V1.17.3.0
Target DLL:      STLink\ST-LINKIII-KEIL_SWO.dll V3.0.9.0
Dialog DLL:      TCM.DLL V1.53.0.0
 
<h2>Project:</h2>
C:\Users\Francesco\Desktop\All in\Documents\Università\PoliTO\Robomaster\Code new framework\RoboTO_Standard_Robot\final robot\MDK-ARM\final robot.uvprojx
Project File Date:  04/25/2022

<h2>Output:</h2>
*** Using Compiler 'V5.06 update 5 (build 528)', folder: 'C:\Keil_v5\ARM\ARM_Compiler_5.06u5\Bin'
Rebuild target 'final robot'
assembling startup_stm32f407xx.s...
compiling gpio.c...
compiling spi.c...
compiling can.c...
compiling tim.c...
compiling i2c.c...
compiling freertos.c...
compiling main.c...
compiling system_stm32f4xx.c...
compiling usart.c...
compiling stm32f4xx_hal_msp.c...
compiling bsp_imu_pwm.c...
compiling stm32f4xx_it.c...
compiling bsp_delay.c...
compiling bsp_can.c...
compiling CAN_receive.c...
..\application\CAN_receive.c(42): warning:  #177-D: variable "motor_chassis"  was declared but never referenced
  static motor_measure_t motor_chassis[7];
..\application\CAN_receive.c: 1 warning, 0 errors
compiling chassis_task.c...
..\application\chassis_task.c(42): warning:  #1-D: last line of file ends without a newline
  }
..\application\chassis_task.c: 1 warning, 0 errors
compiling bsp_spi.c...
compiling bsp_led.c...
compiling stm32f4xx_hal_can.c...
compiling stm32f4xx_hal_rcc.c...
compiling INS_task.c...
..\application\INS_task.c(225): warning:  #1-D: last line of file ends without a newline
  }
..\application\INS_task.c(175): warning:  #177-D: function "imu_temp_control"  was declared but never referenced
  static void imu_temp_control(fp32 temp)
..\application\INS_task.c(68): warning:  #177-D: variable "INS_gyro"  was declared but never referenced
  static fp32 INS_gyro[3] = {0.0f, 0.0f, 0.0f};
..\application\INS_task.c(69): warning:  #177-D: variable "INS_accel"  was declared but never referenced
  static fp32 INS_accel[3] = {0.0f, 0.0f, 0.0f};
..\application\INS_task.c(70): warning:  #177-D: variable "INS_mag"  was declared but never referenced
  static fp32 INS_mag[3] = {0.0f, 0.0f, 0.0f};
..\application\INS_task.c: 5 warnings, 0 errors
compiling stm32f4xx_hal_flash_ex.c...
compiling stm32f4xx_hal_flash_ramfunc.c...
compiling stm32f4xx_hal_dma_ex.c...
compiling stm32f4xx_hal_gpio.c...
compiling stm32f4xx_hal_dma.c...
compiling stm32f4xx_hal_flash.c...
compiling stm32f4xx_hal_rcc_ex.c...
compiling stm32f4xx_hal.c...
compiling stm32f4xx_hal_pwr.c...
compiling stm32f4xx_hal_cortex.c...
compiling stm32f4xx_hal_i2c_ex.c...
compiling stm32f4xx_hal_exti.c...
compiling stm32f4xx_hal_pwr_ex.c...
compiling croutine.c...
compiling list.c...
compiling event_groups.c...
compiling stm32f4xx_hal_i2c.c...
compiling stream_buffer.c...
compiling queue.c...
compiling tasks.c...
compiling timers.c...
compiling heap_4.c...
compiling cmsis_os.c...
compiling port.c...
compiling MahonyAHRS.c...
..\components\algorithm\MahonyAHRS.c(152): warning:  #177-D: variable "halfvx"  was declared but never referenced
  	float halfvx, halfvy, halfvz;
..\components\algorithm\MahonyAHRS.c(152): warning:  #177-D: variable "halfvy"  was declared but never referenced
  	float halfvx, halfvy, halfvz;
..\components\algorithm\MahonyAHRS.c(152): warning:  #177-D: variable "halfvz"  was declared but never referenced
  	float halfvx, halfvy, halfvz;
..\components\algorithm\MahonyAHRS.c(153): warning:  #177-D: variable "halfex"  was declared but never referenced
  	float halfex, halfey, halfez;
..\components\algorithm\MahonyAHRS.c(153): warning:  #177-D: variable "halfey"  was declared but never referenced
  	float halfex, halfey, halfez;
..\components\algorithm\MahonyAHRS.c(153): warning:  #177-D: variable "halfez"  was declared but never referenced
  	float halfex, halfey, halfez;
..\components\algorithm\MahonyAHRS.c: 6 warnings, 0 errors
compiling user_lib.c...
compiling ControlAndEstimationAlgorithms.c...
..\components\controller\ControlAndEstimationAlgorithms\ControlAndEstimationAlgorithms.c(105): warning:  #1-D: last line of file ends without a newline
  }
..\components\controller\ControlAndEstimationAlgorithms\ControlAndEstimationAlgorithms.c(91): warning:  #177-D: variable "i"  was declared but never referenced
  	int i, j, k;
..\components\controller\ControlAndEstimationAlgorithms\ControlAndEstimationAlgorithms.c(91): warning:  #177-D: variable "j"  was declared but never referenced
  	int i, j, k;
..\components\controller\ControlAndEstimationAlgorithms\ControlAndEstimationAlgorithms.c(91): warning:  #177-D: variable "k"  was declared but never referenced
  	int i, j, k;
..\components\controller\ControlAndEstimationAlgorithms\ControlAndEstimationAlgorithms.c: 4 warnings, 0 errors
compiling MathUtilities.c...
..\components\controller\MathUtilities\MathUtilities.h(7): warning:  #1-D: last line of file ends without a newline
  #endif
..\components\controller\MathUtilities\MathUtilities.c(147): warning:  #1035-D: single-precision operand implicitly converted to double-precision
      det = 1.0 / det;
..\components\controller\MathUtilities\MathUtilities.c: 2 warnings, 0 errors
compiling ControlUtilities.c...
..\components\controller\ControlUtilities\ControlUtilities.h(11): warning:  #1-D: last line of file ends without a newline
  #endif
..\components\controller\ControlUtilities\ControlUtilities.c: 1 warning, 0 errors
compiling pid.c...
compiling stm32f4xx_hal_spi.c...
compiling stm32f4xx_hal_uart.c...
compiling BMI088driver.c...
compiling ist8310driver.c...
compiling GimbalControl.c...
..\components\controller\ControlUtilities\ControlUtilities.h(11): warning:  #1-D: last line of file ends without a newline
  #endif
..\components\controller\GimbalControl\GimbalControl.c(29): warning:  #223-D: function "osDelay" declared implicitly
  		osDelay(3000);					// wait 3 seconds before actually controlling the gimbal (can be better?)
..\components\controller\GimbalControl\GimbalControl.c: 2 warnings, 0 errors
compiling stm32f4xx_hal_tim_ex.c...
compiling stm32f4xx_hal_tim.c...
compiling ist8310driver_middleware.c...
compiling BMI088Middleware.c...
linking...
Program Size: Code=23620 RO-data=548 RW-data=228 ZI-data=18956  
"can\can.axf" - 0 Error(s), 22 Warning(s).

<h2>Software Packages used:</h2>

Package Vendor: ARM
                http://www.keil.com/pack/ARM.CMSIS.5.8.0.pack
                ARM.CMSIS.5.8.0
                CMSIS (Common Microcontroller Software Interface Standard)
   * Component: CORE Version: 5.5.0

Package Vendor: Keil
                http://www.keil.com/pack/Keil.STM32F4xx_DFP.2.15.0.pack
                Keil.STM32F4xx_DFP.2.15.0
                STMicroelectronics STM32F4 Series Device Support, Drivers and Examples

<h2>Collection of Component include folders:</h2>
  .\RTE\_final_robot
  C:\Users\Francesco\AppData\Local\Arm\Packs\ARM\CMSIS\5.8.0\CMSIS\Core\Include
  C:\Users\Francesco\AppData\Local\Arm\Packs\Keil\STM32F4xx_DFP\2.15.0\Drivers\CMSIS\Device\ST\STM32F4xx\Include

<h2>Collection of Component Files used:</h2>

   * Component: ARM::CMSIS:CORE:5.5.0
Build Time Elapsed:  00:01:11
</pre>
</body>
</html>
